Archive member included to satisfy reference by file (symbol)

../Librerias\libcoreArduinoUno.a(wiring.c.o)
                              LiquidCrystal.o (delayMicroseconds)
../Librerias\libcoreArduinoUno.a(wiring_digital.c.o)
                              LiquidCrystal.o (pinMode)
../Librerias\libcoreArduinoUno.a(HardwareSerial.cpp.o)
                              main.o (_ZN14HardwareSerial9availableEv)
../Librerias\libcoreArduinoUno.a(HardwareSerial0.cpp.o)
                              main.o (Serial)
../Librerias\libcoreArduinoUno.a(main.cpp.o)
                              C:/Program Files (x86)/Atmel/Studio/7.0/Packs/atmel/ATmega_DFP/1.2.209/gcc/dev/atmega328p/avr5/crtatmega328p.o (main)
../Librerias\libcoreArduinoUno.a(Print.cpp.o)
                              LiquidCrystal.o (_ZN5Print5writeEPKhj)
../Librerias\libcoreArduinoUno.a(hooks.c.o)
                              ../Librerias\libcoreArduinoUno.a(wiring.c.o) (yield)
../Librerias\libcoreArduinoUno.a(abi.cpp.o)
                              ../Librerias\libcoreArduinoUno.a(Print.cpp.o) (__cxa_pure_virtual)
c:/program files (x86)/atmel/studio/7.0/toolchain/avr8/avr8-gnu-toolchain/bin/../lib/gcc/avr/5.4.0/../../../../avr/lib/avr5\libm.a(addsf3.o)
                              ../Librerias\libcoreArduinoUno.a(Print.cpp.o) (__subsf3)
c:/program files (x86)/atmel/studio/7.0/toolchain/avr8/avr8-gnu-toolchain/bin/../lib/gcc/avr/5.4.0/../../../../avr/lib/avr5\libm.a(addsf3x.o)
                              c:/program files (x86)/atmel/studio/7.0/toolchain/avr8/avr8-gnu-toolchain/bin/../lib/gcc/avr/5.4.0/../../../../avr/lib/avr5\libm.a(addsf3.o) (__addsf3x)
c:/program files (x86)/atmel/studio/7.0/toolchain/avr8/avr8-gnu-toolchain/bin/../lib/gcc/avr/5.4.0/../../../../avr/lib/avr5\libm.a(cmpsf2.o)
                              ../Librerias\libcoreArduinoUno.a(Print.cpp.o) (__ltsf2)
c:/program files (x86)/atmel/studio/7.0/toolchain/avr8/avr8-gnu-toolchain/bin/../lib/gcc/avr/5.4.0/../../../../avr/lib/avr5\libm.a(divsf3.o)
                              ../Librerias\libcoreArduinoUno.a(Print.cpp.o) (__divsf3)
c:/program files (x86)/atmel/studio/7.0/toolchain/avr8/avr8-gnu-toolchain/bin/../lib/gcc/avr/5.4.0/../../../../avr/lib/avr5\libm.a(divsf3x.o)
                              c:/program files (x86)/atmel/studio/7.0/toolchain/avr8/avr8-gnu-toolchain/bin/../lib/gcc/avr/5.4.0/../../../../avr/lib/avr5\libm.a(divsf3.o) (__divsf3x)
c:/program files (x86)/atmel/studio/7.0/toolchain/avr8/avr8-gnu-toolchain/bin/../lib/gcc/avr/5.4.0/../../../../avr/lib/avr5\libm.a(fixsfsi.o)
                              ../Librerias\libcoreArduinoUno.a(Print.cpp.o) (__fixsfsi)
c:/program files (x86)/atmel/studio/7.0/toolchain/avr8/avr8-gnu-toolchain/bin/../lib/gcc/avr/5.4.0/../../../../avr/lib/avr5\libm.a(fixunssfsi.o)
                              ../Librerias\libcoreArduinoUno.a(Print.cpp.o) (__fixunssfsi)
c:/program files (x86)/atmel/studio/7.0/toolchain/avr8/avr8-gnu-toolchain/bin/../lib/gcc/avr/5.4.0/../../../../avr/lib/avr5\libm.a(floatsisf.o)
                              ../Librerias\libcoreArduinoUno.a(Print.cpp.o) (__floatunsisf)
c:/program files (x86)/atmel/studio/7.0/toolchain/avr8/avr8-gnu-toolchain/bin/../lib/gcc/avr/5.4.0/../../../../avr/lib/avr5\libm.a(fp_cmp.o)
                              c:/program files (x86)/atmel/studio/7.0/toolchain/avr8/avr8-gnu-toolchain/bin/../lib/gcc/avr/5.4.0/../../../../avr/lib/avr5\libm.a(cmpsf2.o) (__fp_cmp)
c:/program files (x86)/atmel/studio/7.0/toolchain/avr8/avr8-gnu-toolchain/bin/../lib/gcc/avr/5.4.0/../../../../avr/lib/avr5\libm.a(fp_inf.o)
                              c:/program files (x86)/atmel/studio/7.0/toolchain/avr8/avr8-gnu-toolchain/bin/../lib/gcc/avr/5.4.0/../../../../avr/lib/avr5\libm.a(addsf3x.o) (__fp_inf)
c:/program files (x86)/atmel/studio/7.0/toolchain/avr8/avr8-gnu-toolchain/bin/../lib/gcc/avr/5.4.0/../../../../avr/lib/avr5\libm.a(fp_nan.o)
                              c:/program files (x86)/atmel/studio/7.0/toolchain/avr8/avr8-gnu-toolchain/bin/../lib/gcc/avr/5.4.0/../../../../avr/lib/avr5\libm.a(addsf3x.o) (__fp_nan)
c:/program files (x86)/atmel/studio/7.0/toolchain/avr8/avr8-gnu-toolchain/bin/../lib/gcc/avr/5.4.0/../../../../avr/lib/avr5\libm.a(fp_pscA.o)
                              c:/program files (x86)/atmel/studio/7.0/toolchain/avr8/avr8-gnu-toolchain/bin/../lib/gcc/avr/5.4.0/../../../../avr/lib/avr5\libm.a(addsf3x.o) (__fp_pscA)
c:/program files (x86)/atmel/studio/7.0/toolchain/avr8/avr8-gnu-toolchain/bin/../lib/gcc/avr/5.4.0/../../../../avr/lib/avr5\libm.a(fp_pscB.o)
                              c:/program files (x86)/atmel/studio/7.0/toolchain/avr8/avr8-gnu-toolchain/bin/../lib/gcc/avr/5.4.0/../../../../avr/lib/avr5\libm.a(addsf3x.o) (__fp_pscB)
c:/program files (x86)/atmel/studio/7.0/toolchain/avr8/avr8-gnu-toolchain/bin/../lib/gcc/avr/5.4.0/../../../../avr/lib/avr5\libm.a(fp_round.o)
                              c:/program files (x86)/atmel/studio/7.0/toolchain/avr8/avr8-gnu-toolchain/bin/../lib/gcc/avr/5.4.0/../../../../avr/lib/avr5\libm.a(addsf3.o) (__fp_round)
c:/program files (x86)/atmel/studio/7.0/toolchain/avr8/avr8-gnu-toolchain/bin/../lib/gcc/avr/5.4.0/../../../../avr/lib/avr5\libm.a(fp_split3.o)
                              c:/program files (x86)/atmel/studio/7.0/toolchain/avr8/avr8-gnu-toolchain/bin/../lib/gcc/avr/5.4.0/../../../../avr/lib/avr5\libm.a(addsf3x.o) (__fp_split3)
c:/program files (x86)/atmel/studio/7.0/toolchain/avr8/avr8-gnu-toolchain/bin/../lib/gcc/avr/5.4.0/../../../../avr/lib/avr5\libm.a(fp_zero.o)
                              c:/program files (x86)/atmel/studio/7.0/toolchain/avr8/avr8-gnu-toolchain/bin/../lib/gcc/avr/5.4.0/../../../../avr/lib/avr5\libm.a(addsf3x.o) (__fp_zero)
c:/program files (x86)/atmel/studio/7.0/toolchain/avr8/avr8-gnu-toolchain/bin/../lib/gcc/avr/5.4.0/../../../../avr/lib/avr5\libm.a(gesf2.o)
                              ../Librerias\libcoreArduinoUno.a(Print.cpp.o) (__gtsf2)
c:/program files (x86)/atmel/studio/7.0/toolchain/avr8/avr8-gnu-toolchain/bin/../lib/gcc/avr/5.4.0/../../../../avr/lib/avr5\libm.a(mulsf3.o)
                              ../Librerias\libcoreArduinoUno.a(Print.cpp.o) (__mulsf3)
c:/program files (x86)/atmel/studio/7.0/toolchain/avr8/avr8-gnu-toolchain/bin/../lib/gcc/avr/5.4.0/../../../../avr/lib/avr5\libm.a(mulsf3x.o)
                              c:/program files (x86)/atmel/studio/7.0/toolchain/avr8/avr8-gnu-toolchain/bin/../lib/gcc/avr/5.4.0/../../../../avr/lib/avr5\libm.a(mulsf3.o) (__mulsf3x)
c:/program files (x86)/atmel/studio/7.0/toolchain/avr8/avr8-gnu-toolchain/bin/../lib/gcc/avr/5.4.0/../../../../avr/lib/avr5\libm.a(unordsf2.o)
                              ../Librerias\libcoreArduinoUno.a(Print.cpp.o) (__unordsf2)
c:/program files (x86)/atmel/studio/7.0/toolchain/avr8/avr8-gnu-toolchain/bin/../lib/gcc/avr/5.4.0/avr5\libgcc.a(_divmodhi4.o)
                              adc.o (__divmodhi4)
c:/program files (x86)/atmel/studio/7.0/toolchain/avr8/avr8-gnu-toolchain/bin/../lib/gcc/avr/5.4.0/avr5\libgcc.a(_udivmodsi4.o)
                              ../Librerias\libcoreArduinoUno.a(HardwareSerial.cpp.o) (__udivmodsi4)
c:/program files (x86)/atmel/studio/7.0/toolchain/avr8/avr8-gnu-toolchain/bin/../lib/gcc/avr/5.4.0/avr5\libgcc.a(_exit.o)
                              C:/Program Files (x86)/Atmel/Studio/7.0/Packs/atmel/ATmega_DFP/1.2.209/gcc/dev/atmega328p/avr5/crtatmega328p.o (exit)
c:/program files (x86)/atmel/studio/7.0/toolchain/avr8/avr8-gnu-toolchain/bin/../lib/gcc/avr/5.4.0/avr5\libgcc.a(_copy_data.o)
                              LiquidCrystal.o (__do_copy_data)
c:/program files (x86)/atmel/studio/7.0/toolchain/avr8/avr8-gnu-toolchain/bin/../lib/gcc/avr/5.4.0/avr5\libgcc.a(_clear_bss.o)
                              adc.o (__do_clear_bss)
c:/program files (x86)/atmel/studio/7.0/toolchain/avr8/avr8-gnu-toolchain/bin/../lib/gcc/avr/5.4.0/avr5\libgcc.a(_ctors.o)
                              main.o (__do_global_ctors)
c:/program files (x86)/atmel/studio/7.0/toolchain/avr8/avr8-gnu-toolchain/bin/../lib/gcc/avr/5.4.0/avr5\libgcc.a(_udivmodhi4.o)
                              c:/program files (x86)/atmel/studio/7.0/toolchain/avr8/avr8-gnu-toolchain/bin/../lib/gcc/avr/5.4.0/avr5\libgcc.a(_divmodhi4.o) (__udivmodhi4)
c:/program files (x86)/atmel/studio/7.0/toolchain/avr8/avr8-gnu-toolchain/bin/../lib/gcc/avr/5.4.0/avr5\libgcc.a(_tablejump2.o)
                              c:/program files (x86)/atmel/studio/7.0/toolchain/avr8/avr8-gnu-toolchain/bin/../lib/gcc/avr/5.4.0/avr5\libgcc.a(_ctors.o) (__tablejump2__)
c:/program files (x86)/atmel/studio/7.0/toolchain/avr8/avr8-gnu-toolchain/bin/../lib/gcc/avr/5.4.0/../../../../avr/lib/avr5\libc.a(abort.o)
                              ../Librerias\libcoreArduinoUno.a(abi.cpp.o) (abort)

Discarded input sections

 .data          0x00000000        0x0 C:/Program Files (x86)/Atmel/Studio/7.0/Packs/atmel/ATmega_DFP/1.2.209/gcc/dev/atmega328p/avr5/crtatmega328p.o
 .bss           0x00000000        0x0 C:/Program Files (x86)/Atmel/Studio/7.0/Packs/atmel/ATmega_DFP/1.2.209/gcc/dev/atmega328p/avr5/crtatmega328p.o
 .text          0x00000000        0x0 adc.o
 .data          0x00000000        0x0 adc.o
 .bss           0x00000000        0x0 adc.o
 .text          0x00000000        0x0 critical.o
 .data          0x00000000        0x0 critical.o
 .bss           0x00000000        0x0 critical.o
 .text          0x00000000        0x0 fnqueue.o
 .data          0x00000000        0x0 fnqueue.o
 .bss           0x00000000        0x0 fnqueue.o
 .group         0x00000000        0x8 LiquidCrystal.o
 .group         0x00000000        0x8 LiquidCrystal.o
 .group         0x00000000        0x8 LiquidCrystal.o
 .group         0x00000000        0x8 LiquidCrystal.o
 .text          0x00000000        0x0 LiquidCrystal.o
 .data          0x00000000        0x0 LiquidCrystal.o
 .bss           0x00000000        0x0 LiquidCrystal.o
 .text._ZN13LiquidCrystal13setRowOffsetsEiiii
                0x00000000       0x10 LiquidCrystal.o
 .text._ZN13LiquidCrystal4homeEv
                0x00000000       0x12 LiquidCrystal.o
 .text._ZN13LiquidCrystal9noDisplayEv
                0x00000000       0x12 LiquidCrystal.o
 .text._ZN13LiquidCrystal4initEhhhhhhhhhhhh
                0x00000000       0x5a LiquidCrystal.o
 .text._ZN13LiquidCrystalC2Ehhhhhhh
                0x00000000       0x44 LiquidCrystal.o
 .text._ZN13LiquidCrystalC2Ehhhhhhhhhh
                0x00000000       0x5c LiquidCrystal.o
 .text._ZN13LiquidCrystalC2Ehhhhhhhhhhh
                0x00000000       0x5c LiquidCrystal.o
 .text._ZN13LiquidCrystal8noCursorEv
                0x00000000       0x12 LiquidCrystal.o
 .text._ZN13LiquidCrystal6cursorEv
                0x00000000       0x14 LiquidCrystal.o
 .text._ZN13LiquidCrystal7noBlinkEv
                0x00000000       0x12 LiquidCrystal.o
 .text._ZN13LiquidCrystal5blinkEv
                0x00000000       0x14 LiquidCrystal.o
 .text._ZN13LiquidCrystal17scrollDisplayLeftEv
                0x00000000        0xa LiquidCrystal.o
 .text._ZN13LiquidCrystal18scrollDisplayRightEv
                0x00000000        0xa LiquidCrystal.o
 .text._ZN13LiquidCrystal11leftToRightEv
                0x00000000       0x14 LiquidCrystal.o
 .text._ZN13LiquidCrystal11rightToLeftEv
                0x00000000       0x12 LiquidCrystal.o
 .text._ZN13LiquidCrystal10autoscrollEv
                0x00000000       0x14 LiquidCrystal.o
 .text._ZN13LiquidCrystal12noAutoscrollEv
                0x00000000       0x12 LiquidCrystal.o
 .text._ZN13LiquidCrystal10createCharEhPh
                0x00000000       0x4e LiquidCrystal.o
 .text          0x00000000        0x0 main.o
 .data          0x00000000        0x0 main.o
 .bss           0x00000000        0x0 main.o
 .text          0x00000000        0x0 sensor.o
 .data          0x00000000        0x0 sensor.o
 .bss           0x00000000        0x0 sensor.o
 .text          0x00000000        0x0 ../Librerias\libcoreArduinoUno.a(wiring.c.o)
 .data          0x00000000        0x0 ../Librerias\libcoreArduinoUno.a(wiring.c.o)
 .bss           0x00000000        0x0 ../Librerias\libcoreArduinoUno.a(wiring.c.o)
 .text.millis   0x00000000       0x18 ../Librerias\libcoreArduinoUno.a(wiring.c.o)
 .text.micros   0x00000000       0x46 ../Librerias\libcoreArduinoUno.a(wiring.c.o)
 .text.delay    0x00000000       0x50 ../Librerias\libcoreArduinoUno.a(wiring.c.o)
 .text          0x00000000        0x0 ../Librerias\libcoreArduinoUno.a(wiring_digital.c.o)
 .data          0x00000000        0x0 ../Librerias\libcoreArduinoUno.a(wiring_digital.c.o)
 .bss           0x00000000        0x0 ../Librerias\libcoreArduinoUno.a(wiring_digital.c.o)
 .text.digitalRead
                0x00000000       0x52 ../Librerias\libcoreArduinoUno.a(wiring_digital.c.o)
 .progmem.data.port_to_input_PGM
                0x00000000        0xa ../Librerias\libcoreArduinoUno.a(wiring_digital.c.o)
 .group         0x00000000        0x8 ../Librerias\libcoreArduinoUno.a(HardwareSerial.cpp.o)
 .text          0x00000000        0x0 ../Librerias\libcoreArduinoUno.a(HardwareSerial.cpp.o)
 .data          0x00000000        0x0 ../Librerias\libcoreArduinoUno.a(HardwareSerial.cpp.o)
 .bss           0x00000000        0x0 ../Librerias\libcoreArduinoUno.a(HardwareSerial.cpp.o)
 .text._ZN14HardwareSerial3endEv
                0x00000000       0x38 ../Librerias\libcoreArduinoUno.a(HardwareSerial.cpp.o)
 .text._ZN14HardwareSerial17availableForWriteEv
                0x00000000       0x1e ../Librerias\libcoreArduinoUno.a(HardwareSerial.cpp.o)
 .text          0x00000000        0x0 ../Librerias\libcoreArduinoUno.a(HardwareSerial0.cpp.o)
 .data          0x00000000        0x0 ../Librerias\libcoreArduinoUno.a(HardwareSerial0.cpp.o)
 .bss           0x00000000        0x0 ../Librerias\libcoreArduinoUno.a(HardwareSerial0.cpp.o)
 .text          0x00000000        0x0 ../Librerias\libcoreArduinoUno.a(main.cpp.o)
 .data          0x00000000        0x0 ../Librerias\libcoreArduinoUno.a(main.cpp.o)
 .bss           0x00000000        0x0 ../Librerias\libcoreArduinoUno.a(main.cpp.o)
 .text.atexit   0x00000000        0x6 ../Librerias\libcoreArduinoUno.a(main.cpp.o)
 .group         0x00000000        0x8 ../Librerias\libcoreArduinoUno.a(Print.cpp.o)
 .group         0x00000000        0x8 ../Librerias\libcoreArduinoUno.a(Print.cpp.o)
 .text          0x00000000        0x0 ../Librerias\libcoreArduinoUno.a(Print.cpp.o)
 .data          0x00000000        0x0 ../Librerias\libcoreArduinoUno.a(Print.cpp.o)
 .bss           0x00000000        0x0 ../Librerias\libcoreArduinoUno.a(Print.cpp.o)
 .text._ZN5Print5printEPK19__FlashStringHelper
                0x00000000       0x4a ../Librerias\libcoreArduinoUno.a(Print.cpp.o)
 .text._ZN5Print5printERK6String
                0x00000000       0x1c ../Librerias\libcoreArduinoUno.a(Print.cpp.o)
 .text._ZN5Print5printERK9Printable
                0x00000000       0x14 ../Librerias\libcoreArduinoUno.a(Print.cpp.o)
 .text._ZN5Print7printlnEv
                0x00000000       0x28 ../Librerias\libcoreArduinoUno.a(Print.cpp.o)
 .text._ZN5Print7printlnEPK19__FlashStringHelper
                0x00000000       0x24 ../Librerias\libcoreArduinoUno.a(Print.cpp.o)
 .text._ZN5Print7printlnERK6String
                0x00000000       0x24 ../Librerias\libcoreArduinoUno.a(Print.cpp.o)
 .text._ZN5Print7printlnEPKc
                0x00000000       0x24 ../Librerias\libcoreArduinoUno.a(Print.cpp.o)
 .text._ZN5Print7printlnEc
                0x00000000       0x24 ../Librerias\libcoreArduinoUno.a(Print.cpp.o)
 .text._ZN5Print7printlnERK9Printable
                0x00000000       0x24 ../Librerias\libcoreArduinoUno.a(Print.cpp.o)
 .text._ZN5Print7printlnEii
                0x00000000       0x30 ../Librerias\libcoreArduinoUno.a(Print.cpp.o)
 .text._ZN5Print7printlnEli
                0x00000000       0x24 ../Librerias\libcoreArduinoUno.a(Print.cpp.o)
 .text._ZN5Print5printEmi
                0x00000000       0x1a ../Librerias\libcoreArduinoUno.a(Print.cpp.o)
 .text._ZN5Print5printEhi
                0x00000000        0xe ../Librerias\libcoreArduinoUno.a(Print.cpp.o)
 .text._ZN5Print7printlnEhi
                0x00000000       0x2e ../Librerias\libcoreArduinoUno.a(Print.cpp.o)
 .text._ZN5Print5printEji
                0x00000000        0xc ../Librerias\libcoreArduinoUno.a(Print.cpp.o)
 .text._ZN5Print7printlnEji
                0x00000000       0x2c ../Librerias\libcoreArduinoUno.a(Print.cpp.o)
 .text._ZN5Print7printlnEmi
                0x00000000       0x24 ../Librerias\libcoreArduinoUno.a(Print.cpp.o)
 .rodata.str1.1
                0x00000000        0xe ../Librerias\libcoreArduinoUno.a(Print.cpp.o)
 .text._ZN5Print10printFloatEdh
                0x00000000      0x1d6 ../Librerias\libcoreArduinoUno.a(Print.cpp.o)
 .text._ZN5Print5printEdi
                0x00000000        0x4 ../Librerias\libcoreArduinoUno.a(Print.cpp.o)
 .text._ZN5Print7printlnEdi
                0x00000000       0x24 ../Librerias\libcoreArduinoUno.a(Print.cpp.o)
 .rodata._ZTV5Print
                0x00000000        0x8 ../Librerias\libcoreArduinoUno.a(Print.cpp.o)
 .text          0x00000000        0x0 ../Librerias\libcoreArduinoUno.a(hooks.c.o)
 .data          0x00000000        0x0 ../Librerias\libcoreArduinoUno.a(hooks.c.o)
 .bss           0x00000000        0x0 ../Librerias\libcoreArduinoUno.a(hooks.c.o)
 .text.__empty  0x00000000        0x2 ../Librerias\libcoreArduinoUno.a(hooks.c.o)
 .debug_info    0x00000000       0x3a ../Librerias\libcoreArduinoUno.a(hooks.c.o)
 .debug_abbrev  0x00000000       0x28 ../Librerias\libcoreArduinoUno.a(hooks.c.o)
 .debug_aranges
                0x00000000       0x20 ../Librerias\libcoreArduinoUno.a(hooks.c.o)
 .debug_ranges  0x00000000       0x10 ../Librerias\libcoreArduinoUno.a(hooks.c.o)
 .debug_line    0x00000000       0x7a ../Librerias\libcoreArduinoUno.a(hooks.c.o)
 .debug_str     0x00000000       0x9b ../Librerias\libcoreArduinoUno.a(hooks.c.o)
 .comment       0x00000000       0x12 ../Librerias\libcoreArduinoUno.a(hooks.c.o)
 .debug_frame   0x00000000       0x24 ../Librerias\libcoreArduinoUno.a(hooks.c.o)
 .text          0x00000000        0x0 ../Librerias\libcoreArduinoUno.a(abi.cpp.o)
 .data          0x00000000        0x0 ../Librerias\libcoreArduinoUno.a(abi.cpp.o)
 .bss           0x00000000        0x0 ../Librerias\libcoreArduinoUno.a(abi.cpp.o)
 .text.__cxa_pure_virtual
                0x00000000        0x4 ../Librerias\libcoreArduinoUno.a(abi.cpp.o)
 .text.__cxa_deleted_virtual
                0x00000000        0x4 ../Librerias\libcoreArduinoUno.a(abi.cpp.o)
 .debug_info    0x00000000       0x8a ../Librerias\libcoreArduinoUno.a(abi.cpp.o)
 .debug_abbrev  0x00000000       0x5c ../Librerias\libcoreArduinoUno.a(abi.cpp.o)
 .debug_aranges
                0x00000000       0x28 ../Librerias\libcoreArduinoUno.a(abi.cpp.o)
 .debug_ranges  0x00000000       0x18 ../Librerias\libcoreArduinoUno.a(abi.cpp.o)
 .debug_line    0x00000000       0xd6 ../Librerias\libcoreArduinoUno.a(abi.cpp.o)
 .debug_str     0x00000000      0x122 ../Librerias\libcoreArduinoUno.a(abi.cpp.o)
 .comment       0x00000000       0x12 ../Librerias\libcoreArduinoUno.a(abi.cpp.o)
 .debug_frame   0x00000000       0x34 ../Librerias\libcoreArduinoUno.a(abi.cpp.o)
 .text          0x00000000        0x0 c:/program files (x86)/atmel/studio/7.0/toolchain/avr8/avr8-gnu-toolchain/bin/../lib/gcc/avr/5.4.0/../../../../avr/lib/avr5\libm.a(addsf3.o)
 .data          0x00000000        0x0 c:/program files (x86)/atmel/studio/7.0/toolchain/avr8/avr8-gnu-toolchain/bin/../lib/gcc/avr/5.4.0/../../../../avr/lib/avr5\libm.a(addsf3.o)
 .bss           0x00000000        0x0 c:/program files (x86)/atmel/studio/7.0/toolchain/avr8/avr8-gnu-toolchain/bin/../lib/gcc/avr/5.4.0/../../../../avr/lib/avr5\libm.a(addsf3.o)
 .text.avr-libc.fplib
                0x00000000        0xe c:/program files (x86)/atmel/studio/7.0/toolchain/avr8/avr8-gnu-toolchain/bin/../lib/gcc/avr/5.4.0/../../../../avr/lib/avr5\libm.a(addsf3.o)
 .text          0x00000000        0x0 c:/program files (x86)/atmel/studio/7.0/toolchain/avr8/avr8-gnu-toolchain/bin/../lib/gcc/avr/5.4.0/../../../../avr/lib/avr5\libm.a(addsf3x.o)
 .data          0x00000000        0x0 c:/program files (x86)/atmel/studio/7.0/toolchain/avr8/avr8-gnu-toolchain/bin/../lib/gcc/avr/5.4.0/../../../../avr/lib/avr5\libm.a(addsf3x.o)
 .bss           0x00000000        0x0 c:/program files (x86)/atmel/studio/7.0/toolchain/avr8/avr8-gnu-toolchain/bin/../lib/gcc/avr/5.4.0/../../../../avr/lib/avr5\libm.a(addsf3x.o)
 .text.avr-libc.fplib
                0x00000000       0xcc c:/program files (x86)/atmel/studio/7.0/toolchain/avr8/avr8-gnu-toolchain/bin/../lib/gcc/avr/5.4.0/../../../../avr/lib/avr5\libm.a(addsf3x.o)
 .text          0x00000000        0x0 c:/program files (x86)/atmel/studio/7.0/toolchain/avr8/avr8-gnu-toolchain/bin/../lib/gcc/avr/5.4.0/../../../../avr/lib/avr5\libm.a(cmpsf2.o)
 .data          0x00000000        0x0 c:/program files (x86)/atmel/studio/7.0/toolchain/avr8/avr8-gnu-toolchain/bin/../lib/gcc/avr/5.4.0/../../../../avr/lib/avr5\libm.a(cmpsf2.o)
 .bss           0x00000000        0x0 c:/program files (x86)/atmel/studio/7.0/toolchain/avr8/avr8-gnu-toolchain/bin/../lib/gcc/avr/5.4.0/../../../../avr/lib/avr5\libm.a(cmpsf2.o)
 .text.avr-libc.fplib
                0x00000000        0xa c:/program files (x86)/atmel/studio/7.0/toolchain/avr8/avr8-gnu-toolchain/bin/../lib/gcc/avr/5.4.0/../../../../avr/lib/avr5\libm.a(cmpsf2.o)
 .text          0x00000000        0x0 c:/program files (x86)/atmel/studio/7.0/toolchain/avr8/avr8-gnu-toolchain/bin/../lib/gcc/avr/5.4.0/../../../../avr/lib/avr5\libm.a(divsf3.o)
 .data          0x00000000        0x0 c:/program files (x86)/atmel/studio/7.0/toolchain/avr8/avr8-gnu-toolchain/bin/../lib/gcc/avr/5.4.0/../../../../avr/lib/avr5\libm.a(divsf3.o)
 .bss           0x00000000        0x0 c:/program files (x86)/atmel/studio/7.0/toolchain/avr8/avr8-gnu-toolchain/bin/../lib/gcc/avr/5.4.0/../../../../avr/lib/avr5\libm.a(divsf3.o)
 .text.avr-libc.fplib
                0x00000000        0x8 c:/program files (x86)/atmel/studio/7.0/toolchain/avr8/avr8-gnu-toolchain/bin/../lib/gcc/avr/5.4.0/../../../../avr/lib/avr5\libm.a(divsf3.o)
 .text          0x00000000        0x0 c:/program files (x86)/atmel/studio/7.0/toolchain/avr8/avr8-gnu-toolchain/bin/../lib/gcc/avr/5.4.0/../../../../avr/lib/avr5\libm.a(divsf3x.o)
 .data          0x00000000        0x0 c:/program files (x86)/atmel/studio/7.0/toolchain/avr8/avr8-gnu-toolchain/bin/../lib/gcc/avr/5.4.0/../../../../avr/lib/avr5\libm.a(divsf3x.o)
 .bss           0x00000000        0x0 c:/program files (x86)/atmel/studio/7.0/toolchain/avr8/avr8-gnu-toolchain/bin/../lib/gcc/avr/5.4.0/../../../../avr/lib/avr5\libm.a(divsf3x.o)
 .text.avr-libc.fplib
                0x00000000       0xdc c:/program files (x86)/atmel/studio/7.0/toolchain/avr8/avr8-gnu-toolchain/bin/../lib/gcc/avr/5.4.0/../../../../avr/lib/avr5\libm.a(divsf3x.o)
 .text          0x00000000        0x0 c:/program files (x86)/atmel/studio/7.0/toolchain/avr8/avr8-gnu-toolchain/bin/../lib/gcc/avr/5.4.0/../../../../avr/lib/avr5\libm.a(fixsfsi.o)
 .data          0x00000000        0x0 c:/program files (x86)/atmel/studio/7.0/toolchain/avr8/avr8-gnu-toolchain/bin/../lib/gcc/avr/5.4.0/../../../../avr/lib/avr5\libm.a(fixsfsi.o)
 .bss           0x00000000        0x0 c:/program files (x86)/atmel/studio/7.0/toolchain/avr8/avr8-gnu-toolchain/bin/../lib/gcc/avr/5.4.0/../../../../avr/lib/avr5\libm.a(fixsfsi.o)
 .text.avr-libc.fplib
                0x00000000        0xe c:/program files (x86)/atmel/studio/7.0/toolchain/avr8/avr8-gnu-toolchain/bin/../lib/gcc/avr/5.4.0/../../../../avr/lib/avr5\libm.a(fixsfsi.o)
 .text          0x00000000        0x0 c:/program files (x86)/atmel/studio/7.0/toolchain/avr8/avr8-gnu-toolchain/bin/../lib/gcc/avr/5.4.0/../../../../avr/lib/avr5\libm.a(fixunssfsi.o)
 .data          0x00000000        0x0 c:/program files (x86)/atmel/studio/7.0/toolchain/avr8/avr8-gnu-toolchain/bin/../lib/gcc/avr/5.4.0/../../../../avr/lib/avr5\libm.a(fixunssfsi.o)
 .bss           0x00000000        0x0 c:/program files (x86)/atmel/studio/7.0/toolchain/avr8/avr8-gnu-toolchain/bin/../lib/gcc/avr/5.4.0/../../../../avr/lib/avr5\libm.a(fixunssfsi.o)
 .text.avr-libc.fplib
                0x00000000       0x5e c:/program files (x86)/atmel/studio/7.0/toolchain/avr8/avr8-gnu-toolchain/bin/../lib/gcc/avr/5.4.0/../../../../avr/lib/avr5\libm.a(fixunssfsi.o)
 .text          0x00000000        0x0 c:/program files (x86)/atmel/studio/7.0/toolchain/avr8/avr8-gnu-toolchain/bin/../lib/gcc/avr/5.4.0/../../../../avr/lib/avr5\libm.a(floatsisf.o)
 .data          0x00000000        0x0 c:/program files (x86)/atmel/studio/7.0/toolchain/avr8/avr8-gnu-toolchain/bin/../lib/gcc/avr/5.4.0/../../../../avr/lib/avr5\libm.a(floatsisf.o)
 .bss           0x00000000        0x0 c:/program files (x86)/atmel/studio/7.0/toolchain/avr8/avr8-gnu-toolchain/bin/../lib/gcc/avr/5.4.0/../../../../avr/lib/avr5\libm.a(floatsisf.o)
 .text.avr-libc.fplib
                0x00000000       0x7a c:/program files (x86)/atmel/studio/7.0/toolchain/avr8/avr8-gnu-toolchain/bin/../lib/gcc/avr/5.4.0/../../../../avr/lib/avr5\libm.a(floatsisf.o)
 .text          0x00000000        0x0 c:/program files (x86)/atmel/studio/7.0/toolchain/avr8/avr8-gnu-toolchain/bin/../lib/gcc/avr/5.4.0/../../../../avr/lib/avr5\libm.a(fp_cmp.o)
 .data          0x00000000        0x0 c:/program files (x86)/atmel/studio/7.0/toolchain/avr8/avr8-gnu-toolchain/bin/../lib/gcc/avr/5.4.0/../../../../avr/lib/avr5\libm.a(fp_cmp.o)
 .bss           0x00000000        0x0 c:/program files (x86)/atmel/studio/7.0/toolchain/avr8/avr8-gnu-toolchain/bin/../lib/gcc/avr/5.4.0/../../../../avr/lib/avr5\libm.a(fp_cmp.o)
 .text.avr-libc.fplib
                0x00000000       0x48 c:/program files (x86)/atmel/studio/7.0/toolchain/avr8/avr8-gnu-toolchain/bin/../lib/gcc/avr/5.4.0/../../../../avr/lib/avr5\libm.a(fp_cmp.o)
 .text          0x00000000        0x0 c:/program files (x86)/atmel/studio/7.0/toolchain/avr8/avr8-gnu-toolchain/bin/../lib/gcc/avr/5.4.0/../../../../avr/lib/avr5\libm.a(fp_inf.o)
 .data          0x00000000        0x0 c:/program files (x86)/atmel/studio/7.0/toolchain/avr8/avr8-gnu-toolchain/bin/../lib/gcc/avr/5.4.0/../../../../avr/lib/avr5\libm.a(fp_inf.o)
 .bss           0x00000000        0x0 c:/program files (x86)/atmel/studio/7.0/toolchain/avr8/avr8-gnu-toolchain/bin/../lib/gcc/avr/5.4.0/../../../../avr/lib/avr5\libm.a(fp_inf.o)
 .text.avr-libc.fplib
                0x00000000        0xc c:/program files (x86)/atmel/studio/7.0/toolchain/avr8/avr8-gnu-toolchain/bin/../lib/gcc/avr/5.4.0/../../../../avr/lib/avr5\libm.a(fp_inf.o)
 .text          0x00000000        0x0 c:/program files (x86)/atmel/studio/7.0/toolchain/avr8/avr8-gnu-toolchain/bin/../lib/gcc/avr/5.4.0/../../../../avr/lib/avr5\libm.a(fp_nan.o)
 .data          0x00000000        0x0 c:/program files (x86)/atmel/studio/7.0/toolchain/avr8/avr8-gnu-toolchain/bin/../lib/gcc/avr/5.4.0/../../../../avr/lib/avr5\libm.a(fp_nan.o)
 .bss           0x00000000        0x0 c:/program files (x86)/atmel/studio/7.0/toolchain/avr8/avr8-gnu-toolchain/bin/../lib/gcc/avr/5.4.0/../../../../avr/lib/avr5\libm.a(fp_nan.o)
 .text.avr-libc.fplib
                0x00000000        0x6 c:/program files (x86)/atmel/studio/7.0/toolchain/avr8/avr8-gnu-toolchain/bin/../lib/gcc/avr/5.4.0/../../../../avr/lib/avr5\libm.a(fp_nan.o)
 .text          0x00000000        0x0 c:/program files (x86)/atmel/studio/7.0/toolchain/avr8/avr8-gnu-toolchain/bin/../lib/gcc/avr/5.4.0/../../../../avr/lib/avr5\libm.a(fp_pscA.o)
 .data          0x00000000        0x0 c:/program files (x86)/atmel/studio/7.0/toolchain/avr8/avr8-gnu-toolchain/bin/../lib/gcc/avr/5.4.0/../../../../avr/lib/avr5\libm.a(fp_pscA.o)
 .bss           0x00000000        0x0 c:/program files (x86)/atmel/studio/7.0/toolchain/avr8/avr8-gnu-toolchain/bin/../lib/gcc/avr/5.4.0/../../../../avr/lib/avr5\libm.a(fp_pscA.o)
 .text.avr-libc.fplib
                0x00000000        0xe c:/program files (x86)/atmel/studio/7.0/toolchain/avr8/avr8-gnu-toolchain/bin/../lib/gcc/avr/5.4.0/../../../../avr/lib/avr5\libm.a(fp_pscA.o)
 .text          0x00000000        0x0 c:/program files (x86)/atmel/studio/7.0/toolchain/avr8/avr8-gnu-toolchain/bin/../lib/gcc/avr/5.4.0/../../../../avr/lib/avr5\libm.a(fp_pscB.o)
 .data          0x00000000        0x0 c:/program files (x86)/atmel/studio/7.0/toolchain/avr8/avr8-gnu-toolchain/bin/../lib/gcc/avr/5.4.0/../../../../avr/lib/avr5\libm.a(fp_pscB.o)
 .bss           0x00000000        0x0 c:/program files (x86)/atmel/studio/7.0/toolchain/avr8/avr8-gnu-toolchain/bin/../lib/gcc/avr/5.4.0/../../../../avr/lib/avr5\libm.a(fp_pscB.o)
 .text.avr-libc.fplib
                0x00000000        0xe c:/program files (x86)/atmel/studio/7.0/toolchain/avr8/avr8-gnu-toolchain/bin/../lib/gcc/avr/5.4.0/../../../../avr/lib/avr5\libm.a(fp_pscB.o)
 .text          0x00000000        0x0 c:/program files (x86)/atmel/studio/7.0/toolchain/avr8/avr8-gnu-toolchain/bin/../lib/gcc/avr/5.4.0/../../../../avr/lib/avr5\libm.a(fp_round.o)
 .data          0x00000000        0x0 c:/program files (x86)/atmel/studio/7.0/toolchain/avr8/avr8-gnu-toolchain/bin/../lib/gcc/avr/5.4.0/../../../../avr/lib/avr5\libm.a(fp_round.o)
 .bss           0x00000000        0x0 c:/program files (x86)/atmel/studio/7.0/toolchain/avr8/avr8-gnu-toolchain/bin/../lib/gcc/avr/5.4.0/../../../../avr/lib/avr5\libm.a(fp_round.o)
 .text.avr-libc.fplib
                0x00000000       0x22 c:/program files (x86)/atmel/studio/7.0/toolchain/avr8/avr8-gnu-toolchain/bin/../lib/gcc/avr/5.4.0/../../../../avr/lib/avr5\libm.a(fp_round.o)
 .text          0x00000000        0x0 c:/program files (x86)/atmel/studio/7.0/toolchain/avr8/avr8-gnu-toolchain/bin/../lib/gcc/avr/5.4.0/../../../../avr/lib/avr5\libm.a(fp_split3.o)
 .data          0x00000000        0x0 c:/program files (x86)/atmel/studio/7.0/toolchain/avr8/avr8-gnu-toolchain/bin/../lib/gcc/avr/5.4.0/../../../../avr/lib/avr5\libm.a(fp_split3.o)
 .bss           0x00000000        0x0 c:/program files (x86)/atmel/studio/7.0/toolchain/avr8/avr8-gnu-toolchain/bin/../lib/gcc/avr/5.4.0/../../../../avr/lib/avr5\libm.a(fp_split3.o)
 .text.avr-libc.fplib
                0x00000000       0x44 c:/program files (x86)/atmel/studio/7.0/toolchain/avr8/avr8-gnu-toolchain/bin/../lib/gcc/avr/5.4.0/../../../../avr/lib/avr5\libm.a(fp_split3.o)
 .text          0x00000000        0x0 c:/program files (x86)/atmel/studio/7.0/toolchain/avr8/avr8-gnu-toolchain/bin/../lib/gcc/avr/5.4.0/../../../../avr/lib/avr5\libm.a(fp_zero.o)
 .data          0x00000000        0x0 c:/program files (x86)/atmel/studio/7.0/toolchain/avr8/avr8-gnu-toolchain/bin/../lib/gcc/avr/5.4.0/../../../../avr/lib/avr5\libm.a(fp_zero.o)
 .bss           0x00000000        0x0 c:/program files (x86)/atmel/studio/7.0/toolchain/avr8/avr8-gnu-toolchain/bin/../lib/gcc/avr/5.4.0/../../../../avr/lib/avr5\libm.a(fp_zero.o)
 .text.avr-libc.fplib
                0x00000000        0xe c:/program files (x86)/atmel/studio/7.0/toolchain/avr8/avr8-gnu-toolchain/bin/../lib/gcc/avr/5.4.0/../../../../avr/lib/avr5\libm.a(fp_zero.o)
 .text          0x00000000        0x0 c:/program files (x86)/atmel/studio/7.0/toolchain/avr8/avr8-gnu-toolchain/bin/../lib/gcc/avr/5.4.0/../../../../avr/lib/avr5\libm.a(gesf2.o)
 .data          0x00000000        0x0 c:/program files (x86)/atmel/studio/7.0/toolchain/avr8/avr8-gnu-toolchain/bin/../lib/gcc/avr/5.4.0/../../../../avr/lib/avr5\libm.a(gesf2.o)
 .bss           0x00000000        0x0 c:/program files (x86)/atmel/studio/7.0/toolchain/avr8/avr8-gnu-toolchain/bin/../lib/gcc/avr/5.4.0/../../../../avr/lib/avr5\libm.a(gesf2.o)
 .text.avr-libc.fplib
                0x00000000        0xa c:/program files (x86)/atmel/studio/7.0/toolchain/avr8/avr8-gnu-toolchain/bin/../lib/gcc/avr/5.4.0/../../../../avr/lib/avr5\libm.a(gesf2.o)
 .text          0x00000000        0x0 c:/program files (x86)/atmel/studio/7.0/toolchain/avr8/avr8-gnu-toolchain/bin/../lib/gcc/avr/5.4.0/../../../../avr/lib/avr5\libm.a(mulsf3.o)
 .data          0x00000000        0x0 c:/program files (x86)/atmel/studio/7.0/toolchain/avr8/avr8-gnu-toolchain/bin/../lib/gcc/avr/5.4.0/../../../../avr/lib/avr5\libm.a(mulsf3.o)
 .bss           0x00000000        0x0 c:/program files (x86)/atmel/studio/7.0/toolchain/avr8/avr8-gnu-toolchain/bin/../lib/gcc/avr/5.4.0/../../../../avr/lib/avr5\libm.a(mulsf3.o)
 .text.avr-libc.fplib
                0x00000000        0x8 c:/program files (x86)/atmel/studio/7.0/toolchain/avr8/avr8-gnu-toolchain/bin/../lib/gcc/avr/5.4.0/../../../../avr/lib/avr5\libm.a(mulsf3.o)
 .text          0x00000000        0x0 c:/program files (x86)/atmel/studio/7.0/toolchain/avr8/avr8-gnu-toolchain/bin/../lib/gcc/avr/5.4.0/../../../../avr/lib/avr5\libm.a(mulsf3x.o)
 .data          0x00000000        0x0 c:/program files (x86)/atmel/studio/7.0/toolchain/avr8/avr8-gnu-toolchain/bin/../lib/gcc/avr/5.4.0/../../../../avr/lib/avr5\libm.a(mulsf3x.o)
 .bss           0x00000000        0x0 c:/program files (x86)/atmel/studio/7.0/toolchain/avr8/avr8-gnu-toolchain/bin/../lib/gcc/avr/5.4.0/../../../../avr/lib/avr5\libm.a(mulsf3x.o)
 .text.avr-libc.fplib
                0x00000000       0xd2 c:/program files (x86)/atmel/studio/7.0/toolchain/avr8/avr8-gnu-toolchain/bin/../lib/gcc/avr/5.4.0/../../../../avr/lib/avr5\libm.a(mulsf3x.o)
 .text          0x00000000        0x0 c:/program files (x86)/atmel/studio/7.0/toolchain/avr8/avr8-gnu-toolchain/bin/../lib/gcc/avr/5.4.0/../../../../avr/lib/avr5\libm.a(unordsf2.o)
 .data          0x00000000        0x0 c:/program files (x86)/atmel/studio/7.0/toolchain/avr8/avr8-gnu-toolchain/bin/../lib/gcc/avr/5.4.0/../../../../avr/lib/avr5\libm.a(unordsf2.o)
 .bss           0x00000000        0x0 c:/program files (x86)/atmel/studio/7.0/toolchain/avr8/avr8-gnu-toolchain/bin/../lib/gcc/avr/5.4.0/../../../../avr/lib/avr5\libm.a(unordsf2.o)
 .text.avr-libc.fplib
                0x00000000        0xa c:/program files (x86)/atmel/studio/7.0/toolchain/avr8/avr8-gnu-toolchain/bin/../lib/gcc/avr/5.4.0/../../../../avr/lib/avr5\libm.a(unordsf2.o)
 .text          0x00000000        0x0 c:/program files (x86)/atmel/studio/7.0/toolchain/avr8/avr8-gnu-toolchain/bin/../lib/gcc/avr/5.4.0/avr5\libgcc.a(_divmodhi4.o)
 .data          0x00000000        0x0 c:/program files (x86)/atmel/studio/7.0/toolchain/avr8/avr8-gnu-toolchain/bin/../lib/gcc/avr/5.4.0/avr5\libgcc.a(_divmodhi4.o)
 .bss           0x00000000        0x0 c:/program files (x86)/atmel/studio/7.0/toolchain/avr8/avr8-gnu-toolchain/bin/../lib/gcc/avr/5.4.0/avr5\libgcc.a(_divmodhi4.o)
 .text.libgcc.mul
                0x00000000        0x0 c:/program files (x86)/atmel/studio/7.0/toolchain/avr8/avr8-gnu-toolchain/bin/../lib/gcc/avr/5.4.0/avr5\libgcc.a(_divmodhi4.o)
 .text.libgcc   0x00000000        0x0 c:/program files (x86)/atmel/studio/7.0/toolchain/avr8/avr8-gnu-toolchain/bin/../lib/gcc/avr/5.4.0/avr5\libgcc.a(_divmodhi4.o)
 .text.libgcc.prologue
                0x00000000        0x0 c:/program files (x86)/atmel/studio/7.0/toolchain/avr8/avr8-gnu-toolchain/bin/../lib/gcc/avr/5.4.0/avr5\libgcc.a(_divmodhi4.o)
 .text.libgcc.builtins
                0x00000000        0x0 c:/program files (x86)/atmel/studio/7.0/toolchain/avr8/avr8-gnu-toolchain/bin/../lib/gcc/avr/5.4.0/avr5\libgcc.a(_divmodhi4.o)
 .text.libgcc.fmul
                0x00000000        0x0 c:/program files (x86)/atmel/studio/7.0/toolchain/avr8/avr8-gnu-toolchain/bin/../lib/gcc/avr/5.4.0/avr5\libgcc.a(_divmodhi4.o)
 .text.libgcc.fixed
                0x00000000        0x0 c:/program files (x86)/atmel/studio/7.0/toolchain/avr8/avr8-gnu-toolchain/bin/../lib/gcc/avr/5.4.0/avr5\libgcc.a(_divmodhi4.o)
 .text          0x00000000        0x0 c:/program files (x86)/atmel/studio/7.0/toolchain/avr8/avr8-gnu-toolchain/bin/../lib/gcc/avr/5.4.0/avr5\libgcc.a(_udivmodsi4.o)
 .data          0x00000000        0x0 c:/program files (x86)/atmel/studio/7.0/toolchain/avr8/avr8-gnu-toolchain/bin/../lib/gcc/avr/5.4.0/avr5\libgcc.a(_udivmodsi4.o)
 .bss           0x00000000        0x0 c:/program files (x86)/atmel/studio/7.0/toolchain/avr8/avr8-gnu-toolchain/bin/../lib/gcc/avr/5.4.0/avr5\libgcc.a(_udivmodsi4.o)
 .text.libgcc.mul
                0x00000000        0x0 c:/program files (x86)/atmel/studio/7.0/toolchain/avr8/avr8-gnu-toolchain/bin/../lib/gcc/avr/5.4.0/avr5\libgcc.a(_udivmodsi4.o)
 .text.libgcc   0x00000000        0x0 c:/program files (x86)/atmel/studio/7.0/toolchain/avr8/avr8-gnu-toolchain/bin/../lib/gcc/avr/5.4.0/avr5\libgcc.a(_udivmodsi4.o)
 .text.libgcc.prologue
                0x00000000        0x0 c:/program files (x86)/atmel/studio/7.0/toolchain/avr8/avr8-gnu-toolchain/bin/../lib/gcc/avr/5.4.0/avr5\libgcc.a(_udivmodsi4.o)
 .text.libgcc.builtins
                0x00000000        0x0 c:/program files (x86)/atmel/studio/7.0/toolchain/avr8/avr8-gnu-toolchain/bin/../lib/gcc/avr/5.4.0/avr5\libgcc.a(_udivmodsi4.o)
 .text.libgcc.fmul
                0x00000000        0x0 c:/program files (x86)/atmel/studio/7.0/toolchain/avr8/avr8-gnu-toolchain/bin/../lib/gcc/avr/5.4.0/avr5\libgcc.a(_udivmodsi4.o)
 .text.libgcc.fixed
                0x00000000        0x0 c:/program files (x86)/atmel/studio/7.0/toolchain/avr8/avr8-gnu-toolchain/bin/../lib/gcc/avr/5.4.0/avr5\libgcc.a(_udivmodsi4.o)
 .text          0x00000000        0x0 c:/program files (x86)/atmel/studio/7.0/toolchain/avr8/avr8-gnu-toolchain/bin/../lib/gcc/avr/5.4.0/avr5\libgcc.a(_exit.o)
 .data          0x00000000        0x0 c:/program files (x86)/atmel/studio/7.0/toolchain/avr8/avr8-gnu-toolchain/bin/../lib/gcc/avr/5.4.0/avr5\libgcc.a(_exit.o)
 .bss           0x00000000        0x0 c:/program files (x86)/atmel/studio/7.0/toolchain/avr8/avr8-gnu-toolchain/bin/../lib/gcc/avr/5.4.0/avr5\libgcc.a(_exit.o)
 .text.libgcc.mul
                0x00000000        0x0 c:/program files (x86)/atmel/studio/7.0/toolchain/avr8/avr8-gnu-toolchain/bin/../lib/gcc/avr/5.4.0/avr5\libgcc.a(_exit.o)
 .text.libgcc.div
                0x00000000        0x0 c:/program files (x86)/atmel/studio/7.0/toolchain/avr8/avr8-gnu-toolchain/bin/../lib/gcc/avr/5.4.0/avr5\libgcc.a(_exit.o)
 .text.libgcc   0x00000000        0x0 c:/program files (x86)/atmel/studio/7.0/toolchain/avr8/avr8-gnu-toolchain/bin/../lib/gcc/avr/5.4.0/avr5\libgcc.a(_exit.o)
 .text.libgcc.prologue
                0x00000000        0x0 c:/program files (x86)/atmel/studio/7.0/toolchain/avr8/avr8-gnu-toolchain/bin/../lib/gcc/avr/5.4.0/avr5\libgcc.a(_exit.o)
 .text.libgcc.builtins
                0x00000000        0x0 c:/program files (x86)/atmel/studio/7.0/toolchain/avr8/avr8-gnu-toolchain/bin/../lib/gcc/avr/5.4.0/avr5\libgcc.a(_exit.o)
 .text.libgcc.fmul
                0x00000000        0x0 c:/program files (x86)/atmel/studio/7.0/toolchain/avr8/avr8-gnu-toolchain/bin/../lib/gcc/avr/5.4.0/avr5\libgcc.a(_exit.o)
 .text.libgcc.fixed
                0x00000000        0x0 c:/program files (x86)/atmel/studio/7.0/toolchain/avr8/avr8-gnu-toolchain/bin/../lib/gcc/avr/5.4.0/avr5\libgcc.a(_exit.o)
 .text          0x00000000        0x0 c:/program files (x86)/atmel/studio/7.0/toolchain/avr8/avr8-gnu-toolchain/bin/../lib/gcc/avr/5.4.0/avr5\libgcc.a(_copy_data.o)
 .data          0x00000000        0x0 c:/program files (x86)/atmel/studio/7.0/toolchain/avr8/avr8-gnu-toolchain/bin/../lib/gcc/avr/5.4.0/avr5\libgcc.a(_copy_data.o)
 .bss           0x00000000        0x0 c:/program files (x86)/atmel/studio/7.0/toolchain/avr8/avr8-gnu-toolchain/bin/../lib/gcc/avr/5.4.0/avr5\libgcc.a(_copy_data.o)
 .text.libgcc.mul
                0x00000000        0x0 c:/program files (x86)/atmel/studio/7.0/toolchain/avr8/avr8-gnu-toolchain/bin/../lib/gcc/avr/5.4.0/avr5\libgcc.a(_copy_data.o)
 .text.libgcc.div
                0x00000000        0x0 c:/program files (x86)/atmel/studio/7.0/toolchain/avr8/avr8-gnu-toolchain/bin/../lib/gcc/avr/5.4.0/avr5\libgcc.a(_copy_data.o)
 .text.libgcc   0x00000000        0x0 c:/program files (x86)/atmel/studio/7.0/toolchain/avr8/avr8-gnu-toolchain/bin/../lib/gcc/avr/5.4.0/avr5\libgcc.a(_copy_data.o)
 .text.libgcc.prologue
                0x00000000        0x0 c:/program files (x86)/atmel/studio/7.0/toolchain/avr8/avr8-gnu-toolchain/bin/../lib/gcc/avr/5.4.0/avr5\libgcc.a(_copy_data.o)
 .text.libgcc.builtins
                0x00000000        0x0 c:/program files (x86)/atmel/studio/7.0/toolchain/avr8/avr8-gnu-toolchain/bin/../lib/gcc/avr/5.4.0/avr5\libgcc.a(_copy_data.o)
 .text.libgcc.fmul
                0x00000000        0x0 c:/program files (x86)/atmel/studio/7.0/toolchain/avr8/avr8-gnu-toolchain/bin/../lib/gcc/avr/5.4.0/avr5\libgcc.a(_copy_data.o)
 .text.libgcc.fixed
                0x00000000        0x0 c:/program files (x86)/atmel/studio/7.0/toolchain/avr8/avr8-gnu-toolchain/bin/../lib/gcc/avr/5.4.0/avr5\libgcc.a(_copy_data.o)
 .text          0x00000000        0x0 c:/program files (x86)/atmel/studio/7.0/toolchain/avr8/avr8-gnu-toolchain/bin/../lib/gcc/avr/5.4.0/avr5\libgcc.a(_clear_bss.o)
 .data          0x00000000        0x0 c:/program files (x86)/atmel/studio/7.0/toolchain/avr8/avr8-gnu-toolchain/bin/../lib/gcc/avr/5.4.0/avr5\libgcc.a(_clear_bss.o)
 .bss           0x00000000        0x0 c:/program files (x86)/atmel/studio/7.0/toolchain/avr8/avr8-gnu-toolchain/bin/../lib/gcc/avr/5.4.0/avr5\libgcc.a(_clear_bss.o)
 .text.libgcc.mul
                0x00000000        0x0 c:/program files (x86)/atmel/studio/7.0/toolchain/avr8/avr8-gnu-toolchain/bin/../lib/gcc/avr/5.4.0/avr5\libgcc.a(_clear_bss.o)
 .text.libgcc.div
                0x00000000        0x0 c:/program files (x86)/atmel/studio/7.0/toolchain/avr8/avr8-gnu-toolchain/bin/../lib/gcc/avr/5.4.0/avr5\libgcc.a(_clear_bss.o)
 .text.libgcc   0x00000000        0x0 c:/program files (x86)/atmel/studio/7.0/toolchain/avr8/avr8-gnu-toolchain/bin/../lib/gcc/avr/5.4.0/avr5\libgcc.a(_clear_bss.o)
 .text.libgcc.prologue
                0x00000000        0x0 c:/program files (x86)/atmel/studio/7.0/toolchain/avr8/avr8-gnu-toolchain/bin/../lib/gcc/avr/5.4.0/avr5\libgcc.a(_clear_bss.o)
 .text.libgcc.builtins
                0x00000000        0x0 c:/program files (x86)/atmel/studio/7.0/toolchain/avr8/avr8-gnu-toolchain/bin/../lib/gcc/avr/5.4.0/avr5\libgcc.a(_clear_bss.o)
 .text.libgcc.fmul
                0x00000000        0x0 c:/program files (x86)/atmel/studio/7.0/toolchain/avr8/avr8-gnu-toolchain/bin/../lib/gcc/avr/5.4.0/avr5\libgcc.a(_clear_bss.o)
 .text.libgcc.fixed
                0x00000000        0x0 c:/program files (x86)/atmel/studio/7.0/toolchain/avr8/avr8-gnu-toolchain/bin/../lib/gcc/avr/5.4.0/avr5\libgcc.a(_clear_bss.o)
 .text          0x00000000        0x0 c:/program files (x86)/atmel/studio/7.0/toolchain/avr8/avr8-gnu-toolchain/bin/../lib/gcc/avr/5.4.0/avr5\libgcc.a(_ctors.o)
 .data          0x00000000        0x0 c:/program files (x86)/atmel/studio/7.0/toolchain/avr8/avr8-gnu-toolchain/bin/../lib/gcc/avr/5.4.0/avr5\libgcc.a(_ctors.o)
 .bss           0x00000000        0x0 c:/program files (x86)/atmel/studio/7.0/toolchain/avr8/avr8-gnu-toolchain/bin/../lib/gcc/avr/5.4.0/avr5\libgcc.a(_ctors.o)
 .text.libgcc.mul
                0x00000000        0x0 c:/program files (x86)/atmel/studio/7.0/toolchain/avr8/avr8-gnu-toolchain/bin/../lib/gcc/avr/5.4.0/avr5\libgcc.a(_ctors.o)
 .text.libgcc.div
                0x00000000        0x0 c:/program files (x86)/atmel/studio/7.0/toolchain/avr8/avr8-gnu-toolchain/bin/../lib/gcc/avr/5.4.0/avr5\libgcc.a(_ctors.o)
 .text.libgcc   0x00000000        0x0 c:/program files (x86)/atmel/studio/7.0/toolchain/avr8/avr8-gnu-toolchain/bin/../lib/gcc/avr/5.4.0/avr5\libgcc.a(_ctors.o)
 .text.libgcc.prologue
                0x00000000        0x0 c:/program files (x86)/atmel/studio/7.0/toolchain/avr8/avr8-gnu-toolchain/bin/../lib/gcc/avr/5.4.0/avr5\libgcc.a(_ctors.o)
 .text.libgcc.builtins
                0x00000000        0x0 c:/program files (x86)/atmel/studio/7.0/toolchain/avr8/avr8-gnu-toolchain/bin/../lib/gcc/avr/5.4.0/avr5\libgcc.a(_ctors.o)
 .text.libgcc.fmul
                0x00000000        0x0 c:/program files (x86)/atmel/studio/7.0/toolchain/avr8/avr8-gnu-toolchain/bin/../lib/gcc/avr/5.4.0/avr5\libgcc.a(_ctors.o)
 .text.libgcc.fixed
                0x00000000        0x0 c:/program files (x86)/atmel/studio/7.0/toolchain/avr8/avr8-gnu-toolchain/bin/../lib/gcc/avr/5.4.0/avr5\libgcc.a(_ctors.o)
 .text          0x00000000        0x0 c:/program files (x86)/atmel/studio/7.0/toolchain/avr8/avr8-gnu-toolchain/bin/../lib/gcc/avr/5.4.0/avr5\libgcc.a(_udivmodhi4.o)
 .data          0x00000000        0x0 c:/program files (x86)/atmel/studio/7.0/toolchain/avr8/avr8-gnu-toolchain/bin/../lib/gcc/avr/5.4.0/avr5\libgcc.a(_udivmodhi4.o)
 .bss           0x00000000        0x0 c:/program files (x86)/atmel/studio/7.0/toolchain/avr8/avr8-gnu-toolchain/bin/../lib/gcc/avr/5.4.0/avr5\libgcc.a(_udivmodhi4.o)
 .text.libgcc.mul
                0x00000000        0x0 c:/program files (x86)/atmel/studio/7.0/toolchain/avr8/avr8-gnu-toolchain/bin/../lib/gcc/avr/5.4.0/avr5\libgcc.a(_udivmodhi4.o)
 .text.libgcc   0x00000000        0x0 c:/program files (x86)/atmel/studio/7.0/toolchain/avr8/avr8-gnu-toolchain/bin/../lib/gcc/avr/5.4.0/avr5\libgcc.a(_udivmodhi4.o)
 .text.libgcc.prologue
                0x00000000        0x0 c:/program files (x86)/atmel/studio/7.0/toolchain/avr8/avr8-gnu-toolchain/bin/../lib/gcc/avr/5.4.0/avr5\libgcc.a(_udivmodhi4.o)
 .text.libgcc.builtins
                0x00000000        0x0 c:/program files (x86)/atmel/studio/7.0/toolchain/avr8/avr8-gnu-toolchain/bin/../lib/gcc/avr/5.4.0/avr5\libgcc.a(_udivmodhi4.o)
 .text.libgcc.fmul
                0x00000000        0x0 c:/program files (x86)/atmel/studio/7.0/toolchain/avr8/avr8-gnu-toolchain/bin/../lib/gcc/avr/5.4.0/avr5\libgcc.a(_udivmodhi4.o)
 .text.libgcc.fixed
                0x00000000        0x0 c:/program files (x86)/atmel/studio/7.0/toolchain/avr8/avr8-gnu-toolchain/bin/../lib/gcc/avr/5.4.0/avr5\libgcc.a(_udivmodhi4.o)
 .text          0x00000000        0x0 c:/program files (x86)/atmel/studio/7.0/toolchain/avr8/avr8-gnu-toolchain/bin/../lib/gcc/avr/5.4.0/avr5\libgcc.a(_tablejump2.o)
 .data          0x00000000        0x0 c:/program files (x86)/atmel/studio/7.0/toolchain/avr8/avr8-gnu-toolchain/bin/../lib/gcc/avr/5.4.0/avr5\libgcc.a(_tablejump2.o)
 .bss           0x00000000        0x0 c:/program files (x86)/atmel/studio/7.0/toolchain/avr8/avr8-gnu-toolchain/bin/../lib/gcc/avr/5.4.0/avr5\libgcc.a(_tablejump2.o)
 .text.libgcc.mul
                0x00000000        0x0 c:/program files (x86)/atmel/studio/7.0/toolchain/avr8/avr8-gnu-toolchain/bin/../lib/gcc/avr/5.4.0/avr5\libgcc.a(_tablejump2.o)
 .text.libgcc.div
                0x00000000        0x0 c:/program files (x86)/atmel/studio/7.0/toolchain/avr8/avr8-gnu-toolchain/bin/../lib/gcc/avr/5.4.0/avr5\libgcc.a(_tablejump2.o)
 .text.libgcc.prologue
                0x00000000        0x0 c:/program files (x86)/atmel/studio/7.0/toolchain/avr8/avr8-gnu-toolchain/bin/../lib/gcc/avr/5.4.0/avr5\libgcc.a(_tablejump2.o)
 .text.libgcc.builtins
                0x00000000        0x0 c:/program files (x86)/atmel/studio/7.0/toolchain/avr8/avr8-gnu-toolchain/bin/../lib/gcc/avr/5.4.0/avr5\libgcc.a(_tablejump2.o)
 .text.libgcc.fmul
                0x00000000        0x0 c:/program files (x86)/atmel/studio/7.0/toolchain/avr8/avr8-gnu-toolchain/bin/../lib/gcc/avr/5.4.0/avr5\libgcc.a(_tablejump2.o)
 .text.libgcc.fixed
                0x00000000        0x0 c:/program files (x86)/atmel/studio/7.0/toolchain/avr8/avr8-gnu-toolchain/bin/../lib/gcc/avr/5.4.0/avr5\libgcc.a(_tablejump2.o)
 .text          0x00000000        0x0 c:/program files (x86)/atmel/studio/7.0/toolchain/avr8/avr8-gnu-toolchain/bin/../lib/gcc/avr/5.4.0/../../../../avr/lib/avr5\libc.a(abort.o)
 .data          0x00000000        0x0 c:/program files (x86)/atmel/studio/7.0/toolchain/avr8/avr8-gnu-toolchain/bin/../lib/gcc/avr/5.4.0/../../../../avr/lib/avr5\libc.a(abort.o)
 .bss           0x00000000        0x0 c:/program files (x86)/atmel/studio/7.0/toolchain/avr8/avr8-gnu-toolchain/bin/../lib/gcc/avr/5.4.0/../../../../avr/lib/avr5\libc.a(abort.o)
 .text.avr-libc
                0x00000000        0xa c:/program files (x86)/atmel/studio/7.0/toolchain/avr8/avr8-gnu-toolchain/bin/../lib/gcc/avr/5.4.0/../../../../avr/lib/avr5\libc.a(abort.o)

Memory Configuration

Name             Origin             Length             Attributes
text             0x00000000         0x00020000         xr
data             0x00800060         0x0000ffa0         rw !x
eeprom           0x00810000         0x00010000         rw !x
fuse             0x00820000         0x00000003         rw !x
lock             0x00830000         0x00000400         rw !x
signature        0x00840000         0x00000400         rw !x
user_signatures  0x00850000         0x00000400         rw !x
*default*        0x00000000         0xffffffff

Linker script and memory map

Address of section .data set to 0x800100
LOAD C:/Program Files (x86)/Atmel/Studio/7.0/Packs/atmel/ATmega_DFP/1.2.209/gcc/dev/atmega328p/avr5/crtatmega328p.o
LOAD adc.o
LOAD critical.o
LOAD fnqueue.o
LOAD LiquidCrystal.o
LOAD main.o
LOAD sensor.o
START GROUP
LOAD c:/program files (x86)/atmel/studio/7.0/toolchain/avr8/avr8-gnu-toolchain/bin/../lib/gcc/avr/5.4.0/../../../../avr/lib/avr5\libm.a
LOAD ../Librerias\libcoreArduinoUno.a
END GROUP
LOAD c:/program files (x86)/atmel/studio/7.0/toolchain/avr8/avr8-gnu-toolchain/bin/../lib/gcc/avr/5.4.0/avr5\libgcc.a
LOAD c:/program files (x86)/atmel/studio/7.0/toolchain/avr8/avr8-gnu-toolchain/bin/../lib/gcc/avr/5.4.0/../../../../avr/lib/avr5\libm.a
START GROUP
LOAD c:/program files (x86)/atmel/studio/7.0/toolchain/avr8/avr8-gnu-toolchain/bin/../lib/gcc/avr/5.4.0/avr5\libgcc.a
LOAD c:/program files (x86)/atmel/studio/7.0/toolchain/avr8/avr8-gnu-toolchain/bin/../lib/gcc/avr/5.4.0/../../../../avr/lib/avr5\libm.a
LOAD c:/program files (x86)/atmel/studio/7.0/toolchain/avr8/avr8-gnu-toolchain/bin/../lib/gcc/avr/5.4.0/../../../../avr/lib/avr5\libc.a
LOAD C:/Program Files (x86)/Atmel/Studio/7.0/Packs/atmel/ATmega_DFP/1.2.209/gcc/dev/atmega328p/avr5\libatmega328p.a
END GROUP
                0x00020000                __TEXT_REGION_LENGTH__ = DEFINED (__TEXT_REGION_LENGTH__)?__TEXT_REGION_LENGTH__:0x20000
                0x0000ffa0                __DATA_REGION_LENGTH__ = DEFINED (__DATA_REGION_LENGTH__)?__DATA_REGION_LENGTH__:0xffa0
                0x00010000                __EEPROM_REGION_LENGTH__ = DEFINED (__EEPROM_REGION_LENGTH__)?__EEPROM_REGION_LENGTH__:0x10000
                [0x00000003]                __FUSE_REGION_LENGTH__ = DEFINED (__FUSE_REGION_LENGTH__)?__FUSE_REGION_LENGTH__:0x400
                0x00000400                __LOCK_REGION_LENGTH__ = DEFINED (__LOCK_REGION_LENGTH__)?__LOCK_REGION_LENGTH__:0x400
                0x00000400                __SIGNATURE_REGION_LENGTH__ = DEFINED (__SIGNATURE_REGION_LENGTH__)?__SIGNATURE_REGION_LENGTH__:0x400
                0x00000400                __USER_SIGNATURE_REGION_LENGTH__ = DEFINED (__USER_SIGNATURE_REGION_LENGTH__)?__USER_SIGNATURE_REGION_LENGTH__:0x400

.hash
 *(.hash)

.dynsym
 *(.dynsym)

.dynstr
 *(.dynstr)

.gnu.version
 *(.gnu.version)

.gnu.version_d
 *(.gnu.version_d)

.gnu.version_r
 *(.gnu.version_r)

.rel.init
 *(.rel.init)

.rela.init
 *(.rela.init)

.rel.text
 *(.rel.text)
 *(.rel.text.*)
 *(.rel.gnu.linkonce.t*)

.rela.text
 *(.rela.text)
 *(.rela.text.*)
 *(.rela.gnu.linkonce.t*)

.rel.fini
 *(.rel.fini)

.rela.fini
 *(.rela.fini)

.rel.rodata
 *(.rel.rodata)
 *(.rel.rodata.*)
 *(.rel.gnu.linkonce.r*)

.rela.rodata
 *(.rela.rodata)
 *(.rela.rodata.*)
 *(.rela.gnu.linkonce.r*)

.rel.data
 *(.rel.data)
 *(.rel.data.*)
 *(.rel.gnu.linkonce.d*)

.rela.data
 *(.rela.data)
 *(.rela.data.*)
 *(.rela.gnu.linkonce.d*)

.rel.ctors
 *(.rel.ctors)

.rela.ctors
 *(.rela.ctors)

.rel.dtors
 *(.rel.dtors)

.rela.dtors
 *(.rela.dtors)

.rel.got
 *(.rel.got)

.rela.got
 *(.rela.got)

.rel.bss
 *(.rel.bss)

.rela.bss
 *(.rela.bss)

.rel.plt
 *(.rel.plt)

.rela.plt
 *(.rela.plt)

.text           0x00000000     0x1604
 *(.vectors)
 .vectors       0x00000000       0x68 C:/Program Files (x86)/Atmel/Studio/7.0/Packs/atmel/ATmega_DFP/1.2.209/gcc/dev/atmega328p/avr5/crtatmega328p.o
                0x00000000                __vector_default
                0x00000000                __vectors
 *(.vectors)
 *(.progmem.gcc*)
                0x00000068                . = ALIGN (0x2)
                0x00000068                __trampolines_start = .
 *(.trampolines)
 .trampolines   0x00000068        0x0 linker stubs
 *(.trampolines*)
                0x00000068                __trampolines_end = .
 *libprintf_flt.a:*(.progmem.data)
 *libc.a:*(.progmem.data)
 *(.progmem*)
 .progmem.data.digital_pin_to_timer_PGM
                0x00000068       0x14 ../Librerias\libcoreArduinoUno.a(wiring_digital.c.o)
                0x00000068                digital_pin_to_timer_PGM
 .progmem.data.digital_pin_to_bit_mask_PGM
                0x0000007c       0x14 ../Librerias\libcoreArduinoUno.a(wiring_digital.c.o)
                0x0000007c                digital_pin_to_bit_mask_PGM
 .progmem.data.digital_pin_to_port_PGM
                0x00000090       0x14 ../Librerias\libcoreArduinoUno.a(wiring_digital.c.o)
                0x00000090                digital_pin_to_port_PGM
 .progmem.data.port_to_output_PGM
                0x000000a4        0xa ../Librerias\libcoreArduinoUno.a(wiring_digital.c.o)
                0x000000a4                port_to_output_PGM
 .progmem.data.port_to_mode_PGM
                0x000000ae        0xa ../Librerias\libcoreArduinoUno.a(wiring_digital.c.o)
                0x000000ae                port_to_mode_PGM
                0x000000b8                . = ALIGN (0x2)
 *(.jumptables)
 *(.jumptables*)
 *(.lowtext)
 *(.lowtext*)
                0x000000b8                __ctors_start = .
 *(.ctors)
 .ctors         0x000000b8        0x2 main.o
 .ctors         0x000000ba        0x2 ../Librerias\libcoreArduinoUno.a(HardwareSerial0.cpp.o)
                0x000000bc                __ctors_end = .
                0x000000bc                __dtors_start = .
 *(.dtors)
                0x000000bc                __dtors_end = .
 SORT(*)(.ctors)
 SORT(*)(.dtors)
 *(.init0)
 .init0         0x000000bc        0x0 C:/Program Files (x86)/Atmel/Studio/7.0/Packs/atmel/ATmega_DFP/1.2.209/gcc/dev/atmega328p/avr5/crtatmega328p.o
                0x000000bc                __init
 *(.init0)
 *(.init1)
 *(.init1)
 *(.init2)
 .init2         0x000000bc        0xc C:/Program Files (x86)/Atmel/Studio/7.0/Packs/atmel/ATmega_DFP/1.2.209/gcc/dev/atmega328p/avr5/crtatmega328p.o
 *(.init2)
 *(.init3)
 *(.init3)
 *(.init4)
 .init4         0x000000c8       0x16 c:/program files (x86)/atmel/studio/7.0/toolchain/avr8/avr8-gnu-toolchain/bin/../lib/gcc/avr/5.4.0/avr5\libgcc.a(_copy_data.o)
                0x000000c8                __do_copy_data
 .init4         0x000000de       0x10 c:/program files (x86)/atmel/studio/7.0/toolchain/avr8/avr8-gnu-toolchain/bin/../lib/gcc/avr/5.4.0/avr5\libgcc.a(_clear_bss.o)
                0x000000de                __do_clear_bss
 *(.init4)
 *(.init5)
 *(.init5)
 *(.init6)
 .init6         0x000000ee       0x16 c:/program files (x86)/atmel/studio/7.0/toolchain/avr8/avr8-gnu-toolchain/bin/../lib/gcc/avr/5.4.0/avr5\libgcc.a(_ctors.o)
                0x000000ee                __do_global_ctors
 *(.init6)
 *(.init7)
 *(.init7)
 *(.init8)
 *(.init8)
 *(.init9)
 .init9         0x00000104        0x8 C:/Program Files (x86)/Atmel/Studio/7.0/Packs/atmel/ATmega_DFP/1.2.209/gcc/dev/atmega328p/avr5/crtatmega328p.o
 *(.init9)
 *(.text)
 .text          0x0000010c        0x4 C:/Program Files (x86)/Atmel/Studio/7.0/Packs/atmel/ATmega_DFP/1.2.209/gcc/dev/atmega328p/avr5/crtatmega328p.o
                0x0000010c                __vector_22
                0x0000010c                __vector_1
                0x0000010c                __vector_24
                0x0000010c                __vector_12
                0x0000010c                __bad_interrupt
                0x0000010c                __vector_6
                0x0000010c                __vector_3
                0x0000010c                __vector_23
                0x0000010c                __vector_25
                0x0000010c                __vector_11
                0x0000010c                __vector_13
                0x0000010c                __vector_17
                0x0000010c                __vector_7
                0x0000010c                __vector_5
                0x0000010c                __vector_4
                0x0000010c                __vector_2
                0x0000010c                __vector_15
                0x0000010c                __vector_8
                0x0000010c                __vector_14
                0x0000010c                __vector_10
                0x0000010c                __vector_20
                0x00000110                . = ALIGN (0x2)
 *(.text.*)
 .text._Z14llamarCallbackv
                0x00000110       0x32 adc.o
                0x00000110                _Z14llamarCallbackv
 .text._Z8adc_initP7adc_cfg
                0x00000142      0x142 adc.o
                0x00000142                _Z8adc_initP7adc_cfg
 .text.__vector_21
                0x00000284      0x166 adc.o
                0x00000284                __vector_21
 .text._Z14critical_beginv
                0x000003ea       0x48 critical.o
                0x000003ea                _Z14critical_beginv
 .text._Z12critical_endv
                0x00000432       0x3c critical.o
                0x00000432                _Z12critical_endv
 .text._Z12fnqueue_initv
                0x0000046e       0x10 fnqueue.o
                0x0000046e                _Z12fnqueue_initv
 .text._Z11fnqueue_runv
                0x0000047e       0x58 fnqueue.o
                0x0000047e                _Z11fnqueue_runv
 .text._Z11fnqueue_addPFvvE
                0x000004d6       0x54 fnqueue.o
                0x000004d6                _Z11fnqueue_addPFvvE
 .text._ZN5Print17availableForWriteEv
                0x0000052a        0x6 LiquidCrystal.o
                0x0000052a                _ZN5Print17availableForWriteEv
 .text._ZN5Print5flushEv
                0x00000530        0x2 LiquidCrystal.o
                0x00000530                _ZN5Print5flushEv
 .text._ZN13LiquidCrystal11pulseEnableEv
                0x00000532       0x3c LiquidCrystal.o
                0x00000532                _ZN13LiquidCrystal11pulseEnableEv
 .text._ZN13LiquidCrystal10write4bitsEh
                0x0000056e       0x5a LiquidCrystal.o
                0x0000056e                _ZN13LiquidCrystal10write4bitsEh
 .text._ZN13LiquidCrystal10write8bitsEh
                0x000005c8       0x5a LiquidCrystal.o
                0x000005c8                _ZN13LiquidCrystal10write8bitsEh
 .text._ZN13LiquidCrystal4sendEhh
                0x00000622       0x58 LiquidCrystal.o
                0x00000622                _ZN13LiquidCrystal4sendEhh
 .text._ZN13LiquidCrystal5clearEv
                0x0000067a       0x12 LiquidCrystal.o
                0x0000067a                _ZN13LiquidCrystal5clearEv
 .text._ZN13LiquidCrystal9setCursorEhh
                0x0000068c       0x2a LiquidCrystal.o
                0x0000068c                _ZN13LiquidCrystal9setCursorEhh
 .text._ZN13LiquidCrystal7displayEv
                0x000006b6       0x14 LiquidCrystal.o
                0x000006b6                _ZN13LiquidCrystal7displayEv
 .text._ZN13LiquidCrystal5beginEhhh
                0x000006ca      0x176 LiquidCrystal.o
                0x000006ca                _ZN13LiquidCrystal5beginEhhh
 .text._ZN13LiquidCrystalC2Ehhhhhh
                0x00000840       0x42 LiquidCrystal.o
                0x00000840                _ZN13LiquidCrystalC1Ehhhhhh
                0x00000840                _ZN13LiquidCrystalC2Ehhhhhh
 .text._ZN13LiquidCrystal5writeEh
                0x00000882        0xc LiquidCrystal.o
                0x00000882                _ZN13LiquidCrystal5writeEh
 .text._Z11guardarTempa
                0x0000088e       0x3e main.o
                0x0000088e                _Z11guardarTempa
 .text._Z17updateCurrentTempv
                0x000008cc        0xa main.o
                0x000008cc                _Z17updateCurrentTempv
 .text._Z17updateAverageTempv
                0x000008d6       0x48 main.o
                0x000008d6                _Z17updateAverageTempv
 .text._Z13updateMaxTempv
                0x0000091e       0x38 main.o
                0x0000091e                _Z13updateMaxTempv
 .text._Z13updateMinTempv
                0x00000956       0x38 main.o
                0x00000956                _Z13updateMinTempv
 .text._Z14tomar_medicioni
                0x0000098e       0x1e main.o
                0x0000098e                _Z14tomar_medicioni
 .text._Z15showCurrentTempv
                0x000009ac       0x3c main.o
                0x000009ac                _Z15showCurrentTempv
 .text._Z15showAverageTempv
                0x000009e8       0x3c main.o
                0x000009e8                _Z15showAverageTempv
 .text._Z11showMaxTempv
                0x00000a24       0x3c main.o
                0x00000a24                _Z11showMaxTempv
 .text._Z11showMinTempv
                0x00000a60       0x3c main.o
                0x00000a60                _Z11showMinTempv
 .text._Z11enviarDatosv
                0x00000a9c       0x96 main.o
                0x00000a9c                _Z11enviarDatosv
 .text.setup    0x00000b32       0x9a main.o
                0x00000b32                setup
 .text.loop     0x00000bcc        0x6 main.o
                0x00000bcc                loop
 .text.__vector_9
                0x00000bd2       0x7a main.o
                0x00000bd2                __vector_9
 .text._GLOBAL__sub_I_lcd
                0x00000c4c       0x2e main.o
 .text._Z14recibirComandov
                0x00000c7a       0x4a main.o
                0x00000c7a                _Z14recibirComandov
 .text._Z13procesarTimerv
                0x00000cc4        0xa main.o
                0x00000cc4                _Z13procesarTimerv
 .text._Z19procesar_adc_sensorv
                0x00000cce       0x2e sensor.o
                0x00000cce                _Z19procesar_adc_sensorv
 .text._Z15sensor_callbackj
                0x00000cfc       0x12 sensor.o
                0x00000cfc                _Z15sensor_callbackj
 .text._Z12sensor_setupPFviE
                0x00000d0e       0x2c sensor.o
                0x00000d0e                _Z12sensor_setupPFviE
 .text.__vector_16
                0x00000d3a       0x94 ../Librerias\libcoreArduinoUno.a(wiring.c.o)
                0x00000d3a                __vector_16
 .text.delayMicroseconds
                0x00000dce       0x14 ../Librerias\libcoreArduinoUno.a(wiring.c.o)
                0x00000dce                delayMicroseconds
 .text.init     0x00000de2       0x76 ../Librerias\libcoreArduinoUno.a(wiring.c.o)
                0x00000de2                init
 .text.turnOffPWM
                0x00000e58       0x52 ../Librerias\libcoreArduinoUno.a(wiring_digital.c.o)
 .text.pinMode  0x00000eaa       0x72 ../Librerias\libcoreArduinoUno.a(wiring_digital.c.o)
                0x00000eaa                pinMode
 .text.digitalWrite
                0x00000f1c       0x6c ../Librerias\libcoreArduinoUno.a(wiring_digital.c.o)
                0x00000f1c                digitalWrite
 .text._ZN14HardwareSerial9availableEv
                0x00000f88       0x16 ../Librerias\libcoreArduinoUno.a(HardwareSerial.cpp.o)
                0x00000f88                _ZN14HardwareSerial9availableEv
 .text._ZN14HardwareSerial4peekEv
                0x00000f9e       0x1c ../Librerias\libcoreArduinoUno.a(HardwareSerial.cpp.o)
                0x00000f9e                _ZN14HardwareSerial4peekEv
 .text._ZN14HardwareSerial4readEv
                0x00000fba       0x28 ../Librerias\libcoreArduinoUno.a(HardwareSerial.cpp.o)
                0x00000fba                _ZN14HardwareSerial4readEv
 .text._Z14serialEventRunv
                0x00000fe2       0x1c ../Librerias\libcoreArduinoUno.a(HardwareSerial.cpp.o)
                0x00000fe2                _Z14serialEventRunv
 .text._ZN14HardwareSerial17_tx_udr_empty_irqEv
                0x00000ffe       0x42 ../Librerias\libcoreArduinoUno.a(HardwareSerial.cpp.o)
                0x00000ffe                _ZN14HardwareSerial17_tx_udr_empty_irqEv
 .text._ZN14HardwareSerial5flushEv
                0x00001040       0x44 ../Librerias\libcoreArduinoUno.a(HardwareSerial.cpp.o)
                0x00001040                _ZN14HardwareSerial5flushEv
 .text._ZN14HardwareSerial5writeEh
                0x00001084       0xca ../Librerias\libcoreArduinoUno.a(HardwareSerial.cpp.o)
                0x00001084                _ZN14HardwareSerial5writeEh
 .text._ZN14HardwareSerial5beginEmh
                0x0000114e       0xc4 ../Librerias\libcoreArduinoUno.a(HardwareSerial.cpp.o)
                0x0000114e                _ZN14HardwareSerial5beginEmh
 .text.__vector_18
                0x00001212       0x64 ../Librerias\libcoreArduinoUno.a(HardwareSerial0.cpp.o)
                0x00001212                __vector_18
 .text.__vector_19
                0x00001276       0x4c ../Librerias\libcoreArduinoUno.a(HardwareSerial0.cpp.o)
                0x00001276                __vector_19
 .text._Z17Serial0_availablev
                0x000012c2       0x14 ../Librerias\libcoreArduinoUno.a(HardwareSerial0.cpp.o)
                0x000012c2                _Z17Serial0_availablev
 .text.startup._GLOBAL__sub_I___vector_18
                0x000012d6       0x86 ../Librerias\libcoreArduinoUno.a(HardwareSerial0.cpp.o)
 .text.initVariant
                0x0000135c        0x2 ../Librerias\libcoreArduinoUno.a(main.cpp.o)
                0x0000135c                initVariant
 .text.startup.main
                0x0000135e       0x1e ../Librerias\libcoreArduinoUno.a(main.cpp.o)
                0x0000135e                main
 .text._ZN5Print5writeEPKhj
                0x0000137c       0x50 ../Librerias\libcoreArduinoUno.a(Print.cpp.o)
                0x0000137c                _ZN5Print5writeEPKhj
 .text._ZN5Print5writeEPKc
                0x000013cc       0x2c ../Librerias\libcoreArduinoUno.a(Print.cpp.o)
                0x000013cc                _ZN5Print5writeEPKc
 .text._ZN5Print5printEPKc
                0x000013f8        0x4 ../Librerias\libcoreArduinoUno.a(Print.cpp.o)
                0x000013f8                _ZN5Print5printEPKc
 .text._ZN5Print5printEc
                0x000013fc        0xe ../Librerias\libcoreArduinoUno.a(Print.cpp.o)
                0x000013fc                _ZN5Print5printEc
 .text._ZN5Print11printNumberEmh
                0x0000140a       0xb2 ../Librerias\libcoreArduinoUno.a(Print.cpp.o)
                0x0000140a                _ZN5Print11printNumberEmh
 .text._ZN5Print5printEli
                0x000014bc       0x94 ../Librerias\libcoreArduinoUno.a(Print.cpp.o)
                0x000014bc                _ZN5Print5printEli
 .text._ZN5Print5printEii
                0x00001550       0x10 ../Librerias\libcoreArduinoUno.a(Print.cpp.o)
                0x00001550                _ZN5Print5printEii
 .text.libgcc.div
                0x00001560       0x28 c:/program files (x86)/atmel/studio/7.0/toolchain/avr8/avr8-gnu-toolchain/bin/../lib/gcc/avr/5.4.0/avr5\libgcc.a(_divmodhi4.o)
                0x00001560                _div
                0x00001560                __divmodhi4
 .text.libgcc.div
                0x00001588       0x44 c:/program files (x86)/atmel/studio/7.0/toolchain/avr8/avr8-gnu-toolchain/bin/../lib/gcc/avr/5.4.0/avr5\libgcc.a(_udivmodsi4.o)
                0x00001588                __udivmodsi4
 .text.libgcc.div
                0x000015cc       0x28 c:/program files (x86)/atmel/studio/7.0/toolchain/avr8/avr8-gnu-toolchain/bin/../lib/gcc/avr/5.4.0/avr5\libgcc.a(_udivmodhi4.o)
                0x000015cc                __udivmodhi4
 .text.libgcc   0x000015f4        0xc c:/program files (x86)/atmel/studio/7.0/toolchain/avr8/avr8-gnu-toolchain/bin/../lib/gcc/avr/5.4.0/avr5\libgcc.a(_tablejump2.o)
                0x000015f4                __tablejump2__
                0x00001600                . = ALIGN (0x2)
 *(.fini9)
 .fini9         0x00001600        0x0 c:/program files (x86)/atmel/studio/7.0/toolchain/avr8/avr8-gnu-toolchain/bin/../lib/gcc/avr/5.4.0/avr5\libgcc.a(_exit.o)
                0x00001600                _exit
                0x00001600                exit
 *(.fini9)
 *(.fini8)
 *(.fini8)
 *(.fini7)
 *(.fini7)
 *(.fini6)
 *(.fini6)
 *(.fini5)
 *(.fini5)
 *(.fini4)
 *(.fini4)
 *(.fini3)
 *(.fini3)
 *(.fini2)
 *(.fini2)
 *(.fini1)
 *(.fini1)
 *(.fini0)
 .fini0         0x00001600        0x4 c:/program files (x86)/atmel/studio/7.0/toolchain/avr8/avr8-gnu-toolchain/bin/../lib/gcc/avr/5.4.0/avr5\libgcc.a(_exit.o)
 *(.fini0)
                0x00001604                _etext = .

.data           0x00800100       0x8a load address 0x00001604
                0x00800100                PROVIDE (__data_start, .)
 *(.data)
 *(.data*)
 .data._ZL7tempMin
                0x00800100        0x1 main.o
 *(.gnu.linkonce.d*)
 *(.rodata)
 *(.rodata*)
 .rodata._ZTV13LiquidCrystal
                0x00800101        0xc LiquidCrystal.o
                0x00800101                _ZTV13LiquidCrystal
 .rodata.str1.1
                0x0080010d       0x6c main.o
 .rodata._ZTV14HardwareSerial
                0x00800179       0x10 ../Librerias\libcoreArduinoUno.a(HardwareSerial.cpp.o)
                0x00800179                _ZTV14HardwareSerial
 *(.gnu.linkonce.r*)
                0x0080018a                . = ALIGN (0x2)
 *fill*         0x00800189        0x1 
                0x0080018a                _edata = .
                0x0080018a                PROVIDE (__data_end, .)

.bss            0x0080018a      0x20c
                0x0080018a                PROVIDE (__bss_start, .)
 *(.bss)
 *(.bss*)
 .bss.i         0x0080018a        0x1 adc.o
                0x0080018a                i
 .bss.valor_leido
                0x0080018b        0x2 adc.o
                0x0080018b                valor_leido
 .bss.seteados  0x0080018d        0x6 adc.o
                0x0080018d                seteados
 .bss.canales   0x00800193       0x3c adc.o
                0x00800193                canales
 .bss.contador  0x008001cf        0x1 adc.o
                0x008001cf                contador
 .bss.fnLlamar  0x008001d0        0x1 adc.o
                0x008001d0                fnLlamar
 .bss.canalConvirtiendo
                0x008001d1        0x1 adc.o
                0x008001d1                canalConvirtiendo
 .bss.iniciado  0x008001d2        0x1 adc.o
                0x008001d2                iniciado
 .bss._ZL11anidamiento
                0x008001d3        0x2 critical.o
 .bss._ZL13fnqueue_count
                0x008001d5        0x1 fnqueue.o
 .bss._ZL12fnqueue_tail
                0x008001d6        0x1 fnqueue.o
 .bss._ZL12fnqueue_head
                0x008001d7        0x1 fnqueue.o
 .bss._ZL17fnqueue_functions
                0x008001d8       0x20 fnqueue.o
 .bss.lcd       0x008001f8       0x18 main.o
                0x008001f8                lcd
 .bss._ZL8timerOvf
                0x00800210        0x1 main.o
 .bss._ZL13indiceArreglo
                0x00800211        0x1 main.o
 .bss._ZL9cantTemps
                0x00800212        0x1 main.o
 .bss._ZL12tempPromedio
                0x00800213        0x1 main.o
 .bss._ZL7tempMax
                0x00800214        0x1 main.o
 .bss._ZL10tempActual
                0x00800215        0x1 main.o
 .bss._ZL5temps
                0x00800216       0xc8 main.o
 .bss._ZL17temperaturaMedida
                0x008002de        0x2 main.o
 .bss._ZL8contador
                0x008002e0        0x2 main.o
 .bss.callback_sensor
                0x008002e2        0x2 sensor.o
                0x008002e2                callback_sensor
 .bss._ZL6config
                0x008002e4        0xa sensor.o
 .bss._ZL9analogVal
                0x008002ee        0x2 sensor.o
 .bss.timer0_fract
                0x008002f0        0x1 ../Librerias\libcoreArduinoUno.a(wiring.c.o)
 .bss.timer0_millis
                0x008002f1        0x4 ../Librerias\libcoreArduinoUno.a(wiring.c.o)
                0x008002f1                timer0_millis
 .bss.timer0_overflow_count
                0x008002f5        0x4 ../Librerias\libcoreArduinoUno.a(wiring.c.o)
                0x008002f5                timer0_overflow_count
 .bss.Serial    0x008002f9       0x9d ../Librerias\libcoreArduinoUno.a(HardwareSerial0.cpp.o)
                0x008002f9                Serial
 *(COMMON)
                0x00800396                PROVIDE (__bss_end, .)
                0x00001604                __data_load_start = LOADADDR (.data)
                0x0000168e                __data_load_end = (__data_load_start + SIZEOF (.data))

.noinit         0x00800396        0x0
                [!provide]                PROVIDE (__noinit_start, .)
 *(.noinit*)
                [!provide]                PROVIDE (__noinit_end, .)
                0x00800396                _end = .
                [!provide]                PROVIDE (__heap_start, .)

.eeprom         0x00810000        0x0
 *(.eeprom*)
                0x00810000                __eeprom_end = .

.fuse
 *(.fuse)
 *(.lfuse)
 *(.hfuse)
 *(.efuse)

.lock
 *(.lock*)

.signature
 *(.signature*)

.user_signatures
 *(.user_signatures*)

.stab
 *(.stab)

.stabstr
 *(.stabstr)

.stab.excl
 *(.stab.excl)

.stab.exclstr
 *(.stab.exclstr)

.stab.index
 *(.stab.index)

.stab.indexstr
 *(.stab.indexstr)

.comment        0x00000000       0x41
 *(.comment)
 .comment       0x00000000       0x30 adc.o
                                 0x31 (size before relaxing)
 .comment       0x00000030       0x31 critical.o
 .comment       0x00000030       0x31 fnqueue.o
 .comment       0x00000030       0x31 LiquidCrystal.o
 .comment       0x00000030       0x31 main.o
 .comment       0x00000030       0x31 sensor.o
 .comment       0x00000030       0x11 ../Librerias\libcoreArduinoUno.a(wiring.c.o)
                                 0x12 (size before relaxing)
 .comment       0x00000041       0x12 ../Librerias\libcoreArduinoUno.a(wiring_digital.c.o)
 .comment       0x00000041       0x12 ../Librerias\libcoreArduinoUno.a(HardwareSerial.cpp.o)
 .comment       0x00000041       0x12 ../Librerias\libcoreArduinoUno.a(HardwareSerial0.cpp.o)
 .comment       0x00000041       0x12 ../Librerias\libcoreArduinoUno.a(main.cpp.o)
 .comment       0x00000041       0x12 ../Librerias\libcoreArduinoUno.a(Print.cpp.o)

.note.gnu.avr.deviceinfo
                0x00000000       0x40
 .note.gnu.avr.deviceinfo
                0x00000000       0x40 C:/Program Files (x86)/Atmel/Studio/7.0/Packs/atmel/ATmega_DFP/1.2.209/gcc/dev/atmega328p/avr5/crtatmega328p.o

.note.gnu.build-id
 *(.note.gnu.build-id)

.debug
 *(.debug)

.line
 *(.line)

.debug_srcinfo
 *(.debug_srcinfo)

.debug_sfnames
 *(.debug_sfnames)

.debug_aranges  0x00000000      0x4a0
 *(.debug_aranges)
 .debug_aranges
                0x00000000       0x30 adc.o
 .debug_aranges
                0x00000030       0x28 critical.o
 .debug_aranges
                0x00000058       0x30 fnqueue.o
 .debug_aranges
                0x00000088      0x108 LiquidCrystal.o
 .debug_aranges
                0x00000190       0xa0 main.o
 .debug_aranges
                0x00000230       0x30 sensor.o
 .debug_aranges
                0x00000260       0x48 ../Librerias\libcoreArduinoUno.a(wiring.c.o)
 .debug_aranges
                0x000002a8       0x38 ../Librerias\libcoreArduinoUno.a(wiring_digital.c.o)
 .debug_aranges
                0x000002e0       0x68 ../Librerias\libcoreArduinoUno.a(HardwareSerial.cpp.o)
 .debug_aranges
                0x00000348       0x38 ../Librerias\libcoreArduinoUno.a(HardwareSerial0.cpp.o)
 .debug_aranges
                0x00000380       0x30 ../Librerias\libcoreArduinoUno.a(main.cpp.o)
 .debug_aranges
                0x000003b0       0xf0 ../Librerias\libcoreArduinoUno.a(Print.cpp.o)

.debug_pubnames
 *(.debug_pubnames)

.debug_info     0x00000000     0x9b1b
 *(.debug_info .gnu.linkonce.wi.*)
 .debug_info    0x00000000      0x5f4 C:/Program Files (x86)/Atmel/Studio/7.0/Packs/atmel/ATmega_DFP/1.2.209/gcc/dev/atmega328p/avr5/crtatmega328p.o
 .debug_info    0x000005f4      0x30e adc.o
 .debug_info    0x00000902       0xd9 critical.o
 .debug_info    0x000009db      0x1b8 fnqueue.o
 .debug_info    0x00000b93     0x1e89 LiquidCrystal.o
 .debug_info    0x00002a1c      0xcfa main.o
 .debug_info    0x00003716      0x1f8 sensor.o
 .debug_info    0x0000390e      0x2c2 ../Librerias\libcoreArduinoUno.a(wiring.c.o)
 .debug_info    0x00003bd0      0x5f1 ../Librerias\libcoreArduinoUno.a(wiring_digital.c.o)
 .debug_info    0x000041c1     0x1a60 ../Librerias\libcoreArduinoUno.a(HardwareSerial.cpp.o)
 .debug_info    0x00005c21     0x1679 ../Librerias\libcoreArduinoUno.a(HardwareSerial0.cpp.o)
 .debug_info    0x0000729a      0x1f0 ../Librerias\libcoreArduinoUno.a(main.cpp.o)
 .debug_info    0x0000748a     0x2691 ../Librerias\libcoreArduinoUno.a(Print.cpp.o)

.debug_abbrev   0x00000000     0x1e69
 *(.debug_abbrev)
 .debug_abbrev  0x00000000      0x5a2 C:/Program Files (x86)/Atmel/Studio/7.0/Packs/atmel/ATmega_DFP/1.2.209/gcc/dev/atmega328p/avr5/crtatmega328p.o
 .debug_abbrev  0x000005a2      0x16a adc.o
 .debug_abbrev  0x0000070c       0x6a critical.o
 .debug_abbrev  0x00000776       0xfb fnqueue.o
 .debug_abbrev  0x00000871      0x35e LiquidCrystal.o
 .debug_abbrev  0x00000bcf      0x2af main.o
 .debug_abbrev  0x00000e7e      0x132 sensor.o
 .debug_abbrev  0x00000fb0      0x143 ../Librerias\libcoreArduinoUno.a(wiring.c.o)
 .debug_abbrev  0x000010f3      0x162 ../Librerias\libcoreArduinoUno.a(wiring_digital.c.o)
 .debug_abbrev  0x00001255      0x3db ../Librerias\libcoreArduinoUno.a(HardwareSerial.cpp.o)
 .debug_abbrev  0x00001630      0x33d ../Librerias\libcoreArduinoUno.a(HardwareSerial0.cpp.o)
 .debug_abbrev  0x0000196d       0xd7 ../Librerias\libcoreArduinoUno.a(main.cpp.o)
 .debug_abbrev  0x00001a44      0x425 ../Librerias\libcoreArduinoUno.a(Print.cpp.o)

.debug_line     0x00000000     0x2441
 *(.debug_line .debug_line.* .debug_line_end)
 .debug_line    0x00000000      0x133 C:/Program Files (x86)/Atmel/Studio/7.0/Packs/atmel/ATmega_DFP/1.2.209/gcc/dev/atmega328p/avr5/crtatmega328p.o
 .debug_line    0x00000133      0x305 adc.o
 .debug_line    0x00000438      0x11f critical.o
 .debug_line    0x00000557      0x15f fnqueue.o
 .debug_line    0x000006b6      0x8f5 LiquidCrystal.o
 .debug_line    0x00000fab      0x536 main.o
 .debug_line    0x000014e1      0x11e sensor.o
 .debug_line    0x000015ff      0x1d3 ../Librerias\libcoreArduinoUno.a(wiring.c.o)
 .debug_line    0x000017d2      0x199 ../Librerias\libcoreArduinoUno.a(wiring_digital.c.o)
 .debug_line    0x0000196b      0x2e8 ../Librerias\libcoreArduinoUno.a(HardwareSerial.cpp.o)
 .debug_line    0x00001c53      0x238 ../Librerias\libcoreArduinoUno.a(HardwareSerial0.cpp.o)
 .debug_line    0x00001e8b      0x16b ../Librerias\libcoreArduinoUno.a(main.cpp.o)
 .debug_line    0x00001ff6      0x44b ../Librerias\libcoreArduinoUno.a(Print.cpp.o)

.debug_frame    0x00000000      0xd48
 *(.debug_frame)
 .debug_frame   0x00000000       0x90 adc.o
 .debug_frame   0x00000090       0x34 critical.o
 .debug_frame   0x000000c4       0x50 fnqueue.o
 .debug_frame   0x00000114      0x358 LiquidCrystal.o
 .debug_frame   0x0000046c      0x188 main.o
 .debug_frame   0x000005f4       0x44 sensor.o
 .debug_frame   0x00000638       0xbc ../Librerias\libcoreArduinoUno.a(wiring.c.o)
 .debug_frame   0x000006f4       0x88 ../Librerias\libcoreArduinoUno.a(wiring_digital.c.o)
 .debug_frame   0x0000077c      0x110 ../Librerias\libcoreArduinoUno.a(HardwareSerial.cpp.o)
 .debug_frame   0x0000088c       0xc0 ../Librerias\libcoreArduinoUno.a(HardwareSerial0.cpp.o)
 .debug_frame   0x0000094c       0x44 ../Librerias\libcoreArduinoUno.a(main.cpp.o)
 .debug_frame   0x00000990      0x3b8 ../Librerias\libcoreArduinoUno.a(Print.cpp.o)

.debug_str      0x00000000     0x265d
 *(.debug_str)
 .debug_str     0x00000000      0x208 C:/Program Files (x86)/Atmel/Studio/7.0/Packs/atmel/ATmega_DFP/1.2.209/gcc/dev/atmega328p/avr5/crtatmega328p.o
 .debug_str     0x00000208      0x2c0 adc.o
                                0x30f (size before relaxing)
 .debug_str     0x000004c8       0x70 critical.o
                                0x20b (size before relaxing)
 .debug_str     0x00000538       0x8c fnqueue.o
                                0x2a8 (size before relaxing)
 .debug_str     0x000005c4      0x6a1 LiquidCrystal.o
                                0x8cc (size before relaxing)
 .debug_str     0x00000c65      0x3ad main.o
                                0x6d3 (size before relaxing)
 .debug_str     0x00001012       0x8e sensor.o
                                0x2d3 (size before relaxing)
 .debug_str     0x000010a0       0xf8 ../Librerias\libcoreArduinoUno.a(wiring.c.o)
                                0x19d (size before relaxing)
 .debug_str     0x00001198      0x10b ../Librerias\libcoreArduinoUno.a(wiring_digital.c.o)
                                0x20b (size before relaxing)
 .debug_str     0x000012a3      0xf25 ../Librerias\libcoreArduinoUno.a(HardwareSerial.cpp.o)
                               0x1123 (size before relaxing)
 .debug_str     0x000021c8       0x7e ../Librerias\libcoreArduinoUno.a(HardwareSerial0.cpp.o)
                                0xf1d (size before relaxing)
 .debug_str     0x00002246       0x69 ../Librerias\libcoreArduinoUno.a(main.cpp.o)
                                0x1f1 (size before relaxing)
 .debug_str     0x000022af      0x3ae ../Librerias\libcoreArduinoUno.a(Print.cpp.o)
                                0xe22 (size before relaxing)

.debug_loc      0x00000000     0x5020
 *(.debug_loc)
 .debug_loc     0x00000000      0x11e adc.o
 .debug_loc     0x0000011e       0xc3 fnqueue.o
 .debug_loc     0x000001e1     0x1d65 LiquidCrystal.o
 .debug_loc     0x00001f46      0x312 main.o
 .debug_loc     0x00002258       0x85 sensor.o
 .debug_loc     0x000022dd      0x22b ../Librerias\libcoreArduinoUno.a(wiring.c.o)
 .debug_loc     0x00002508      0x617 ../Librerias\libcoreArduinoUno.a(wiring_digital.c.o)
 .debug_loc     0x00002b1f      0x48d ../Librerias\libcoreArduinoUno.a(HardwareSerial.cpp.o)
 .debug_loc     0x00002fac      0x161 ../Librerias\libcoreArduinoUno.a(HardwareSerial0.cpp.o)
 .debug_loc     0x0000310d       0x26 ../Librerias\libcoreArduinoUno.a(main.cpp.o)
 .debug_loc     0x00003133     0x1eed ../Librerias\libcoreArduinoUno.a(Print.cpp.o)

.debug_macinfo
 *(.debug_macinfo)

.debug_weaknames
 *(.debug_weaknames)

.debug_funcnames
 *(.debug_funcnames)

.debug_typenames
 *(.debug_typenames)

.debug_varnames
 *(.debug_varnames)

.debug_pubtypes
 *(.debug_pubtypes)

.debug_ranges   0x00000000      0x470
 *(.debug_ranges)
 .debug_ranges  0x00000000       0x20 adc.o
 .debug_ranges  0x00000020       0x18 critical.o
 .debug_ranges  0x00000038       0x20 fnqueue.o
 .debug_ranges  0x00000058       0xf8 LiquidCrystal.o
 .debug_ranges  0x00000150       0x90 main.o
 .debug_ranges  0x000001e0       0x20 sensor.o
 .debug_ranges  0x00000200       0x38 ../Librerias\libcoreArduinoUno.a(wiring.c.o)
 .debug_ranges  0x00000238       0x40 ../Librerias\libcoreArduinoUno.a(wiring_digital.c.o)
 .debug_ranges  0x00000278       0x70 ../Librerias\libcoreArduinoUno.a(HardwareSerial.cpp.o)
 .debug_ranges  0x000002e8       0x28 ../Librerias\libcoreArduinoUno.a(HardwareSerial0.cpp.o)
 .debug_ranges  0x00000310       0x20 ../Librerias\libcoreArduinoUno.a(main.cpp.o)
 .debug_ranges  0x00000330      0x140 ../Librerias\libcoreArduinoUno.a(Print.cpp.o)

.debug_macro
 *(.debug_macro)
OUTPUT(GccApplication2.elf elf32-avr)
LOAD linker stubs
