Archive member included to satisfy reference by file (symbol)

../Librerias\libcoreArduinoUno.a(HardwareSerial.cpp.o)
                              main.o (_ZN14HardwareSerial9availableEv)
../Librerias\libcoreArduinoUno.a(HardwareSerial0.cpp.o)
                              main.o (Serial)
../Librerias\libcoreArduinoUno.a(Print.cpp.o)
                              LiquidCrystal.o (_ZN5Print5writeEPKhj)
../Librerias\libcoreArduinoUno.a(abi.cpp.o)
                              HardwareSerial0.cpp.o (symbol from plugin) (__cxa_pure_virtual)
../Librerias\libcoreArduinoUno.a(main.cpp.o)
                              C:/Program Files (x86)/Atmel/Studio/7.0/Packs/atmel/ATmega_DFP/1.2.209/gcc/dev/atmega328p/avr5/crtatmega328p.o (main)
../Librerias\libcoreArduinoUno.a(wiring.c.o)
                              LiquidCrystal.o (delayMicroseconds)
../Librerias\libcoreArduinoUno.a(wiring_digital.c.o)
                              LiquidCrystal.o (pinMode)
../Librerias\libcoreArduinoUno.a(hooks.c.o)
                              wiring.c.o (symbol from plugin) (yield)
c:/program files (x86)/atmel/studio/7.0/toolchain/avr8/avr8-gnu-toolchain/bin/../lib/gcc/avr/5.4.0/avr5\libgcc.a(_divmodhi4.o)
                              adc.o (__divmodhi4)
c:/program files (x86)/atmel/studio/7.0/toolchain/avr8/avr8-gnu-toolchain/bin/../lib/gcc/avr/5.4.0/avr5\libgcc.a(_exit.o)
                              C:/Program Files (x86)/Atmel/Studio/7.0/Packs/atmel/ATmega_DFP/1.2.209/gcc/dev/atmega328p/avr5/crtatmega328p.o (exit)
c:/program files (x86)/atmel/studio/7.0/toolchain/avr8/avr8-gnu-toolchain/bin/../lib/gcc/avr/5.4.0/avr5\libgcc.a(_copy_data.o)
                              LiquidCrystal.o (__do_copy_data)
c:/program files (x86)/atmel/studio/7.0/toolchain/avr8/avr8-gnu-toolchain/bin/../lib/gcc/avr/5.4.0/avr5\libgcc.a(_clear_bss.o)
                              critical.o (__do_clear_bss)
c:/program files (x86)/atmel/studio/7.0/toolchain/avr8/avr8-gnu-toolchain/bin/../lib/gcc/avr/5.4.0/avr5\libgcc.a(_ctors.o)
                              main.o (__do_global_ctors)
c:/program files (x86)/atmel/studio/7.0/toolchain/avr8/avr8-gnu-toolchain/bin/../lib/gcc/avr/5.4.0/avr5\libgcc.a(_udivmodhi4.o)
                              c:/program files (x86)/atmel/studio/7.0/toolchain/avr8/avr8-gnu-toolchain/bin/../lib/gcc/avr/5.4.0/avr5\libgcc.a(_divmodhi4.o) (__udivmodhi4)
c:/program files (x86)/atmel/studio/7.0/toolchain/avr8/avr8-gnu-toolchain/bin/../lib/gcc/avr/5.4.0/avr5\libgcc.a(_tablejump2.o)
                              c:/program files (x86)/atmel/studio/7.0/toolchain/avr8/avr8-gnu-toolchain/bin/../lib/gcc/avr/5.4.0/avr5\libgcc.a(_ctors.o) (__tablejump2__)
c:/program files (x86)/atmel/studio/7.0/toolchain/avr8/avr8-gnu-toolchain/bin/../lib/gcc/avr/5.4.0/avr5\libgcc.a(_udivmodsi4.o)
                              C:\Users\Lucio\AppData\Local\Temp\ccR0lBNc.ltrans0.ltrans.o (__udivmodsi4)
c:/program files (x86)/atmel/studio/7.0/toolchain/avr8/avr8-gnu-toolchain/bin/../lib/gcc/avr/5.4.0/../../../../avr/lib/avr5\libc.a(abort.o)
                              C:\Users\Lucio\AppData\Local\Temp\ccR0lBNc.ltrans0.ltrans.o (abort)

Discarded input sections

 .data          0x00000000        0x0 C:/Program Files (x86)/Atmel/Studio/7.0/Packs/atmel/ATmega_DFP/1.2.209/gcc/dev/atmega328p/avr5/crtatmega328p.o
 .bss           0x00000000        0x0 C:/Program Files (x86)/Atmel/Studio/7.0/Packs/atmel/ATmega_DFP/1.2.209/gcc/dev/atmega328p/avr5/crtatmega328p.o
 .text          0x00000000        0x0 critical.o
 .data          0x00000000        0x0 critical.o
 .bss           0x00000000        0x0 critical.o
 .text          0x00000000        0x0 sensor.o
 .data          0x00000000        0x0 sensor.o
 .bss           0x00000000        0x0 sensor.o
 .text          0x00000000        0x0 adc.o
 .data          0x00000000        0x0 adc.o
 .bss           0x00000000        0x0 adc.o
 .text          0x00000000        0x0 fnqueue.o
 .data          0x00000000        0x0 fnqueue.o
 .bss           0x00000000        0x0 fnqueue.o
 .group         0x00000000        0x8 LiquidCrystal.o
 .group         0x00000000        0x8 LiquidCrystal.o
 .group         0x00000000        0x8 LiquidCrystal.o
 .group         0x00000000        0x8 LiquidCrystal.o
 .text          0x00000000        0x0 LiquidCrystal.o
 .data          0x00000000        0x0 LiquidCrystal.o
 .bss           0x00000000        0x0 LiquidCrystal.o
 .text._ZN13LiquidCrystal13setRowOffsetsEiiii
                0x00000000       0x10 LiquidCrystal.o
 .text._ZN13LiquidCrystal4homeEv
                0x00000000       0x12 LiquidCrystal.o
 .text._ZN13LiquidCrystal9noDisplayEv
                0x00000000       0x12 LiquidCrystal.o
 .text._ZN13LiquidCrystal4initEhhhhhhhhhhhh
                0x00000000       0x5a LiquidCrystal.o
 .text._ZN13LiquidCrystalC2Ehhhhhhh
                0x00000000       0x44 LiquidCrystal.o
 .text._ZN13LiquidCrystalC2Ehhhhhhhhhh
                0x00000000       0x5c LiquidCrystal.o
 .text._ZN13LiquidCrystalC2Ehhhhhhhhhhh
                0x00000000       0x5c LiquidCrystal.o
 .text._ZN13LiquidCrystal8noCursorEv
                0x00000000       0x12 LiquidCrystal.o
 .text._ZN13LiquidCrystal6cursorEv
                0x00000000       0x14 LiquidCrystal.o
 .text._ZN13LiquidCrystal7noBlinkEv
                0x00000000       0x12 LiquidCrystal.o
 .text._ZN13LiquidCrystal5blinkEv
                0x00000000       0x14 LiquidCrystal.o
 .text._ZN13LiquidCrystal17scrollDisplayLeftEv
                0x00000000        0xa LiquidCrystal.o
 .text._ZN13LiquidCrystal18scrollDisplayRightEv
                0x00000000        0xa LiquidCrystal.o
 .text._ZN13LiquidCrystal11leftToRightEv
                0x00000000       0x14 LiquidCrystal.o
 .text._ZN13LiquidCrystal11rightToLeftEv
                0x00000000       0x12 LiquidCrystal.o
 .text._ZN13LiquidCrystal10autoscrollEv
                0x00000000       0x14 LiquidCrystal.o
 .text._ZN13LiquidCrystal12noAutoscrollEv
                0x00000000       0x12 LiquidCrystal.o
 .text._ZN13LiquidCrystal10createCharEhPh
                0x00000000       0x4e LiquidCrystal.o
 .text          0x00000000        0x0 main.o
 .data          0x00000000        0x0 main.o
 .bss           0x00000000        0x0 main.o
 .data          0x00000000        0x0 C:\Users\Lucio\AppData\Local\Temp\ccR0lBNc.ltrans0.ltrans.o
 .text          0x00000000        0x0 HardwareSerial.cpp.o (symbol from plugin)
 .gnu.linkonce.t._ZTV14HardwareSerial
                0x00000000        0x0 HardwareSerial.cpp.o (symbol from plugin)
 .text          0x00000000        0x0 HardwareSerial0.cpp.o (symbol from plugin)
 .gnu.linkonce.t._ZN5Print17availableForWriteEv
                0x00000000        0x0 HardwareSerial0.cpp.o (symbol from plugin)
 .gnu.linkonce.t._ZN5Print5flushEv
                0x00000000        0x0 HardwareSerial0.cpp.o (symbol from plugin)
 .gnu.linkonce.t._ZN6StreamC5Ev
                0x00000000        0x0 HardwareSerial0.cpp.o (symbol from plugin)
 .gnu.linkonce.t._ZTV6Stream
                0x00000000        0x0 HardwareSerial0.cpp.o (symbol from plugin)
 .gnu.linkonce.t._ZN14HardwareSerial16_rx_complete_irqEv
                0x00000000        0x0 HardwareSerial0.cpp.o (symbol from plugin)
 .text          0x00000000        0x0 Print.cpp.o (symbol from plugin)
 .gnu.linkonce.t._ZN5Print17availableForWriteEv
                0x00000000        0x0 Print.cpp.o (symbol from plugin)
 .gnu.linkonce.t._ZN5Print5flushEv
                0x00000000        0x0 Print.cpp.o (symbol from plugin)
 .gnu.linkonce.t._ZN5Print5writeEPKc
                0x00000000        0x0 Print.cpp.o (symbol from plugin)
 .gnu.linkonce.t._ZN5Print5writeEPKcj
                0x00000000        0x0 Print.cpp.o (symbol from plugin)
 .gnu.linkonce.t._ZTV5Print
                0x00000000        0x0 Print.cpp.o (symbol from plugin)
 .text          0x00000000        0x0 abi.cpp.o (symbol from plugin)
 .text          0x00000000        0x0 main.cpp.o (symbol from plugin)
 .text          0x00000000        0x0 wiring.c.o (symbol from plugin)
 .text          0x00000000        0x0 wiring_digital.c.o (symbol from plugin)
 .text          0x00000000        0x0 hooks.c.o (symbol from plugin)
 .text          0x00000000        0x0 c:/program files (x86)/atmel/studio/7.0/toolchain/avr8/avr8-gnu-toolchain/bin/../lib/gcc/avr/5.4.0/avr5\libgcc.a(_divmodhi4.o)
 .data          0x00000000        0x0 c:/program files (x86)/atmel/studio/7.0/toolchain/avr8/avr8-gnu-toolchain/bin/../lib/gcc/avr/5.4.0/avr5\libgcc.a(_divmodhi4.o)
 .bss           0x00000000        0x0 c:/program files (x86)/atmel/studio/7.0/toolchain/avr8/avr8-gnu-toolchain/bin/../lib/gcc/avr/5.4.0/avr5\libgcc.a(_divmodhi4.o)
 .text.libgcc.mul
                0x00000000        0x0 c:/program files (x86)/atmel/studio/7.0/toolchain/avr8/avr8-gnu-toolchain/bin/../lib/gcc/avr/5.4.0/avr5\libgcc.a(_divmodhi4.o)
 .text.libgcc   0x00000000        0x0 c:/program files (x86)/atmel/studio/7.0/toolchain/avr8/avr8-gnu-toolchain/bin/../lib/gcc/avr/5.4.0/avr5\libgcc.a(_divmodhi4.o)
 .text.libgcc.prologue
                0x00000000        0x0 c:/program files (x86)/atmel/studio/7.0/toolchain/avr8/avr8-gnu-toolchain/bin/../lib/gcc/avr/5.4.0/avr5\libgcc.a(_divmodhi4.o)
 .text.libgcc.builtins
                0x00000000        0x0 c:/program files (x86)/atmel/studio/7.0/toolchain/avr8/avr8-gnu-toolchain/bin/../lib/gcc/avr/5.4.0/avr5\libgcc.a(_divmodhi4.o)
 .text.libgcc.fmul
                0x00000000        0x0 c:/program files (x86)/atmel/studio/7.0/toolchain/avr8/avr8-gnu-toolchain/bin/../lib/gcc/avr/5.4.0/avr5\libgcc.a(_divmodhi4.o)
 .text.libgcc.fixed
                0x00000000        0x0 c:/program files (x86)/atmel/studio/7.0/toolchain/avr8/avr8-gnu-toolchain/bin/../lib/gcc/avr/5.4.0/avr5\libgcc.a(_divmodhi4.o)
 .text          0x00000000        0x0 c:/program files (x86)/atmel/studio/7.0/toolchain/avr8/avr8-gnu-toolchain/bin/../lib/gcc/avr/5.4.0/avr5\libgcc.a(_exit.o)
 .data          0x00000000        0x0 c:/program files (x86)/atmel/studio/7.0/toolchain/avr8/avr8-gnu-toolchain/bin/../lib/gcc/avr/5.4.0/avr5\libgcc.a(_exit.o)
 .bss           0x00000000        0x0 c:/program files (x86)/atmel/studio/7.0/toolchain/avr8/avr8-gnu-toolchain/bin/../lib/gcc/avr/5.4.0/avr5\libgcc.a(_exit.o)
 .text.libgcc.mul
                0x00000000        0x0 c:/program files (x86)/atmel/studio/7.0/toolchain/avr8/avr8-gnu-toolchain/bin/../lib/gcc/avr/5.4.0/avr5\libgcc.a(_exit.o)
 .text.libgcc.div
                0x00000000        0x0 c:/program files (x86)/atmel/studio/7.0/toolchain/avr8/avr8-gnu-toolchain/bin/../lib/gcc/avr/5.4.0/avr5\libgcc.a(_exit.o)
 .text.libgcc   0x00000000        0x0 c:/program files (x86)/atmel/studio/7.0/toolchain/avr8/avr8-gnu-toolchain/bin/../lib/gcc/avr/5.4.0/avr5\libgcc.a(_exit.o)
 .text.libgcc.prologue
                0x00000000        0x0 c:/program files (x86)/atmel/studio/7.0/toolchain/avr8/avr8-gnu-toolchain/bin/../lib/gcc/avr/5.4.0/avr5\libgcc.a(_exit.o)
 .text.libgcc.builtins
                0x00000000        0x0 c:/program files (x86)/atmel/studio/7.0/toolchain/avr8/avr8-gnu-toolchain/bin/../lib/gcc/avr/5.4.0/avr5\libgcc.a(_exit.o)
 .text.libgcc.fmul
                0x00000000        0x0 c:/program files (x86)/atmel/studio/7.0/toolchain/avr8/avr8-gnu-toolchain/bin/../lib/gcc/avr/5.4.0/avr5\libgcc.a(_exit.o)
 .text.libgcc.fixed
                0x00000000        0x0 c:/program files (x86)/atmel/studio/7.0/toolchain/avr8/avr8-gnu-toolchain/bin/../lib/gcc/avr/5.4.0/avr5\libgcc.a(_exit.o)
 .text          0x00000000        0x0 c:/program files (x86)/atmel/studio/7.0/toolchain/avr8/avr8-gnu-toolchain/bin/../lib/gcc/avr/5.4.0/avr5\libgcc.a(_copy_data.o)
 .data          0x00000000        0x0 c:/program files (x86)/atmel/studio/7.0/toolchain/avr8/avr8-gnu-toolchain/bin/../lib/gcc/avr/5.4.0/avr5\libgcc.a(_copy_data.o)
 .bss           0x00000000        0x0 c:/program files (x86)/atmel/studio/7.0/toolchain/avr8/avr8-gnu-toolchain/bin/../lib/gcc/avr/5.4.0/avr5\libgcc.a(_copy_data.o)
 .text.libgcc.mul
                0x00000000        0x0 c:/program files (x86)/atmel/studio/7.0/toolchain/avr8/avr8-gnu-toolchain/bin/../lib/gcc/avr/5.4.0/avr5\libgcc.a(_copy_data.o)
 .text.libgcc.div
                0x00000000        0x0 c:/program files (x86)/atmel/studio/7.0/toolchain/avr8/avr8-gnu-toolchain/bin/../lib/gcc/avr/5.4.0/avr5\libgcc.a(_copy_data.o)
 .text.libgcc   0x00000000        0x0 c:/program files (x86)/atmel/studio/7.0/toolchain/avr8/avr8-gnu-toolchain/bin/../lib/gcc/avr/5.4.0/avr5\libgcc.a(_copy_data.o)
 .text.libgcc.prologue
                0x00000000        0x0 c:/program files (x86)/atmel/studio/7.0/toolchain/avr8/avr8-gnu-toolchain/bin/../lib/gcc/avr/5.4.0/avr5\libgcc.a(_copy_data.o)
 .text.libgcc.builtins
                0x00000000        0x0 c:/program files (x86)/atmel/studio/7.0/toolchain/avr8/avr8-gnu-toolchain/bin/../lib/gcc/avr/5.4.0/avr5\libgcc.a(_copy_data.o)
 .text.libgcc.fmul
                0x00000000        0x0 c:/program files (x86)/atmel/studio/7.0/toolchain/avr8/avr8-gnu-toolchain/bin/../lib/gcc/avr/5.4.0/avr5\libgcc.a(_copy_data.o)
 .text.libgcc.fixed
                0x00000000        0x0 c:/program files (x86)/atmel/studio/7.0/toolchain/avr8/avr8-gnu-toolchain/bin/../lib/gcc/avr/5.4.0/avr5\libgcc.a(_copy_data.o)
 .text          0x00000000        0x0 c:/program files (x86)/atmel/studio/7.0/toolchain/avr8/avr8-gnu-toolchain/bin/../lib/gcc/avr/5.4.0/avr5\libgcc.a(_clear_bss.o)
 .data          0x00000000        0x0 c:/program files (x86)/atmel/studio/7.0/toolchain/avr8/avr8-gnu-toolchain/bin/../lib/gcc/avr/5.4.0/avr5\libgcc.a(_clear_bss.o)
 .bss           0x00000000        0x0 c:/program files (x86)/atmel/studio/7.0/toolchain/avr8/avr8-gnu-toolchain/bin/../lib/gcc/avr/5.4.0/avr5\libgcc.a(_clear_bss.o)
 .text.libgcc.mul
                0x00000000        0x0 c:/program files (x86)/atmel/studio/7.0/toolchain/avr8/avr8-gnu-toolchain/bin/../lib/gcc/avr/5.4.0/avr5\libgcc.a(_clear_bss.o)
 .text.libgcc.div
                0x00000000        0x0 c:/program files (x86)/atmel/studio/7.0/toolchain/avr8/avr8-gnu-toolchain/bin/../lib/gcc/avr/5.4.0/avr5\libgcc.a(_clear_bss.o)
 .text.libgcc   0x00000000        0x0 c:/program files (x86)/atmel/studio/7.0/toolchain/avr8/avr8-gnu-toolchain/bin/../lib/gcc/avr/5.4.0/avr5\libgcc.a(_clear_bss.o)
 .text.libgcc.prologue
                0x00000000        0x0 c:/program files (x86)/atmel/studio/7.0/toolchain/avr8/avr8-gnu-toolchain/bin/../lib/gcc/avr/5.4.0/avr5\libgcc.a(_clear_bss.o)
 .text.libgcc.builtins
                0x00000000        0x0 c:/program files (x86)/atmel/studio/7.0/toolchain/avr8/avr8-gnu-toolchain/bin/../lib/gcc/avr/5.4.0/avr5\libgcc.a(_clear_bss.o)
 .text.libgcc.fmul
                0x00000000        0x0 c:/program files (x86)/atmel/studio/7.0/toolchain/avr8/avr8-gnu-toolchain/bin/../lib/gcc/avr/5.4.0/avr5\libgcc.a(_clear_bss.o)
 .text.libgcc.fixed
                0x00000000        0x0 c:/program files (x86)/atmel/studio/7.0/toolchain/avr8/avr8-gnu-toolchain/bin/../lib/gcc/avr/5.4.0/avr5\libgcc.a(_clear_bss.o)
 .text          0x00000000        0x0 c:/program files (x86)/atmel/studio/7.0/toolchain/avr8/avr8-gnu-toolchain/bin/../lib/gcc/avr/5.4.0/avr5\libgcc.a(_ctors.o)
 .data          0x00000000        0x0 c:/program files (x86)/atmel/studio/7.0/toolchain/avr8/avr8-gnu-toolchain/bin/../lib/gcc/avr/5.4.0/avr5\libgcc.a(_ctors.o)
 .bss           0x00000000        0x0 c:/program files (x86)/atmel/studio/7.0/toolchain/avr8/avr8-gnu-toolchain/bin/../lib/gcc/avr/5.4.0/avr5\libgcc.a(_ctors.o)
 .text.libgcc.mul
                0x00000000        0x0 c:/program files (x86)/atmel/studio/7.0/toolchain/avr8/avr8-gnu-toolchain/bin/../lib/gcc/avr/5.4.0/avr5\libgcc.a(_ctors.o)
 .text.libgcc.div
                0x00000000        0x0 c:/program files (x86)/atmel/studio/7.0/toolchain/avr8/avr8-gnu-toolchain/bin/../lib/gcc/avr/5.4.0/avr5\libgcc.a(_ctors.o)
 .text.libgcc   0x00000000        0x0 c:/program files (x86)/atmel/studio/7.0/toolchain/avr8/avr8-gnu-toolchain/bin/../lib/gcc/avr/5.4.0/avr5\libgcc.a(_ctors.o)
 .text.libgcc.prologue
                0x00000000        0x0 c:/program files (x86)/atmel/studio/7.0/toolchain/avr8/avr8-gnu-toolchain/bin/../lib/gcc/avr/5.4.0/avr5\libgcc.a(_ctors.o)
 .text.libgcc.builtins
                0x00000000        0x0 c:/program files (x86)/atmel/studio/7.0/toolchain/avr8/avr8-gnu-toolchain/bin/../lib/gcc/avr/5.4.0/avr5\libgcc.a(_ctors.o)
 .text.libgcc.fmul
                0x00000000        0x0 c:/program files (x86)/atmel/studio/7.0/toolchain/avr8/avr8-gnu-toolchain/bin/../lib/gcc/avr/5.4.0/avr5\libgcc.a(_ctors.o)
 .text.libgcc.fixed
                0x00000000        0x0 c:/program files (x86)/atmel/studio/7.0/toolchain/avr8/avr8-gnu-toolchain/bin/../lib/gcc/avr/5.4.0/avr5\libgcc.a(_ctors.o)
 .text          0x00000000        0x0 c:/program files (x86)/atmel/studio/7.0/toolchain/avr8/avr8-gnu-toolchain/bin/../lib/gcc/avr/5.4.0/avr5\libgcc.a(_udivmodhi4.o)
 .data          0x00000000        0x0 c:/program files (x86)/atmel/studio/7.0/toolchain/avr8/avr8-gnu-toolchain/bin/../lib/gcc/avr/5.4.0/avr5\libgcc.a(_udivmodhi4.o)
 .bss           0x00000000        0x0 c:/program files (x86)/atmel/studio/7.0/toolchain/avr8/avr8-gnu-toolchain/bin/../lib/gcc/avr/5.4.0/avr5\libgcc.a(_udivmodhi4.o)
 .text.libgcc.mul
                0x00000000        0x0 c:/program files (x86)/atmel/studio/7.0/toolchain/avr8/avr8-gnu-toolchain/bin/../lib/gcc/avr/5.4.0/avr5\libgcc.a(_udivmodhi4.o)
 .text.libgcc   0x00000000        0x0 c:/program files (x86)/atmel/studio/7.0/toolchain/avr8/avr8-gnu-toolchain/bin/../lib/gcc/avr/5.4.0/avr5\libgcc.a(_udivmodhi4.o)
 .text.libgcc.prologue
                0x00000000        0x0 c:/program files (x86)/atmel/studio/7.0/toolchain/avr8/avr8-gnu-toolchain/bin/../lib/gcc/avr/5.4.0/avr5\libgcc.a(_udivmodhi4.o)
 .text.libgcc.builtins
                0x00000000        0x0 c:/program files (x86)/atmel/studio/7.0/toolchain/avr8/avr8-gnu-toolchain/bin/../lib/gcc/avr/5.4.0/avr5\libgcc.a(_udivmodhi4.o)
 .text.libgcc.fmul
                0x00000000        0x0 c:/program files (x86)/atmel/studio/7.0/toolchain/avr8/avr8-gnu-toolchain/bin/../lib/gcc/avr/5.4.0/avr5\libgcc.a(_udivmodhi4.o)
 .text.libgcc.fixed
                0x00000000        0x0 c:/program files (x86)/atmel/studio/7.0/toolchain/avr8/avr8-gnu-toolchain/bin/../lib/gcc/avr/5.4.0/avr5\libgcc.a(_udivmodhi4.o)
 .text          0x00000000        0x0 c:/program files (x86)/atmel/studio/7.0/toolchain/avr8/avr8-gnu-toolchain/bin/../lib/gcc/avr/5.4.0/avr5\libgcc.a(_tablejump2.o)
 .data          0x00000000        0x0 c:/program files (x86)/atmel/studio/7.0/toolchain/avr8/avr8-gnu-toolchain/bin/../lib/gcc/avr/5.4.0/avr5\libgcc.a(_tablejump2.o)
 .bss           0x00000000        0x0 c:/program files (x86)/atmel/studio/7.0/toolchain/avr8/avr8-gnu-toolchain/bin/../lib/gcc/avr/5.4.0/avr5\libgcc.a(_tablejump2.o)
 .text.libgcc.mul
                0x00000000        0x0 c:/program files (x86)/atmel/studio/7.0/toolchain/avr8/avr8-gnu-toolchain/bin/../lib/gcc/avr/5.4.0/avr5\libgcc.a(_tablejump2.o)
 .text.libgcc.div
                0x00000000        0x0 c:/program files (x86)/atmel/studio/7.0/toolchain/avr8/avr8-gnu-toolchain/bin/../lib/gcc/avr/5.4.0/avr5\libgcc.a(_tablejump2.o)
 .text.libgcc.prologue
                0x00000000        0x0 c:/program files (x86)/atmel/studio/7.0/toolchain/avr8/avr8-gnu-toolchain/bin/../lib/gcc/avr/5.4.0/avr5\libgcc.a(_tablejump2.o)
 .text.libgcc.builtins
                0x00000000        0x0 c:/program files (x86)/atmel/studio/7.0/toolchain/avr8/avr8-gnu-toolchain/bin/../lib/gcc/avr/5.4.0/avr5\libgcc.a(_tablejump2.o)
 .text.libgcc.fmul
                0x00000000        0x0 c:/program files (x86)/atmel/studio/7.0/toolchain/avr8/avr8-gnu-toolchain/bin/../lib/gcc/avr/5.4.0/avr5\libgcc.a(_tablejump2.o)
 .text.libgcc.fixed
                0x00000000        0x0 c:/program files (x86)/atmel/studio/7.0/toolchain/avr8/avr8-gnu-toolchain/bin/../lib/gcc/avr/5.4.0/avr5\libgcc.a(_tablejump2.o)
 .text          0x00000000        0x0 c:/program files (x86)/atmel/studio/7.0/toolchain/avr8/avr8-gnu-toolchain/bin/../lib/gcc/avr/5.4.0/avr5\libgcc.a(_udivmodsi4.o)
 .data          0x00000000        0x0 c:/program files (x86)/atmel/studio/7.0/toolchain/avr8/avr8-gnu-toolchain/bin/../lib/gcc/avr/5.4.0/avr5\libgcc.a(_udivmodsi4.o)
 .bss           0x00000000        0x0 c:/program files (x86)/atmel/studio/7.0/toolchain/avr8/avr8-gnu-toolchain/bin/../lib/gcc/avr/5.4.0/avr5\libgcc.a(_udivmodsi4.o)
 .text.libgcc.mul
                0x00000000        0x0 c:/program files (x86)/atmel/studio/7.0/toolchain/avr8/avr8-gnu-toolchain/bin/../lib/gcc/avr/5.4.0/avr5\libgcc.a(_udivmodsi4.o)
 .text.libgcc   0x00000000        0x0 c:/program files (x86)/atmel/studio/7.0/toolchain/avr8/avr8-gnu-toolchain/bin/../lib/gcc/avr/5.4.0/avr5\libgcc.a(_udivmodsi4.o)
 .text.libgcc.prologue
                0x00000000        0x0 c:/program files (x86)/atmel/studio/7.0/toolchain/avr8/avr8-gnu-toolchain/bin/../lib/gcc/avr/5.4.0/avr5\libgcc.a(_udivmodsi4.o)
 .text.libgcc.builtins
                0x00000000        0x0 c:/program files (x86)/atmel/studio/7.0/toolchain/avr8/avr8-gnu-toolchain/bin/../lib/gcc/avr/5.4.0/avr5\libgcc.a(_udivmodsi4.o)
 .text.libgcc.fmul
                0x00000000        0x0 c:/program files (x86)/atmel/studio/7.0/toolchain/avr8/avr8-gnu-toolchain/bin/../lib/gcc/avr/5.4.0/avr5\libgcc.a(_udivmodsi4.o)
 .text.libgcc.fixed
                0x00000000        0x0 c:/program files (x86)/atmel/studio/7.0/toolchain/avr8/avr8-gnu-toolchain/bin/../lib/gcc/avr/5.4.0/avr5\libgcc.a(_udivmodsi4.o)
 .text          0x00000000        0x0 c:/program files (x86)/atmel/studio/7.0/toolchain/avr8/avr8-gnu-toolchain/bin/../lib/gcc/avr/5.4.0/../../../../avr/lib/avr5\libc.a(abort.o)
 .data          0x00000000        0x0 c:/program files (x86)/atmel/studio/7.0/toolchain/avr8/avr8-gnu-toolchain/bin/../lib/gcc/avr/5.4.0/../../../../avr/lib/avr5\libc.a(abort.o)
 .bss           0x00000000        0x0 c:/program files (x86)/atmel/studio/7.0/toolchain/avr8/avr8-gnu-toolchain/bin/../lib/gcc/avr/5.4.0/../../../../avr/lib/avr5\libc.a(abort.o)

Memory Configuration

Name             Origin             Length             Attributes
text             0x00000000         0x00020000         xr
data             0x00800060         0x0000ffa0         rw !x
eeprom           0x00810000         0x00010000         rw !x
fuse             0x00820000         0x00000003         rw !x
lock             0x00830000         0x00000400         rw !x
signature        0x00840000         0x00000400         rw !x
user_signatures  0x00850000         0x00000400         rw !x
*default*        0x00000000         0xffffffff

Linker script and memory map

Address of section .data set to 0x800100
LOAD C:/Program Files (x86)/Atmel/Studio/7.0/Packs/atmel/ATmega_DFP/1.2.209/gcc/dev/atmega328p/avr5/crtatmega328p.o
LOAD critical.o
LOAD sensor.o
LOAD adc.o
LOAD fnqueue.o
LOAD LiquidCrystal.o
LOAD main.o
LOAD C:\Users\Lucio\AppData\Local\Temp\ccR0lBNc.ltrans0.ltrans.o
START GROUP
LOAD c:/program files (x86)/atmel/studio/7.0/toolchain/avr8/avr8-gnu-toolchain/bin/../lib/gcc/avr/5.4.0/../../../../avr/lib/avr5\libm.a
LOAD ../Librerias\libcoreArduinoUno.a
END GROUP
LOAD c:/program files (x86)/atmel/studio/7.0/toolchain/avr8/avr8-gnu-toolchain/bin/../lib/gcc/avr/5.4.0/avr5\libgcc.a
LOAD c:/program files (x86)/atmel/studio/7.0/toolchain/avr8/avr8-gnu-toolchain/bin/../lib/gcc/avr/5.4.0/../../../../avr/lib/avr5\libm.a
START GROUP
LOAD c:/program files (x86)/atmel/studio/7.0/toolchain/avr8/avr8-gnu-toolchain/bin/../lib/gcc/avr/5.4.0/avr5\libgcc.a
LOAD c:/program files (x86)/atmel/studio/7.0/toolchain/avr8/avr8-gnu-toolchain/bin/../lib/gcc/avr/5.4.0/../../../../avr/lib/avr5\libm.a
LOAD c:/program files (x86)/atmel/studio/7.0/toolchain/avr8/avr8-gnu-toolchain/bin/../lib/gcc/avr/5.4.0/../../../../avr/lib/avr5\libc.a
LOAD C:/Program Files (x86)/Atmel/Studio/7.0/Packs/atmel/ATmega_DFP/1.2.209/gcc/dev/atmega328p/avr5\libatmega328p.a
END GROUP
                0x00020000                __TEXT_REGION_LENGTH__ = DEFINED (__TEXT_REGION_LENGTH__)?__TEXT_REGION_LENGTH__:0x20000
                0x0000ffa0                __DATA_REGION_LENGTH__ = DEFINED (__DATA_REGION_LENGTH__)?__DATA_REGION_LENGTH__:0xffa0
                0x00010000                __EEPROM_REGION_LENGTH__ = DEFINED (__EEPROM_REGION_LENGTH__)?__EEPROM_REGION_LENGTH__:0x10000
                [0x00000003]                __FUSE_REGION_LENGTH__ = DEFINED (__FUSE_REGION_LENGTH__)?__FUSE_REGION_LENGTH__:0x400
                0x00000400                __LOCK_REGION_LENGTH__ = DEFINED (__LOCK_REGION_LENGTH__)?__LOCK_REGION_LENGTH__:0x400
                0x00000400                __SIGNATURE_REGION_LENGTH__ = DEFINED (__SIGNATURE_REGION_LENGTH__)?__SIGNATURE_REGION_LENGTH__:0x400
                0x00000400                __USER_SIGNATURE_REGION_LENGTH__ = DEFINED (__USER_SIGNATURE_REGION_LENGTH__)?__USER_SIGNATURE_REGION_LENGTH__:0x400

.hash
 *(.hash)

.dynsym
 *(.dynsym)

.dynstr
 *(.dynstr)

.gnu.version
 *(.gnu.version)

.gnu.version_d
 *(.gnu.version_d)

.gnu.version_r
 *(.gnu.version_r)

.rel.init
 *(.rel.init)

.rela.init
 *(.rela.init)

.rel.text
 *(.rel.text)
 *(.rel.text.*)
 *(.rel.gnu.linkonce.t*)

.rela.text
 *(.rela.text)
 *(.rela.text.*)
 *(.rela.gnu.linkonce.t*)

.rel.fini
 *(.rel.fini)

.rela.fini
 *(.rela.fini)

.rel.rodata
 *(.rel.rodata)
 *(.rel.rodata.*)
 *(.rel.gnu.linkonce.r*)

.rela.rodata
 *(.rela.rodata)
 *(.rela.rodata.*)
 *(.rela.gnu.linkonce.r*)

.rel.data
 *(.rel.data)
 *(.rel.data.*)
 *(.rel.gnu.linkonce.d*)

.rela.data
 *(.rela.data)
 *(.rela.data.*)
 *(.rela.gnu.linkonce.d*)

.rel.ctors
 *(.rel.ctors)

.rela.ctors
 *(.rela.ctors)

.rel.dtors
 *(.rel.dtors)

.rela.dtors
 *(.rela.dtors)

.rel.got
 *(.rel.got)

.rela.got
 *(.rela.got)

.rel.bss
 *(.rel.bss)

.rela.bss
 *(.rela.bss)

.rel.plt
 *(.rel.plt)

.rela.plt
 *(.rela.plt)

.text           0x00000000     0x1606
 *(.vectors)
 .vectors       0x00000000       0x68 C:/Program Files (x86)/Atmel/Studio/7.0/Packs/atmel/ATmega_DFP/1.2.209/gcc/dev/atmega328p/avr5/crtatmega328p.o
                0x00000000                __vector_default
                0x00000000                __vectors
 *(.vectors)
 *(.progmem.gcc*)
                0x00000068                . = ALIGN (0x2)
                0x00000068                __trampolines_start = .
 *(.trampolines)
 .trampolines   0x00000068        0x0 linker stubs
 *(.trampolines*)
                0x00000068                __trampolines_end = .
 *libprintf_flt.a:*(.progmem.data)
 *libc.a:*(.progmem.data)
 *(.progmem*)
 .progmem.data  0x00000068       0x50 C:\Users\Lucio\AppData\Local\Temp\ccR0lBNc.ltrans0.ltrans.o
                0x000000b8                . = ALIGN (0x2)
 *(.jumptables)
 *(.jumptables*)
 *(.lowtext)
 *(.lowtext*)
                0x000000b8                __ctors_start = .
 *(.ctors)
 .ctors         0x000000b8        0x2 main.o
 .ctors         0x000000ba        0x2 C:\Users\Lucio\AppData\Local\Temp\ccR0lBNc.ltrans0.ltrans.o
                0x000000bc                __ctors_end = .
                0x000000bc                __dtors_start = .
 *(.dtors)
                0x000000bc                __dtors_end = .
 SORT(*)(.ctors)
 SORT(*)(.dtors)
 *(.init0)
 .init0         0x000000bc        0x0 C:/Program Files (x86)/Atmel/Studio/7.0/Packs/atmel/ATmega_DFP/1.2.209/gcc/dev/atmega328p/avr5/crtatmega328p.o
                0x000000bc                __init
 *(.init0)
 *(.init1)
 *(.init1)
 *(.init2)
 .init2         0x000000bc        0xc C:/Program Files (x86)/Atmel/Studio/7.0/Packs/atmel/ATmega_DFP/1.2.209/gcc/dev/atmega328p/avr5/crtatmega328p.o
 *(.init2)
 *(.init3)
 *(.init3)
 *(.init4)
 .init4         0x000000c8       0x16 c:/program files (x86)/atmel/studio/7.0/toolchain/avr8/avr8-gnu-toolchain/bin/../lib/gcc/avr/5.4.0/avr5\libgcc.a(_copy_data.o)
                0x000000c8                __do_copy_data
 .init4         0x000000de       0x10 c:/program files (x86)/atmel/studio/7.0/toolchain/avr8/avr8-gnu-toolchain/bin/../lib/gcc/avr/5.4.0/avr5\libgcc.a(_clear_bss.o)
                0x000000de                __do_clear_bss
 *(.init4)
 *(.init5)
 *(.init5)
 *(.init6)
 .init6         0x000000ee       0x16 c:/program files (x86)/atmel/studio/7.0/toolchain/avr8/avr8-gnu-toolchain/bin/../lib/gcc/avr/5.4.0/avr5\libgcc.a(_ctors.o)
                0x000000ee                __do_global_ctors
 *(.init6)
 *(.init7)
 *(.init7)
 *(.init8)
 *(.init8)
 *(.init9)
 .init9         0x00000104        0x8 C:/Program Files (x86)/Atmel/Studio/7.0/Packs/atmel/ATmega_DFP/1.2.209/gcc/dev/atmega328p/avr5/crtatmega328p.o
 *(.init9)
 *(.text)
 .text          0x0000010c        0x4 C:/Program Files (x86)/Atmel/Studio/7.0/Packs/atmel/ATmega_DFP/1.2.209/gcc/dev/atmega328p/avr5/crtatmega328p.o
                0x0000010c                __vector_22
                0x0000010c                __vector_1
                0x0000010c                __vector_24
                0x0000010c                __vector_12
                0x0000010c                __bad_interrupt
                0x0000010c                __vector_6
                0x0000010c                __vector_3
                0x0000010c                __vector_23
                0x0000010c                __vector_25
                0x0000010c                __vector_11
                0x0000010c                __vector_13
                0x0000010c                __vector_17
                0x0000010c                __vector_7
                0x0000010c                __vector_5
                0x0000010c                __vector_4
                0x0000010c                __vector_2
                0x0000010c                __vector_15
                0x0000010c                __vector_8
                0x0000010c                __vector_14
                0x0000010c                __vector_10
                0x0000010c                __vector_20
 .text          0x00000110      0x6b4 C:\Users\Lucio\AppData\Local\Temp\ccR0lBNc.ltrans0.ltrans.o
                0x00000110                _ZN5Print5writeEPKhj
                0x00000182                _ZN14HardwareSerial4readEv
                0x000001c6                _ZN14HardwareSerial9availableEv
                0x000003e8                digitalWrite
                0x00000482                pinMode
                0x000004fa                delayMicroseconds
                0x00000510                __vector_16
                0x000005a4                _ZN5Print5printEii
                0x00000646                _ZN5Print5printEPKc
                0x0000064a                __vector_19
                0x00000696                __vector_18
                0x000006fa                _ZN14HardwareSerial5beginEmh
                0x000007c4                . = ALIGN (0x2)
 *(.text.*)
 .text._Z14critical_beginv
                0x000007c4       0x48 critical.o
                0x000007c4                _Z14critical_beginv
 .text._Z12critical_endv
                0x0000080c       0x3c critical.o
                0x0000080c                _Z12critical_endv
 .text._Z19procesar_adc_sensorv
                0x00000848       0x2e sensor.o
                0x00000848                _Z19procesar_adc_sensorv
 .text._Z15sensor_callbackj
                0x00000876       0x12 sensor.o
                0x00000876                _Z15sensor_callbackj
 .text._Z12sensor_setupPFviE
                0x00000888       0x2c sensor.o
                0x00000888                _Z12sensor_setupPFviE
 .text._Z14llamarCallbackv
                0x000008b4       0x32 adc.o
                0x000008b4                _Z14llamarCallbackv
 .text._Z8adc_initP7adc_cfg
                0x000008e6      0x142 adc.o
                0x000008e6                _Z8adc_initP7adc_cfg
 .text.__vector_21
                0x00000a28      0x166 adc.o
                0x00000a28                __vector_21
 .text._Z12fnqueue_initv
                0x00000b8e       0x10 fnqueue.o
                0x00000b8e                _Z12fnqueue_initv
 .text._Z11fnqueue_runv
                0x00000b9e       0x58 fnqueue.o
                0x00000b9e                _Z11fnqueue_runv
 .text._Z11fnqueue_addPFvvE
                0x00000bf6       0x54 fnqueue.o
                0x00000bf6                _Z11fnqueue_addPFvvE
 .text._ZN5Print17availableForWriteEv
                0x00000c4a        0x6 LiquidCrystal.o
                0x00000c4a                _ZN5Print17availableForWriteEv
 .text._ZN5Print5flushEv
                0x00000c50        0x2 LiquidCrystal.o
                0x00000c50                _ZN5Print5flushEv
 .text._ZN13LiquidCrystal11pulseEnableEv
                0x00000c52       0x3c LiquidCrystal.o
                0x00000c52                _ZN13LiquidCrystal11pulseEnableEv
 .text._ZN13LiquidCrystal10write4bitsEh
                0x00000c8e       0x5a LiquidCrystal.o
                0x00000c8e                _ZN13LiquidCrystal10write4bitsEh
 .text._ZN13LiquidCrystal10write8bitsEh
                0x00000ce8       0x5a LiquidCrystal.o
                0x00000ce8                _ZN13LiquidCrystal10write8bitsEh
 .text._ZN13LiquidCrystal4sendEhh
                0x00000d42       0x58 LiquidCrystal.o
                0x00000d42                _ZN13LiquidCrystal4sendEhh
 .text._ZN13LiquidCrystal5clearEv
                0x00000d9a       0x12 LiquidCrystal.o
                0x00000d9a                _ZN13LiquidCrystal5clearEv
 .text._ZN13LiquidCrystal9setCursorEhh
                0x00000dac       0x2a LiquidCrystal.o
                0x00000dac                _ZN13LiquidCrystal9setCursorEhh
 .text._ZN13LiquidCrystal7displayEv
                0x00000dd6       0x14 LiquidCrystal.o
                0x00000dd6                _ZN13LiquidCrystal7displayEv
 .text._ZN13LiquidCrystal5beginEhhh
                0x00000dea      0x176 LiquidCrystal.o
                0x00000dea                _ZN13LiquidCrystal5beginEhhh
 .text._ZN13LiquidCrystalC2Ehhhhhh
                0x00000f60       0x42 LiquidCrystal.o
                0x00000f60                _ZN13LiquidCrystalC1Ehhhhhh
                0x00000f60                _ZN13LiquidCrystalC2Ehhhhhh
 .text._ZN13LiquidCrystal5writeEh
                0x00000fa2        0xc LiquidCrystal.o
                0x00000fa2                _ZN13LiquidCrystal5writeEh
 .text._Z14tomar_medicioni
                0x00000fae        0xa main.o
                0x00000fae                _Z14tomar_medicioni
 .text._Z11guardarTempa
                0x00000fb8       0x3e main.o
                0x00000fb8                _Z11guardarTempa
 .text._Z17updateCurrentTempv
                0x00000ff6        0xa main.o
                0x00000ff6                _Z17updateCurrentTempv
 .text._Z17updateAverageTempv
                0x00001000       0x48 main.o
                0x00001000                _Z17updateAverageTempv
 .text._Z13updateMaxTempv
                0x00001048       0x38 main.o
                0x00001048                _Z13updateMaxTempv
 .text._Z13updateMinTempv
                0x00001080       0x38 main.o
                0x00001080                _Z13updateMinTempv
 .text._Z15showCurrentTempv
                0x000010b8       0x54 main.o
                0x000010b8                _Z15showCurrentTempv
 .text._Z15showAverageTempv
                0x0000110c       0x54 main.o
                0x0000110c                _Z15showAverageTempv
 .text._Z11showMaxTempv
                0x00001160       0x54 main.o
                0x00001160                _Z11showMaxTempv
 .text._Z11showMinTempv
                0x000011b4       0x54 main.o
                0x000011b4                _Z11showMinTempv
 .text._Z11enviarDatosv
                0x00001208       0x96 main.o
                0x00001208                _Z11enviarDatosv
 .text.setup    0x0000129e       0xb2 main.o
                0x0000129e                setup
 .text.loop     0x00001350        0x6 main.o
                0x00001350                loop
 .text.__vector_9
                0x00001356       0x7a main.o
                0x00001356                __vector_9
 .text._GLOBAL__sub_I_lcd
                0x000013d0       0x2e main.o
 .text._Z14recibirComandov
                0x000013fe       0x4a main.o
                0x000013fe                _Z14recibirComandov
 .text._Z13procesarTimerv
                0x00001448       0x22 main.o
                0x00001448                _Z13procesarTimerv
 .text.startup  0x0000146a       0xee C:\Users\Lucio\AppData\Local\Temp\ccR0lBNc.ltrans0.ltrans.o
                0x0000146a                main
 .text.libgcc.div
                0x00001558       0x28 c:/program files (x86)/atmel/studio/7.0/toolchain/avr8/avr8-gnu-toolchain/bin/../lib/gcc/avr/5.4.0/avr5\libgcc.a(_divmodhi4.o)
                0x00001558                _div
                0x00001558                __divmodhi4
 .text.libgcc.div
                0x00001580       0x28 c:/program files (x86)/atmel/studio/7.0/toolchain/avr8/avr8-gnu-toolchain/bin/../lib/gcc/avr/5.4.0/avr5\libgcc.a(_udivmodhi4.o)
                0x00001580                __udivmodhi4
 .text.libgcc   0x000015a8        0xc c:/program files (x86)/atmel/studio/7.0/toolchain/avr8/avr8-gnu-toolchain/bin/../lib/gcc/avr/5.4.0/avr5\libgcc.a(_tablejump2.o)
                0x000015a8                __tablejump2__
 .text.libgcc.div
                0x000015b4       0x44 c:/program files (x86)/atmel/studio/7.0/toolchain/avr8/avr8-gnu-toolchain/bin/../lib/gcc/avr/5.4.0/avr5\libgcc.a(_udivmodsi4.o)
                0x000015b4                __udivmodsi4
 .text.avr-libc
                0x000015f8        0xa c:/program files (x86)/atmel/studio/7.0/toolchain/avr8/avr8-gnu-toolchain/bin/../lib/gcc/avr/5.4.0/../../../../avr/lib/avr5\libc.a(abort.o)
                0x000015f8                abort
                0x00001602                . = ALIGN (0x2)
 *(.fini9)
 .fini9         0x00001602        0x0 c:/program files (x86)/atmel/studio/7.0/toolchain/avr8/avr8-gnu-toolchain/bin/../lib/gcc/avr/5.4.0/avr5\libgcc.a(_exit.o)
                0x00001602                _exit
                0x00001602                exit
 *(.fini9)
 *(.fini8)
 *(.fini8)
 *(.fini7)
 *(.fini7)
 *(.fini6)
 *(.fini6)
 *(.fini5)
 *(.fini5)
 *(.fini4)
 *(.fini4)
 *(.fini3)
 *(.fini3)
 *(.fini2)
 *(.fini2)
 *(.fini1)
 *(.fini1)
 *(.fini0)
 .fini0         0x00001602        0x4 c:/program files (x86)/atmel/studio/7.0/toolchain/avr8/avr8-gnu-toolchain/bin/../lib/gcc/avr/5.4.0/avr5\libgcc.a(_exit.o)
 *(.fini0)
                0x00001606                _etext = .

.data           0x00800100       0xa0 load address 0x00001606
                0x00800100                PROVIDE (__data_start, .)
 *(.data)
 *(.data*)
 .data._ZL7tempMin
                0x00800100        0x1 main.o
 *(.gnu.linkonce.d*)
 *(.rodata)
 .rodata        0x00800101       0x12 C:\Users\Lucio\AppData\Local\Temp\ccR0lBNc.ltrans0.ltrans.o
 *(.rodata*)
 .rodata._ZTV13LiquidCrystal
                0x00800113        0xc LiquidCrystal.o
                0x00800113                _ZTV13LiquidCrystal
 .rodata.str1.1
                0x0080011f       0x80 main.o
                                 0x8d (size before relaxing)
 *(.gnu.linkonce.r*)
                0x008001a0                . = ALIGN (0x2)
 *fill*         0x0080019f        0x1 
                0x008001a0                _edata = .
                0x008001a0                PROVIDE (__data_end, .)

.bss            0x008001a0      0x20c
                0x008001a0                PROVIDE (__bss_start, .)
 *(.bss)
 .bss           0x008001a0       0xa6 C:\Users\Lucio\AppData\Local\Temp\ccR0lBNc.ltrans0.ltrans.o
                0x008001a0                Serial
 *(.bss*)
 .bss._ZL11anidamiento
                0x00800246        0x2 critical.o
 .bss.callback_sensor
                0x00800248        0x2 sensor.o
                0x00800248                callback_sensor
 .bss._ZL6config
                0x0080024a        0xa sensor.o
 .bss._ZL9analogVal
                0x00800254        0x2 sensor.o
 .bss.i         0x00800256        0x1 adc.o
                0x00800256                i
 .bss.valor_leido
                0x00800257        0x2 adc.o
                0x00800257                valor_leido
 .bss.seteados  0x00800259        0x6 adc.o
                0x00800259                seteados
 .bss.canales   0x0080025f       0x3c adc.o
                0x0080025f                canales
 .bss.contador  0x0080029b        0x1 adc.o
                0x0080029b                contador
 .bss.fnLlamar  0x0080029c        0x1 adc.o
                0x0080029c                fnLlamar
 .bss.canalConvirtiendo
                0x0080029d        0x1 adc.o
                0x0080029d                canalConvirtiendo
 .bss.iniciado  0x0080029e        0x1 adc.o
                0x0080029e                iniciado
 .bss._ZL13fnqueue_count
                0x0080029f        0x1 fnqueue.o
 .bss._ZL12fnqueue_tail
                0x008002a0        0x1 fnqueue.o
 .bss._ZL12fnqueue_head
                0x008002a1        0x1 fnqueue.o
 .bss._ZL17fnqueue_functions
                0x008002a2       0x20 fnqueue.o
 .bss.lcd       0x008002c2       0x18 main.o
                0x008002c2                lcd
 .bss._ZL8timerOvf
                0x008002da        0x1 main.o
 .bss._ZL13indiceArreglo
                0x008002db        0x1 main.o
 .bss._ZL9cantTemps
                0x008002dc        0x1 main.o
 .bss._ZL12tempPromedio
                0x008002dd        0x1 main.o
 .bss._ZL7tempMax
                0x008002de        0x1 main.o
 .bss._ZL10tempActual
                0x008002df        0x1 main.o
 .bss._ZL5temps
                0x008002e0       0xc8 main.o
 .bss._ZL17temperaturaMedida
                0x008003a8        0x2 main.o
 .bss._ZL8contador
                0x008003aa        0x2 main.o
 *(COMMON)
                0x008003ac                PROVIDE (__bss_end, .)
                0x00001606                __data_load_start = LOADADDR (.data)
                0x000016a6                __data_load_end = (__data_load_start + SIZEOF (.data))

.noinit         0x008003ac        0x0
                [!provide]                PROVIDE (__noinit_start, .)
 *(.noinit*)
                [!provide]                PROVIDE (__noinit_end, .)
                0x008003ac                _end = .
                [!provide]                PROVIDE (__heap_start, .)

.eeprom         0x00810000        0x0
 *(.eeprom*)
                0x00810000                __eeprom_end = .

.fuse
 *(.fuse)
 *(.lfuse)
 *(.hfuse)
 *(.efuse)

.lock
 *(.lock*)

.signature
 *(.signature*)

.user_signatures
 *(.user_signatures*)

.stab
 *(.stab)

.stabstr
 *(.stabstr)

.stab.excl
 *(.stab.excl)

.stab.exclstr
 *(.stab.exclstr)

.stab.index
 *(.stab.index)

.stab.indexstr
 *(.stab.indexstr)

.comment        0x00000000       0x30
 *(.comment)
 .comment       0x00000000       0x30 critical.o
                                 0x31 (size before relaxing)
 .comment       0x00000030       0x31 sensor.o
 .comment       0x00000030       0x31 adc.o
 .comment       0x00000030       0x31 fnqueue.o
 .comment       0x00000030       0x31 LiquidCrystal.o
 .comment       0x00000030       0x31 main.o
 .comment       0x00000030       0x31 C:\Users\Lucio\AppData\Local\Temp\ccR0lBNc.ltrans0.ltrans.o

.note.gnu.avr.deviceinfo
                0x00000000       0x40
 .note.gnu.avr.deviceinfo
                0x00000000       0x40 C:/Program Files (x86)/Atmel/Studio/7.0/Packs/atmel/ATmega_DFP/1.2.209/gcc/dev/atmega328p/avr5/crtatmega328p.o

.note.gnu.build-id
 *(.note.gnu.build-id)

.debug
 *(.debug)

.line
 *(.line)

.debug_srcinfo
 *(.debug_srcinfo)

.debug_sfnames
 *(.debug_sfnames)

.debug_aranges  0x00000000      0x260
 *(.debug_aranges)
 .debug_aranges
                0x00000000       0x28 critical.o
 .debug_aranges
                0x00000028       0x30 sensor.o
 .debug_aranges
                0x00000058       0x30 adc.o
 .debug_aranges
                0x00000088       0x30 fnqueue.o
 .debug_aranges
                0x000000b8      0x108 LiquidCrystal.o
 .debug_aranges
                0x000001c0       0xa0 main.o

.debug_pubnames
 *(.debug_pubnames)

.debug_info     0x00000000     0x3aa1
 *(.debug_info .gnu.linkonce.wi.*)
 .debug_info    0x00000000      0x5f4 C:/Program Files (x86)/Atmel/Studio/7.0/Packs/atmel/ATmega_DFP/1.2.209/gcc/dev/atmega328p/avr5/crtatmega328p.o
 .debug_info    0x000005f4       0xd9 critical.o
 .debug_info    0x000006cd      0x1f8 sensor.o
 .debug_info    0x000008c5      0x30e adc.o
 .debug_info    0x00000bd3      0x1b8 fnqueue.o
 .debug_info    0x00000d8b     0x1e89 LiquidCrystal.o
 .debug_info    0x00002c14      0xe8d main.o

.debug_abbrev   0x00000000      0xfbf
 *(.debug_abbrev)
 .debug_abbrev  0x00000000      0x5a2 C:/Program Files (x86)/Atmel/Studio/7.0/Packs/atmel/ATmega_DFP/1.2.209/gcc/dev/atmega328p/avr5/crtatmega328p.o
 .debug_abbrev  0x000005a2       0x6a critical.o
 .debug_abbrev  0x0000060c      0x132 sensor.o
 .debug_abbrev  0x0000073e      0x16a adc.o
 .debug_abbrev  0x000008a8       0xfb fnqueue.o
 .debug_abbrev  0x000009a3      0x35e LiquidCrystal.o
 .debug_abbrev  0x00000d01      0x2be main.o

.debug_line     0x00000000     0x163c
 *(.debug_line .debug_line.* .debug_line_end)
 .debug_line    0x00000000      0x133 C:/Program Files (x86)/Atmel/Studio/7.0/Packs/atmel/ATmega_DFP/1.2.209/gcc/dev/atmega328p/avr5/crtatmega328p.o
 .debug_line    0x00000133      0x11f critical.o
 .debug_line    0x00000252      0x11e sensor.o
 .debug_line    0x00000370      0x305 adc.o
 .debug_line    0x00000675      0x15f fnqueue.o
 .debug_line    0x000007d4      0x8f5 LiquidCrystal.o
 .debug_line    0x000010c9      0x573 main.o

.debug_frame    0x00000000      0x638
 *(.debug_frame)
 .debug_frame   0x00000000       0x34 critical.o
 .debug_frame   0x00000034       0x44 sensor.o
 .debug_frame   0x00000078       0x90 adc.o
 .debug_frame   0x00000108       0x50 fnqueue.o
 .debug_frame   0x00000158      0x358 LiquidCrystal.o
 .debug_frame   0x000004b0      0x188 main.o

.debug_str      0x00000000     0x10b7
 *(.debug_str)
 .debug_str     0x00000000      0x208 C:/Program Files (x86)/Atmel/Studio/7.0/Packs/atmel/ATmega_DFP/1.2.209/gcc/dev/atmega328p/avr5/crtatmega328p.o
 .debug_str     0x00000208      0x1d2 critical.o
                                0x206 (size before relaxing)
 .debug_str     0x000003da      0x126 sensor.o
                                0x2ce (size before relaxing)
 .debug_str     0x00000500       0xef adc.o
                                0x30a (size before relaxing)
 .debug_str     0x000005ef       0x93 fnqueue.o
                                0x2a3 (size before relaxing)
 .debug_str     0x00000682      0x6a7 LiquidCrystal.o
                                0x8c7 (size before relaxing)
 .debug_str     0x00000d29      0x38e main.o
                                0x6ce (size before relaxing)

.debug_loc      0x00000000     0x22b7
 *(.debug_loc)
 .debug_loc     0x00000000       0x85 sensor.o
 .debug_loc     0x00000085      0x11e adc.o
 .debug_loc     0x000001a3       0xc3 fnqueue.o
 .debug_loc     0x00000266     0x1d65 LiquidCrystal.o
 .debug_loc     0x00001fcb      0x2ec main.o

.debug_macinfo
 *(.debug_macinfo)

.debug_weaknames
 *(.debug_weaknames)

.debug_funcnames
 *(.debug_funcnames)

.debug_typenames
 *(.debug_typenames)

.debug_varnames
 *(.debug_varnames)

.debug_pubtypes
 *(.debug_pubtypes)

.debug_ranges   0x00000000      0x200
 *(.debug_ranges)
 .debug_ranges  0x00000000       0x18 critical.o
 .debug_ranges  0x00000018       0x20 sensor.o
 .debug_ranges  0x00000038       0x20 adc.o
 .debug_ranges  0x00000058       0x20 fnqueue.o
 .debug_ranges  0x00000078       0xf8 LiquidCrystal.o
 .debug_ranges  0x00000170       0x90 main.o

.debug_macro
 *(.debug_macro)
OUTPUT(GccApplication1.elf elf32-avr)
LOAD linker stubs
