Archive member included to satisfy reference by file (symbol)

C:\Users\Lucio\Documents\GitHub\Embebidos\GccApplication1\GccApplication1\Librerias\libcoreArduinoUno.a(Print.cpp.o)
                              LiquidCrystal.o (_ZN5Print5writeEPKhj)
C:\Users\Lucio\Documents\GitHub\Embebidos\GccApplication1\GccApplication1\Librerias\libcoreArduinoUno.a(abi.cpp.o)
                              Print.cpp.o (symbol from plugin) (__cxa_pure_virtual)
C:\Users\Lucio\Documents\GitHub\Embebidos\GccApplication1\GccApplication1\Librerias\libcoreArduinoUno.a(main.cpp.o)
                              C:/Program Files (x86)/Atmel/Studio/7.0/Packs/atmel/ATmega_DFP/1.2.209/gcc/dev/atmega328p/avr5/crtatmega328p.o (main)
C:\Users\Lucio\Documents\GitHub\Embebidos\GccApplication1\GccApplication1\Librerias\libcoreArduinoUno.a(wiring.c.o)
                              LiquidCrystal.o (delayMicroseconds)
C:\Users\Lucio\Documents\GitHub\Embebidos\GccApplication1\GccApplication1\Librerias\libcoreArduinoUno.a(wiring_digital.c.o)
                              LiquidCrystal.o (pinMode)
C:\Users\Lucio\Documents\GitHub\Embebidos\GccApplication1\GccApplication1\Librerias\libcoreArduinoUno.a(hooks.c.o)
                              wiring.c.o (symbol from plugin) (yield)
c:/program files (x86)/atmel/studio/7.0/toolchain/avr8/avr8-gnu-toolchain/bin/../lib/gcc/avr/5.4.0/avr5\libgcc.a(_divmodhi4.o)
                              adc.o (__divmodhi4)
c:/program files (x86)/atmel/studio/7.0/toolchain/avr8/avr8-gnu-toolchain/bin/../lib/gcc/avr/5.4.0/avr5\libgcc.a(_exit.o)
                              C:/Program Files (x86)/Atmel/Studio/7.0/Packs/atmel/ATmega_DFP/1.2.209/gcc/dev/atmega328p/avr5/crtatmega328p.o (exit)
c:/program files (x86)/atmel/studio/7.0/toolchain/avr8/avr8-gnu-toolchain/bin/../lib/gcc/avr/5.4.0/avr5\libgcc.a(_copy_data.o)
                              teclado.o (__do_copy_data)
c:/program files (x86)/atmel/studio/7.0/toolchain/avr8/avr8-gnu-toolchain/bin/../lib/gcc/avr/5.4.0/avr5\libgcc.a(_clear_bss.o)
                              critical.o (__do_clear_bss)
c:/program files (x86)/atmel/studio/7.0/toolchain/avr8/avr8-gnu-toolchain/bin/../lib/gcc/avr/5.4.0/avr5\libgcc.a(_ctors.o)
                              main.o (__do_global_ctors)
c:/program files (x86)/atmel/studio/7.0/toolchain/avr8/avr8-gnu-toolchain/bin/../lib/gcc/avr/5.4.0/avr5\libgcc.a(_udivmodhi4.o)
                              c:/program files (x86)/atmel/studio/7.0/toolchain/avr8/avr8-gnu-toolchain/bin/../lib/gcc/avr/5.4.0/avr5\libgcc.a(_divmodhi4.o) (__udivmodhi4)
c:/program files (x86)/atmel/studio/7.0/toolchain/avr8/avr8-gnu-toolchain/bin/../lib/gcc/avr/5.4.0/avr5\libgcc.a(_tablejump2.o)
                              c:/program files (x86)/atmel/studio/7.0/toolchain/avr8/avr8-gnu-toolchain/bin/../lib/gcc/avr/5.4.0/avr5\libgcc.a(_ctors.o) (__tablejump2__)
c:/program files (x86)/atmel/studio/7.0/toolchain/avr8/avr8-gnu-toolchain/bin/../lib/gcc/avr/5.4.0/avr5\libgcc.a(_udivmodsi4.o)
                              C:\Users\Lucio\AppData\Local\Temp\ccUQscu5.ltrans0.ltrans.o (__udivmodsi4)

Discarded input sections

 .data          0x00000000        0x0 C:/Program Files (x86)/Atmel/Studio/7.0/Packs/atmel/ATmega_DFP/1.2.209/gcc/dev/atmega328p/avr5/crtatmega328p.o
 .bss           0x00000000        0x0 C:/Program Files (x86)/Atmel/Studio/7.0/Packs/atmel/ATmega_DFP/1.2.209/gcc/dev/atmega328p/avr5/crtatmega328p.o
 .text          0x00000000        0x0 critical.o
 .data          0x00000000        0x0 critical.o
 .bss           0x00000000        0x0 critical.o
 .text          0x00000000        0x0 sensor.o
 .data          0x00000000        0x0 sensor.o
 .bss           0x00000000        0x0 sensor.o
 .text          0x00000000        0x0 teclado.o
 .data          0x00000000        0x0 teclado.o
 .bss           0x00000000        0x0 teclado.o
 .bss._ZL9analogVal
                0x00000000        0x2 teclado.o
 .text          0x00000000        0x0 adc.o
 .data          0x00000000        0x0 adc.o
 .bss           0x00000000        0x0 adc.o
 .text          0x00000000        0x0 fnqueue.o
 .data          0x00000000        0x0 fnqueue.o
 .bss           0x00000000        0x0 fnqueue.o
 .group         0x00000000        0x8 LiquidCrystal.o
 .group         0x00000000        0x8 LiquidCrystal.o
 .group         0x00000000        0x8 LiquidCrystal.o
 .group         0x00000000        0x8 LiquidCrystal.o
 .text          0x00000000        0x0 LiquidCrystal.o
 .data          0x00000000        0x0 LiquidCrystal.o
 .bss           0x00000000        0x0 LiquidCrystal.o
 .text._ZN13LiquidCrystal13setRowOffsetsEiiii
                0x00000000       0x10 LiquidCrystal.o
 .text._ZN13LiquidCrystal4homeEv
                0x00000000       0x12 LiquidCrystal.o
 .text._ZN13LiquidCrystal9noDisplayEv
                0x00000000       0x12 LiquidCrystal.o
 .text._ZN13LiquidCrystal4initEhhhhhhhhhhhh
                0x00000000       0x5a LiquidCrystal.o
 .text._ZN13LiquidCrystalC2Ehhhhhhh
                0x00000000       0x44 LiquidCrystal.o
 .text._ZN13LiquidCrystalC2Ehhhhhhhhhh
                0x00000000       0x5c LiquidCrystal.o
 .text._ZN13LiquidCrystalC2Ehhhhhhhhhhh
                0x00000000       0x5c LiquidCrystal.o
 .text._ZN13LiquidCrystal8noCursorEv
                0x00000000       0x12 LiquidCrystal.o
 .text._ZN13LiquidCrystal6cursorEv
                0x00000000       0x14 LiquidCrystal.o
 .text._ZN13LiquidCrystal7noBlinkEv
                0x00000000       0x12 LiquidCrystal.o
 .text._ZN13LiquidCrystal5blinkEv
                0x00000000       0x14 LiquidCrystal.o
 .text._ZN13LiquidCrystal17scrollDisplayLeftEv
                0x00000000        0xa LiquidCrystal.o
 .text._ZN13LiquidCrystal18scrollDisplayRightEv
                0x00000000        0xa LiquidCrystal.o
 .text._ZN13LiquidCrystal11leftToRightEv
                0x00000000       0x14 LiquidCrystal.o
 .text._ZN13LiquidCrystal11rightToLeftEv
                0x00000000       0x12 LiquidCrystal.o
 .text._ZN13LiquidCrystal10autoscrollEv
                0x00000000       0x14 LiquidCrystal.o
 .text._ZN13LiquidCrystal12noAutoscrollEv
                0x00000000       0x12 LiquidCrystal.o
 .text._ZN13LiquidCrystal10createCharEhPh
                0x00000000       0x4e LiquidCrystal.o
 .text          0x00000000        0x0 main.o
 .data          0x00000000        0x0 main.o
 .bss           0x00000000        0x0 main.o
 .data          0x00000000        0x0 C:\Users\Lucio\AppData\Local\Temp\ccUQscu5.ltrans0.ltrans.o
 .text          0x00000000        0x0 Print.cpp.o (symbol from plugin)
 .gnu.linkonce.t._ZN5Print17availableForWriteEv
                0x00000000        0x0 Print.cpp.o (symbol from plugin)
 .gnu.linkonce.t._ZN5Print5flushEv
                0x00000000        0x0 Print.cpp.o (symbol from plugin)
 .gnu.linkonce.t._ZN5Print5writeEPKc
                0x00000000        0x0 Print.cpp.o (symbol from plugin)
 .gnu.linkonce.t._ZN5Print5writeEPKcj
                0x00000000        0x0 Print.cpp.o (symbol from plugin)
 .gnu.linkonce.t._ZTV5Print
                0x00000000        0x0 Print.cpp.o (symbol from plugin)
 .text          0x00000000        0x0 abi.cpp.o (symbol from plugin)
 .text          0x00000000        0x0 main.cpp.o (symbol from plugin)
 .text          0x00000000        0x0 wiring.c.o (symbol from plugin)
 .text          0x00000000        0x0 wiring_digital.c.o (symbol from plugin)
 .text          0x00000000        0x0 hooks.c.o (symbol from plugin)
 .text          0x00000000        0x0 c:/program files (x86)/atmel/studio/7.0/toolchain/avr8/avr8-gnu-toolchain/bin/../lib/gcc/avr/5.4.0/avr5\libgcc.a(_divmodhi4.o)
 .data          0x00000000        0x0 c:/program files (x86)/atmel/studio/7.0/toolchain/avr8/avr8-gnu-toolchain/bin/../lib/gcc/avr/5.4.0/avr5\libgcc.a(_divmodhi4.o)
 .bss           0x00000000        0x0 c:/program files (x86)/atmel/studio/7.0/toolchain/avr8/avr8-gnu-toolchain/bin/../lib/gcc/avr/5.4.0/avr5\libgcc.a(_divmodhi4.o)
 .text.libgcc.mul
                0x00000000        0x0 c:/program files (x86)/atmel/studio/7.0/toolchain/avr8/avr8-gnu-toolchain/bin/../lib/gcc/avr/5.4.0/avr5\libgcc.a(_divmodhi4.o)
 .text.libgcc   0x00000000        0x0 c:/program files (x86)/atmel/studio/7.0/toolchain/avr8/avr8-gnu-toolchain/bin/../lib/gcc/avr/5.4.0/avr5\libgcc.a(_divmodhi4.o)
 .text.libgcc.prologue
                0x00000000        0x0 c:/program files (x86)/atmel/studio/7.0/toolchain/avr8/avr8-gnu-toolchain/bin/../lib/gcc/avr/5.4.0/avr5\libgcc.a(_divmodhi4.o)
 .text.libgcc.builtins
                0x00000000        0x0 c:/program files (x86)/atmel/studio/7.0/toolchain/avr8/avr8-gnu-toolchain/bin/../lib/gcc/avr/5.4.0/avr5\libgcc.a(_divmodhi4.o)
 .text.libgcc.fmul
                0x00000000        0x0 c:/program files (x86)/atmel/studio/7.0/toolchain/avr8/avr8-gnu-toolchain/bin/../lib/gcc/avr/5.4.0/avr5\libgcc.a(_divmodhi4.o)
 .text.libgcc.fixed
                0x00000000        0x0 c:/program files (x86)/atmel/studio/7.0/toolchain/avr8/avr8-gnu-toolchain/bin/../lib/gcc/avr/5.4.0/avr5\libgcc.a(_divmodhi4.o)
 .text          0x00000000        0x0 c:/program files (x86)/atmel/studio/7.0/toolchain/avr8/avr8-gnu-toolchain/bin/../lib/gcc/avr/5.4.0/avr5\libgcc.a(_exit.o)
 .data          0x00000000        0x0 c:/program files (x86)/atmel/studio/7.0/toolchain/avr8/avr8-gnu-toolchain/bin/../lib/gcc/avr/5.4.0/avr5\libgcc.a(_exit.o)
 .bss           0x00000000        0x0 c:/program files (x86)/atmel/studio/7.0/toolchain/avr8/avr8-gnu-toolchain/bin/../lib/gcc/avr/5.4.0/avr5\libgcc.a(_exit.o)
 .text.libgcc.mul
                0x00000000        0x0 c:/program files (x86)/atmel/studio/7.0/toolchain/avr8/avr8-gnu-toolchain/bin/../lib/gcc/avr/5.4.0/avr5\libgcc.a(_exit.o)
 .text.libgcc.div
                0x00000000        0x0 c:/program files (x86)/atmel/studio/7.0/toolchain/avr8/avr8-gnu-toolchain/bin/../lib/gcc/avr/5.4.0/avr5\libgcc.a(_exit.o)
 .text.libgcc   0x00000000        0x0 c:/program files (x86)/atmel/studio/7.0/toolchain/avr8/avr8-gnu-toolchain/bin/../lib/gcc/avr/5.4.0/avr5\libgcc.a(_exit.o)
 .text.libgcc.prologue
                0x00000000        0x0 c:/program files (x86)/atmel/studio/7.0/toolchain/avr8/avr8-gnu-toolchain/bin/../lib/gcc/avr/5.4.0/avr5\libgcc.a(_exit.o)
 .text.libgcc.builtins
                0x00000000        0x0 c:/program files (x86)/atmel/studio/7.0/toolchain/avr8/avr8-gnu-toolchain/bin/../lib/gcc/avr/5.4.0/avr5\libgcc.a(_exit.o)
 .text.libgcc.fmul
                0x00000000        0x0 c:/program files (x86)/atmel/studio/7.0/toolchain/avr8/avr8-gnu-toolchain/bin/../lib/gcc/avr/5.4.0/avr5\libgcc.a(_exit.o)
 .text.libgcc.fixed
                0x00000000        0x0 c:/program files (x86)/atmel/studio/7.0/toolchain/avr8/avr8-gnu-toolchain/bin/../lib/gcc/avr/5.4.0/avr5\libgcc.a(_exit.o)
 .text          0x00000000        0x0 c:/program files (x86)/atmel/studio/7.0/toolchain/avr8/avr8-gnu-toolchain/bin/../lib/gcc/avr/5.4.0/avr5\libgcc.a(_copy_data.o)
 .data          0x00000000        0x0 c:/program files (x86)/atmel/studio/7.0/toolchain/avr8/avr8-gnu-toolchain/bin/../lib/gcc/avr/5.4.0/avr5\libgcc.a(_copy_data.o)
 .bss           0x00000000        0x0 c:/program files (x86)/atmel/studio/7.0/toolchain/avr8/avr8-gnu-toolchain/bin/../lib/gcc/avr/5.4.0/avr5\libgcc.a(_copy_data.o)
 .text.libgcc.mul
                0x00000000        0x0 c:/program files (x86)/atmel/studio/7.0/toolchain/avr8/avr8-gnu-toolchain/bin/../lib/gcc/avr/5.4.0/avr5\libgcc.a(_copy_data.o)
 .text.libgcc.div
                0x00000000        0x0 c:/program files (x86)/atmel/studio/7.0/toolchain/avr8/avr8-gnu-toolchain/bin/../lib/gcc/avr/5.4.0/avr5\libgcc.a(_copy_data.o)
 .text.libgcc   0x00000000        0x0 c:/program files (x86)/atmel/studio/7.0/toolchain/avr8/avr8-gnu-toolchain/bin/../lib/gcc/avr/5.4.0/avr5\libgcc.a(_copy_data.o)
 .text.libgcc.prologue
                0x00000000        0x0 c:/program files (x86)/atmel/studio/7.0/toolchain/avr8/avr8-gnu-toolchain/bin/../lib/gcc/avr/5.4.0/avr5\libgcc.a(_copy_data.o)
 .text.libgcc.builtins
                0x00000000        0x0 c:/program files (x86)/atmel/studio/7.0/toolchain/avr8/avr8-gnu-toolchain/bin/../lib/gcc/avr/5.4.0/avr5\libgcc.a(_copy_data.o)
 .text.libgcc.fmul
                0x00000000        0x0 c:/program files (x86)/atmel/studio/7.0/toolchain/avr8/avr8-gnu-toolchain/bin/../lib/gcc/avr/5.4.0/avr5\libgcc.a(_copy_data.o)
 .text.libgcc.fixed
                0x00000000        0x0 c:/program files (x86)/atmel/studio/7.0/toolchain/avr8/avr8-gnu-toolchain/bin/../lib/gcc/avr/5.4.0/avr5\libgcc.a(_copy_data.o)
 .text          0x00000000        0x0 c:/program files (x86)/atmel/studio/7.0/toolchain/avr8/avr8-gnu-toolchain/bin/../lib/gcc/avr/5.4.0/avr5\libgcc.a(_clear_bss.o)
 .data          0x00000000        0x0 c:/program files (x86)/atmel/studio/7.0/toolchain/avr8/avr8-gnu-toolchain/bin/../lib/gcc/avr/5.4.0/avr5\libgcc.a(_clear_bss.o)
 .bss           0x00000000        0x0 c:/program files (x86)/atmel/studio/7.0/toolchain/avr8/avr8-gnu-toolchain/bin/../lib/gcc/avr/5.4.0/avr5\libgcc.a(_clear_bss.o)
 .text.libgcc.mul
                0x00000000        0x0 c:/program files (x86)/atmel/studio/7.0/toolchain/avr8/avr8-gnu-toolchain/bin/../lib/gcc/avr/5.4.0/avr5\libgcc.a(_clear_bss.o)
 .text.libgcc.div
                0x00000000        0x0 c:/program files (x86)/atmel/studio/7.0/toolchain/avr8/avr8-gnu-toolchain/bin/../lib/gcc/avr/5.4.0/avr5\libgcc.a(_clear_bss.o)
 .text.libgcc   0x00000000        0x0 c:/program files (x86)/atmel/studio/7.0/toolchain/avr8/avr8-gnu-toolchain/bin/../lib/gcc/avr/5.4.0/avr5\libgcc.a(_clear_bss.o)
 .text.libgcc.prologue
                0x00000000        0x0 c:/program files (x86)/atmel/studio/7.0/toolchain/avr8/avr8-gnu-toolchain/bin/../lib/gcc/avr/5.4.0/avr5\libgcc.a(_clear_bss.o)
 .text.libgcc.builtins
                0x00000000        0x0 c:/program files (x86)/atmel/studio/7.0/toolchain/avr8/avr8-gnu-toolchain/bin/../lib/gcc/avr/5.4.0/avr5\libgcc.a(_clear_bss.o)
 .text.libgcc.fmul
                0x00000000        0x0 c:/program files (x86)/atmel/studio/7.0/toolchain/avr8/avr8-gnu-toolchain/bin/../lib/gcc/avr/5.4.0/avr5\libgcc.a(_clear_bss.o)
 .text.libgcc.fixed
                0x00000000        0x0 c:/program files (x86)/atmel/studio/7.0/toolchain/avr8/avr8-gnu-toolchain/bin/../lib/gcc/avr/5.4.0/avr5\libgcc.a(_clear_bss.o)
 .text          0x00000000        0x0 c:/program files (x86)/atmel/studio/7.0/toolchain/avr8/avr8-gnu-toolchain/bin/../lib/gcc/avr/5.4.0/avr5\libgcc.a(_ctors.o)
 .data          0x00000000        0x0 c:/program files (x86)/atmel/studio/7.0/toolchain/avr8/avr8-gnu-toolchain/bin/../lib/gcc/avr/5.4.0/avr5\libgcc.a(_ctors.o)
 .bss           0x00000000        0x0 c:/program files (x86)/atmel/studio/7.0/toolchain/avr8/avr8-gnu-toolchain/bin/../lib/gcc/avr/5.4.0/avr5\libgcc.a(_ctors.o)
 .text.libgcc.mul
                0x00000000        0x0 c:/program files (x86)/atmel/studio/7.0/toolchain/avr8/avr8-gnu-toolchain/bin/../lib/gcc/avr/5.4.0/avr5\libgcc.a(_ctors.o)
 .text.libgcc.div
                0x00000000        0x0 c:/program files (x86)/atmel/studio/7.0/toolchain/avr8/avr8-gnu-toolchain/bin/../lib/gcc/avr/5.4.0/avr5\libgcc.a(_ctors.o)
 .text.libgcc   0x00000000        0x0 c:/program files (x86)/atmel/studio/7.0/toolchain/avr8/avr8-gnu-toolchain/bin/../lib/gcc/avr/5.4.0/avr5\libgcc.a(_ctors.o)
 .text.libgcc.prologue
                0x00000000        0x0 c:/program files (x86)/atmel/studio/7.0/toolchain/avr8/avr8-gnu-toolchain/bin/../lib/gcc/avr/5.4.0/avr5\libgcc.a(_ctors.o)
 .text.libgcc.builtins
                0x00000000        0x0 c:/program files (x86)/atmel/studio/7.0/toolchain/avr8/avr8-gnu-toolchain/bin/../lib/gcc/avr/5.4.0/avr5\libgcc.a(_ctors.o)
 .text.libgcc.fmul
                0x00000000        0x0 c:/program files (x86)/atmel/studio/7.0/toolchain/avr8/avr8-gnu-toolchain/bin/../lib/gcc/avr/5.4.0/avr5\libgcc.a(_ctors.o)
 .text.libgcc.fixed
                0x00000000        0x0 c:/program files (x86)/atmel/studio/7.0/toolchain/avr8/avr8-gnu-toolchain/bin/../lib/gcc/avr/5.4.0/avr5\libgcc.a(_ctors.o)
 .text          0x00000000        0x0 c:/program files (x86)/atmel/studio/7.0/toolchain/avr8/avr8-gnu-toolchain/bin/../lib/gcc/avr/5.4.0/avr5\libgcc.a(_udivmodhi4.o)
 .data          0x00000000        0x0 c:/program files (x86)/atmel/studio/7.0/toolchain/avr8/avr8-gnu-toolchain/bin/../lib/gcc/avr/5.4.0/avr5\libgcc.a(_udivmodhi4.o)
 .bss           0x00000000        0x0 c:/program files (x86)/atmel/studio/7.0/toolchain/avr8/avr8-gnu-toolchain/bin/../lib/gcc/avr/5.4.0/avr5\libgcc.a(_udivmodhi4.o)
 .text.libgcc.mul
                0x00000000        0x0 c:/program files (x86)/atmel/studio/7.0/toolchain/avr8/avr8-gnu-toolchain/bin/../lib/gcc/avr/5.4.0/avr5\libgcc.a(_udivmodhi4.o)
 .text.libgcc   0x00000000        0x0 c:/program files (x86)/atmel/studio/7.0/toolchain/avr8/avr8-gnu-toolchain/bin/../lib/gcc/avr/5.4.0/avr5\libgcc.a(_udivmodhi4.o)
 .text.libgcc.prologue
                0x00000000        0x0 c:/program files (x86)/atmel/studio/7.0/toolchain/avr8/avr8-gnu-toolchain/bin/../lib/gcc/avr/5.4.0/avr5\libgcc.a(_udivmodhi4.o)
 .text.libgcc.builtins
                0x00000000        0x0 c:/program files (x86)/atmel/studio/7.0/toolchain/avr8/avr8-gnu-toolchain/bin/../lib/gcc/avr/5.4.0/avr5\libgcc.a(_udivmodhi4.o)
 .text.libgcc.fmul
                0x00000000        0x0 c:/program files (x86)/atmel/studio/7.0/toolchain/avr8/avr8-gnu-toolchain/bin/../lib/gcc/avr/5.4.0/avr5\libgcc.a(_udivmodhi4.o)
 .text.libgcc.fixed
                0x00000000        0x0 c:/program files (x86)/atmel/studio/7.0/toolchain/avr8/avr8-gnu-toolchain/bin/../lib/gcc/avr/5.4.0/avr5\libgcc.a(_udivmodhi4.o)
 .text          0x00000000        0x0 c:/program files (x86)/atmel/studio/7.0/toolchain/avr8/avr8-gnu-toolchain/bin/../lib/gcc/avr/5.4.0/avr5\libgcc.a(_tablejump2.o)
 .data          0x00000000        0x0 c:/program files (x86)/atmel/studio/7.0/toolchain/avr8/avr8-gnu-toolchain/bin/../lib/gcc/avr/5.4.0/avr5\libgcc.a(_tablejump2.o)
 .bss           0x00000000        0x0 c:/program files (x86)/atmel/studio/7.0/toolchain/avr8/avr8-gnu-toolchain/bin/../lib/gcc/avr/5.4.0/avr5\libgcc.a(_tablejump2.o)
 .text.libgcc.mul
                0x00000000        0x0 c:/program files (x86)/atmel/studio/7.0/toolchain/avr8/avr8-gnu-toolchain/bin/../lib/gcc/avr/5.4.0/avr5\libgcc.a(_tablejump2.o)
 .text.libgcc.div
                0x00000000        0x0 c:/program files (x86)/atmel/studio/7.0/toolchain/avr8/avr8-gnu-toolchain/bin/../lib/gcc/avr/5.4.0/avr5\libgcc.a(_tablejump2.o)
 .text.libgcc.prologue
                0x00000000        0x0 c:/program files (x86)/atmel/studio/7.0/toolchain/avr8/avr8-gnu-toolchain/bin/../lib/gcc/avr/5.4.0/avr5\libgcc.a(_tablejump2.o)
 .text.libgcc.builtins
                0x00000000        0x0 c:/program files (x86)/atmel/studio/7.0/toolchain/avr8/avr8-gnu-toolchain/bin/../lib/gcc/avr/5.4.0/avr5\libgcc.a(_tablejump2.o)
 .text.libgcc.fmul
                0x00000000        0x0 c:/program files (x86)/atmel/studio/7.0/toolchain/avr8/avr8-gnu-toolchain/bin/../lib/gcc/avr/5.4.0/avr5\libgcc.a(_tablejump2.o)
 .text.libgcc.fixed
                0x00000000        0x0 c:/program files (x86)/atmel/studio/7.0/toolchain/avr8/avr8-gnu-toolchain/bin/../lib/gcc/avr/5.4.0/avr5\libgcc.a(_tablejump2.o)
 .text          0x00000000        0x0 c:/program files (x86)/atmel/studio/7.0/toolchain/avr8/avr8-gnu-toolchain/bin/../lib/gcc/avr/5.4.0/avr5\libgcc.a(_udivmodsi4.o)
 .data          0x00000000        0x0 c:/program files (x86)/atmel/studio/7.0/toolchain/avr8/avr8-gnu-toolchain/bin/../lib/gcc/avr/5.4.0/avr5\libgcc.a(_udivmodsi4.o)
 .bss           0x00000000        0x0 c:/program files (x86)/atmel/studio/7.0/toolchain/avr8/avr8-gnu-toolchain/bin/../lib/gcc/avr/5.4.0/avr5\libgcc.a(_udivmodsi4.o)
 .text.libgcc.mul
                0x00000000        0x0 c:/program files (x86)/atmel/studio/7.0/toolchain/avr8/avr8-gnu-toolchain/bin/../lib/gcc/avr/5.4.0/avr5\libgcc.a(_udivmodsi4.o)
 .text.libgcc   0x00000000        0x0 c:/program files (x86)/atmel/studio/7.0/toolchain/avr8/avr8-gnu-toolchain/bin/../lib/gcc/avr/5.4.0/avr5\libgcc.a(_udivmodsi4.o)
 .text.libgcc.prologue
                0x00000000        0x0 c:/program files (x86)/atmel/studio/7.0/toolchain/avr8/avr8-gnu-toolchain/bin/../lib/gcc/avr/5.4.0/avr5\libgcc.a(_udivmodsi4.o)
 .text.libgcc.builtins
                0x00000000        0x0 c:/program files (x86)/atmel/studio/7.0/toolchain/avr8/avr8-gnu-toolchain/bin/../lib/gcc/avr/5.4.0/avr5\libgcc.a(_udivmodsi4.o)
 .text.libgcc.fmul
                0x00000000        0x0 c:/program files (x86)/atmel/studio/7.0/toolchain/avr8/avr8-gnu-toolchain/bin/../lib/gcc/avr/5.4.0/avr5\libgcc.a(_udivmodsi4.o)
 .text.libgcc.fixed
                0x00000000        0x0 c:/program files (x86)/atmel/studio/7.0/toolchain/avr8/avr8-gnu-toolchain/bin/../lib/gcc/avr/5.4.0/avr5\libgcc.a(_udivmodsi4.o)

Memory Configuration

Name             Origin             Length             Attributes
text             0x00000000         0x00020000         xr
data             0x00800060         0x0000ffa0         rw !x
eeprom           0x00810000         0x00010000         rw !x
fuse             0x00820000         0x00000003         rw !x
lock             0x00830000         0x00000400         rw !x
signature        0x00840000         0x00000400         rw !x
user_signatures  0x00850000         0x00000400         rw !x
*default*        0x00000000         0xffffffff

Linker script and memory map

Address of section .data set to 0x800100
LOAD C:/Program Files (x86)/Atmel/Studio/7.0/Packs/atmel/ATmega_DFP/1.2.209/gcc/dev/atmega328p/avr5/crtatmega328p.o
LOAD critical.o
LOAD sensor.o
LOAD teclado.o
LOAD adc.o
LOAD fnqueue.o
LOAD LiquidCrystal.o
LOAD main.o
LOAD C:\Users\Lucio\AppData\Local\Temp\ccUQscu5.ltrans0.ltrans.o
START GROUP
LOAD c:/program files (x86)/atmel/studio/7.0/toolchain/avr8/avr8-gnu-toolchain/bin/../lib/gcc/avr/5.4.0/../../../../avr/lib/avr5\libm.a
LOAD C:\Users\Lucio\Documents\GitHub\Embebidos\GccApplication1\GccApplication1\Librerias\libcoreArduinoUno.a
END GROUP
LOAD c:/program files (x86)/atmel/studio/7.0/toolchain/avr8/avr8-gnu-toolchain/bin/../lib/gcc/avr/5.4.0/avr5\libgcc.a
LOAD c:/program files (x86)/atmel/studio/7.0/toolchain/avr8/avr8-gnu-toolchain/bin/../lib/gcc/avr/5.4.0/../../../../avr/lib/avr5\libm.a
START GROUP
LOAD c:/program files (x86)/atmel/studio/7.0/toolchain/avr8/avr8-gnu-toolchain/bin/../lib/gcc/avr/5.4.0/avr5\libgcc.a
LOAD c:/program files (x86)/atmel/studio/7.0/toolchain/avr8/avr8-gnu-toolchain/bin/../lib/gcc/avr/5.4.0/../../../../avr/lib/avr5\libm.a
LOAD c:/program files (x86)/atmel/studio/7.0/toolchain/avr8/avr8-gnu-toolchain/bin/../lib/gcc/avr/5.4.0/../../../../avr/lib/avr5\libc.a
LOAD C:/Program Files (x86)/Atmel/Studio/7.0/Packs/atmel/ATmega_DFP/1.2.209/gcc/dev/atmega328p/avr5\libatmega328p.a
END GROUP
                0x00020000                __TEXT_REGION_LENGTH__ = DEFINED (__TEXT_REGION_LENGTH__)?__TEXT_REGION_LENGTH__:0x20000
                0x0000ffa0                __DATA_REGION_LENGTH__ = DEFINED (__DATA_REGION_LENGTH__)?__DATA_REGION_LENGTH__:0xffa0
                0x00010000                __EEPROM_REGION_LENGTH__ = DEFINED (__EEPROM_REGION_LENGTH__)?__EEPROM_REGION_LENGTH__:0x10000
                [0x00000003]                __FUSE_REGION_LENGTH__ = DEFINED (__FUSE_REGION_LENGTH__)?__FUSE_REGION_LENGTH__:0x400
                0x00000400                __LOCK_REGION_LENGTH__ = DEFINED (__LOCK_REGION_LENGTH__)?__LOCK_REGION_LENGTH__:0x400
                0x00000400                __SIGNATURE_REGION_LENGTH__ = DEFINED (__SIGNATURE_REGION_LENGTH__)?__SIGNATURE_REGION_LENGTH__:0x400
                0x00000400                __USER_SIGNATURE_REGION_LENGTH__ = DEFINED (__USER_SIGNATURE_REGION_LENGTH__)?__USER_SIGNATURE_REGION_LENGTH__:0x400

.hash
 *(.hash)

.dynsym
 *(.dynsym)

.dynstr
 *(.dynstr)

.gnu.version
 *(.gnu.version)

.gnu.version_d
 *(.gnu.version_d)

.gnu.version_r
 *(.gnu.version_r)

.rel.init
 *(.rel.init)

.rela.init
 *(.rela.init)

.rel.text
 *(.rel.text)
 *(.rel.text.*)
 *(.rel.gnu.linkonce.t*)

.rela.text
 *(.rela.text)
 *(.rela.text.*)
 *(.rela.gnu.linkonce.t*)

.rel.fini
 *(.rel.fini)

.rela.fini
 *(.rela.fini)

.rel.rodata
 *(.rel.rodata)
 *(.rel.rodata.*)
 *(.rel.gnu.linkonce.r*)

.rela.rodata
 *(.rela.rodata)
 *(.rela.rodata.*)
 *(.rela.gnu.linkonce.r*)

.rel.data
 *(.rel.data)
 *(.rel.data.*)
 *(.rel.gnu.linkonce.d*)

.rela.data
 *(.rela.data)
 *(.rela.data.*)
 *(.rela.gnu.linkonce.d*)

.rel.ctors
 *(.rel.ctors)

.rela.ctors
 *(.rela.ctors)

.rel.dtors
 *(.rel.dtors)

.rela.dtors
 *(.rela.dtors)

.rel.got
 *(.rel.got)

.rela.got
 *(.rela.got)

.rel.bss
 *(.rel.bss)

.rela.bss
 *(.rela.bss)

.rel.plt
 *(.rel.plt)

.rela.plt
 *(.rela.plt)

.text           0x00000000     0x1266
 *(.vectors)
 .vectors       0x00000000       0x68 C:/Program Files (x86)/Atmel/Studio/7.0/Packs/atmel/ATmega_DFP/1.2.209/gcc/dev/atmega328p/avr5/crtatmega328p.o
                0x00000000                __vector_default
                0x00000000                __vectors
 *(.vectors)
 *(.progmem.gcc*)
                0x00000068                . = ALIGN (0x2)
                0x00000068                __trampolines_start = .
 *(.trampolines)
 .trampolines   0x00000068        0x0 linker stubs
 *(.trampolines*)
                0x00000068                __trampolines_end = .
 *libprintf_flt.a:*(.progmem.data)
 *libc.a:*(.progmem.data)
 *(.progmem*)
 .progmem.data  0x00000068       0x50 C:\Users\Lucio\AppData\Local\Temp\ccUQscu5.ltrans0.ltrans.o
                0x000000b8                . = ALIGN (0x2)
 *(.jumptables)
 *(.jumptables*)
 *(.lowtext)
 *(.lowtext*)
                0x000000b8                __ctors_start = .
 *(.ctors)
 .ctors         0x000000b8        0x2 main.o
                0x000000ba                __ctors_end = .
                0x000000ba                __dtors_start = .
 *(.dtors)
                0x000000ba                __dtors_end = .
 SORT(*)(.ctors)
 SORT(*)(.dtors)
 *(.init0)
 .init0         0x000000ba        0x0 C:/Program Files (x86)/Atmel/Studio/7.0/Packs/atmel/ATmega_DFP/1.2.209/gcc/dev/atmega328p/avr5/crtatmega328p.o
                0x000000ba                __init
 *(.init0)
 *(.init1)
 *(.init1)
 *(.init2)
 .init2         0x000000ba        0xc C:/Program Files (x86)/Atmel/Studio/7.0/Packs/atmel/ATmega_DFP/1.2.209/gcc/dev/atmega328p/avr5/crtatmega328p.o
 *(.init2)
 *(.init3)
 *(.init3)
 *(.init4)
 .init4         0x000000c6       0x16 c:/program files (x86)/atmel/studio/7.0/toolchain/avr8/avr8-gnu-toolchain/bin/../lib/gcc/avr/5.4.0/avr5\libgcc.a(_copy_data.o)
                0x000000c6                __do_copy_data
 .init4         0x000000dc       0x10 c:/program files (x86)/atmel/studio/7.0/toolchain/avr8/avr8-gnu-toolchain/bin/../lib/gcc/avr/5.4.0/avr5\libgcc.a(_clear_bss.o)
                0x000000dc                __do_clear_bss
 *(.init4)
 *(.init5)
 *(.init5)
 *(.init6)
 .init6         0x000000ec       0x16 c:/program files (x86)/atmel/studio/7.0/toolchain/avr8/avr8-gnu-toolchain/bin/../lib/gcc/avr/5.4.0/avr5\libgcc.a(_ctors.o)
                0x000000ec                __do_global_ctors
 *(.init6)
 *(.init7)
 *(.init7)
 *(.init8)
 *(.init8)
 *(.init9)
 .init9         0x00000102        0x8 C:/Program Files (x86)/Atmel/Studio/7.0/Packs/atmel/ATmega_DFP/1.2.209/gcc/dev/atmega328p/avr5/crtatmega328p.o
 *(.init9)
 *(.text)
 .text          0x0000010a        0x4 C:/Program Files (x86)/Atmel/Studio/7.0/Packs/atmel/ATmega_DFP/1.2.209/gcc/dev/atmega328p/avr5/crtatmega328p.o
                0x0000010a                __vector_22
                0x0000010a                __vector_1
                0x0000010a                __vector_24
                0x0000010a                __vector_12
                0x0000010a                __bad_interrupt
                0x0000010a                __vector_6
                0x0000010a                __vector_3
                0x0000010a                __vector_23
                0x0000010a                __vector_25
                0x0000010a                __vector_11
                0x0000010a                __vector_13
                0x0000010a                __vector_17
                0x0000010a                __vector_19
                0x0000010a                __vector_7
                0x0000010a                __vector_5
                0x0000010a                __vector_4
                0x0000010a                __vector_2
                0x0000010a                __vector_15
                0x0000010a                __vector_8
                0x0000010a                __vector_14
                0x0000010a                __vector_10
                0x0000010a                __vector_18
                0x0000010a                __vector_20
 .text          0x0000010e      0x2e8 C:\Users\Lucio\AppData\Local\Temp\ccUQscu5.ltrans0.ltrans.o
                0x00000138                digitalWrite
                0x000001d2                pinMode
                0x0000024a                delayMicroseconds
                0x00000260                __vector_16
                0x000002f4                _ZN5Print5printEhi
                0x0000039e                _ZN5Print5printEPKc
                0x000003a2                _ZN5Print5writeEPKhj
                0x000003f6                . = ALIGN (0x2)
 *(.text.*)
 .text._Z14critical_beginv
                0x000003f6       0x48 critical.o
                0x000003f6                _Z14critical_beginv
 .text._Z12critical_endv
                0x0000043e       0x3c critical.o
                0x0000043e                _Z12critical_endv
 .text._Z19procesar_adc_sensorv
                0x0000047a       0x2e sensor.o
                0x0000047a                _Z19procesar_adc_sensorv
 .text._Z15sensor_callbackj
                0x000004a8       0x12 sensor.o
                0x000004a8                _Z15sensor_callbackj
 .text._Z12sensor_setupPFviE
                0x000004ba       0x2c sensor.o
                0x000004ba                _Z12sensor_setupPFviE
 .text._Z20procesar_adc_tecladoj
                0x000004e6       0xbc teclado.o
                0x000004e6                _Z20procesar_adc_tecladoj
 .text._Z15key_up_callbackPFvvEi
                0x000005a2       0x1a teclado.o
                0x000005a2                _Z15key_up_callbackPFvvEi
 .text._Z17key_down_callbackPFvvEi
                0x000005bc       0x1a teclado.o
                0x000005bc                _Z17key_down_callbackPFvvEi
 .text._Z13teclado_setupv
                0x000005d6       0x1c teclado.o
                0x000005d6                _Z13teclado_setupv
 .text._Z14llamarCallbackv
                0x000005f2       0x32 adc.o
                0x000005f2                _Z14llamarCallbackv
 .text._Z8adc_initP7adc_cfg
                0x00000624      0x13c adc.o
                0x00000624                _Z8adc_initP7adc_cfg
 .text.__vector_21
                0x00000760      0x166 adc.o
                0x00000760                __vector_21
 .text._Z12fnqueue_initv
                0x000008c6       0x10 fnqueue.o
                0x000008c6                _Z12fnqueue_initv
 .text._Z11fnqueue_runv
                0x000008d6       0x58 fnqueue.o
                0x000008d6                _Z11fnqueue_runv
 .text._Z11fnqueue_addPFvvE
                0x0000092e       0x54 fnqueue.o
                0x0000092e                _Z11fnqueue_addPFvvE
 .text._ZN5Print17availableForWriteEv
                0x00000982        0x6 LiquidCrystal.o
                0x00000982                _ZN5Print17availableForWriteEv
 .text._ZN5Print5flushEv
                0x00000988        0x2 LiquidCrystal.o
                0x00000988                _ZN5Print5flushEv
 .text._ZN13LiquidCrystal11pulseEnableEv
                0x0000098a       0x3c LiquidCrystal.o
                0x0000098a                _ZN13LiquidCrystal11pulseEnableEv
 .text._ZN13LiquidCrystal10write4bitsEh
                0x000009c6       0x5a LiquidCrystal.o
                0x000009c6                _ZN13LiquidCrystal10write4bitsEh
 .text._ZN13LiquidCrystal10write8bitsEh
                0x00000a20       0x5a LiquidCrystal.o
                0x00000a20                _ZN13LiquidCrystal10write8bitsEh
 .text._ZN13LiquidCrystal4sendEhh
                0x00000a7a       0x58 LiquidCrystal.o
                0x00000a7a                _ZN13LiquidCrystal4sendEhh
 .text._ZN13LiquidCrystal5clearEv
                0x00000ad2       0x12 LiquidCrystal.o
                0x00000ad2                _ZN13LiquidCrystal5clearEv
 .text._ZN13LiquidCrystal9setCursorEhh
                0x00000ae4       0x2a LiquidCrystal.o
                0x00000ae4                _ZN13LiquidCrystal9setCursorEhh
 .text._ZN13LiquidCrystal7displayEv
                0x00000b0e       0x14 LiquidCrystal.o
                0x00000b0e                _ZN13LiquidCrystal7displayEv
 .text._ZN13LiquidCrystal5beginEhhh
                0x00000b22      0x176 LiquidCrystal.o
                0x00000b22                _ZN13LiquidCrystal5beginEhhh
 .text._ZN13LiquidCrystalC2Ehhhhhh
                0x00000c98       0x42 LiquidCrystal.o
                0x00000c98                _ZN13LiquidCrystalC1Ehhhhhh
                0x00000c98                _ZN13LiquidCrystalC2Ehhhhhh
 .text._ZN13LiquidCrystal5writeEh
                0x00000cda        0xc LiquidCrystal.o
                0x00000cda                _ZN13LiquidCrystal5writeEh
 .text._Z14tomar_medicioni
                0x00000ce6        0xa main.o
                0x00000ce6                _Z14tomar_medicioni
 .text._Z12up_keySelectv
                0x00000cf0        0x2 main.o
                0x00000cf0                _Z12up_keySelectv
 .text._Z10down_keyUpv
                0x00000cf2        0x2 main.o
                0x00000cf2                _Z10down_keyUpv
 .text._Z12down_keyDownv
                0x00000cf4        0x2 main.o
                0x00000cf4                _Z12down_keyDownv
 .text._Z12down_keyLeftv
                0x00000cf6        0x2 main.o
                0x00000cf6                _Z12down_keyLeftv
 .text._Z13down_keyRightv
                0x00000cf8        0x2 main.o
                0x00000cf8                _Z13down_keyRightv
 .text._Z14down_keySelectv
                0x00000cfa        0x2 main.o
                0x00000cfa                _Z14down_keySelectv
 .text._Z11guardarTempa
                0x00000cfc       0x3a main.o
                0x00000cfc                _Z11guardarTempa
 .text._Z8auxiliarv
                0x00000d36        0xa main.o
                0x00000d36                _Z8auxiliarv
 .text._Z17updateCurrentTempv
                0x00000d40        0xa main.o
                0x00000d40                _Z17updateCurrentTempv
 .text._Z17updateAverageTempv
                0x00000d4a       0x46 main.o
                0x00000d4a                _Z17updateAverageTempv
 .text._Z13updateMaxTempv
                0x00000d90       0x36 main.o
                0x00000d90                _Z13updateMaxTempv
 .text._Z13updateMinTempv
                0x00000dc6       0x36 main.o
                0x00000dc6                _Z13updateMinTempv
 .text._Z15showCurrentTempv
                0x00000dfc       0x4e main.o
                0x00000dfc                _Z15showCurrentTempv
 .text._Z10up_keyLeftv
                0x00000e4a        0xa main.o
                0x00000e4a                _Z10up_keyLeftv
 .text._Z15showAverageTempv
                0x00000e54       0x4e main.o
                0x00000e54                _Z15showAverageTempv
 .text._Z11up_keyRightv
                0x00000ea2        0xa main.o
                0x00000ea2                _Z11up_keyRightv
 .text._Z11showMaxTempv
                0x00000eac       0x4e main.o
                0x00000eac                _Z11showMaxTempv
 .text._Z8up_keyUpv
                0x00000efa        0xa main.o
                0x00000efa                _Z8up_keyUpv
 .text._Z11showMinTempv
                0x00000f04       0x4e main.o
                0x00000f04                _Z11showMinTempv
 .text._Z10up_keyDownv
                0x00000f52        0xa main.o
                0x00000f52                _Z10up_keyDownv
 .text.setup    0x00000f5c      0x11c main.o
                0x00000f5c                setup
 .text.loop     0x00001078        0x6 main.o
                0x00001078                loop
 .text.__vector_9
                0x0000107e       0x7a main.o
                0x0000107e                __vector_9
 .text._GLOBAL__sub_I_lcd
                0x000010f8       0x2e main.o
 .text.startup  0x00001126       0x9c C:\Users\Lucio\AppData\Local\Temp\ccUQscu5.ltrans0.ltrans.o
                0x00001126                main
 .text.libgcc.div
                0x000011c2       0x28 c:/program files (x86)/atmel/studio/7.0/toolchain/avr8/avr8-gnu-toolchain/bin/../lib/gcc/avr/5.4.0/avr5\libgcc.a(_divmodhi4.o)
                0x000011c2                _div
                0x000011c2                __divmodhi4
 .text.libgcc.div
                0x000011ea       0x28 c:/program files (x86)/atmel/studio/7.0/toolchain/avr8/avr8-gnu-toolchain/bin/../lib/gcc/avr/5.4.0/avr5\libgcc.a(_udivmodhi4.o)
                0x000011ea                __udivmodhi4
 .text.libgcc   0x00001212        0xc c:/program files (x86)/atmel/studio/7.0/toolchain/avr8/avr8-gnu-toolchain/bin/../lib/gcc/avr/5.4.0/avr5\libgcc.a(_tablejump2.o)
                0x00001212                __tablejump2__
 .text.libgcc.div
                0x0000121e       0x44 c:/program files (x86)/atmel/studio/7.0/toolchain/avr8/avr8-gnu-toolchain/bin/../lib/gcc/avr/5.4.0/avr5\libgcc.a(_udivmodsi4.o)
                0x0000121e                __udivmodsi4
                0x00001262                . = ALIGN (0x2)
 *(.fini9)
 .fini9         0x00001262        0x0 c:/program files (x86)/atmel/studio/7.0/toolchain/avr8/avr8-gnu-toolchain/bin/../lib/gcc/avr/5.4.0/avr5\libgcc.a(_exit.o)
                0x00001262                _exit
                0x00001262                exit
 *(.fini9)
 *(.fini8)
 *(.fini8)
 *(.fini7)
 *(.fini7)
 *(.fini6)
 *(.fini6)
 *(.fini5)
 *(.fini5)
 *(.fini4)
 *(.fini4)
 *(.fini3)
 *(.fini3)
 *(.fini2)
 *(.fini2)
 *(.fini1)
 *(.fini1)
 *(.fini0)
 .fini0         0x00001262        0x4 c:/program files (x86)/atmel/studio/7.0/toolchain/avr8/avr8-gnu-toolchain/bin/../lib/gcc/avr/5.4.0/avr5\libgcc.a(_exit.o)
 *(.fini0)
                0x00001266                _etext = .

.data           0x00800100       0x90 load address 0x00001266
                0x00800100                PROVIDE (__data_start, .)
 *(.data)
 *(.data*)
 .data._ZL6oldkey
                0x00800100        0x2 teclado.o
 .data._ZL7tempMin
                0x00800102        0x1 main.o
 *(.gnu.linkonce.d*)
 *(.rodata)
 *(.rodata*)
 .rodata._ZTV13LiquidCrystal
                0x00800103        0xc LiquidCrystal.o
                0x00800103                _ZTV13LiquidCrystal
 .rodata.str1.1
                0x0080010f       0x80 main.o
                                 0x8d (size before relaxing)
 *(.gnu.linkonce.r*)
                0x00800190                . = ALIGN (0x2)
 *fill*         0x0080018f        0x1 
                0x00800190                _edata = .
                0x00800190                PROVIDE (__data_end, .)

.bss            0x00800190      0x18d
                0x00800190                PROVIDE (__bss_start, .)
 *(.bss)
 .bss           0x00800190        0x9 C:\Users\Lucio\AppData\Local\Temp\ccUQscu5.ltrans0.ltrans.o
 *(.bss*)
 .bss._ZL11anidamiento
                0x00800199        0x2 critical.o
 .bss.callback_sensor
                0x0080019b        0x2 sensor.o
                0x0080019b                callback_sensor
 .bss._ZL6config
                0x0080019d        0xa sensor.o
 .bss._ZL9analogVal
                0x008001a7        0x2 sensor.o
 .bss.teclasCallback
                0x008001a9       0x14 teclado.o
                0x008001a9                teclasCallback
 .bss._ZL6config
                0x008001bd        0xa teclado.o
 .bss.i         0x008001c7        0x1 adc.o
                0x008001c7                i
 .bss.valor_leido
                0x008001c8        0x2 adc.o
                0x008001c8                valor_leido
 .bss.seteados  0x008001ca        0x6 adc.o
                0x008001ca                seteados
 .bss.canales   0x008001d0       0x3c adc.o
                0x008001d0                canales
 .bss.contador  0x0080020c        0x1 adc.o
                0x0080020c                contador
 .bss.fnLlamar  0x0080020d        0x1 adc.o
                0x0080020d                fnLlamar
 .bss.canalConvirtiendo
                0x0080020e        0x1 adc.o
                0x0080020e                canalConvirtiendo
 .bss.iniciado  0x0080020f        0x1 adc.o
                0x0080020f                iniciado
 .bss._ZL13fnqueue_count
                0x00800210        0x1 fnqueue.o
 .bss._ZL12fnqueue_tail
                0x00800211        0x1 fnqueue.o
 .bss._ZL12fnqueue_head
                0x00800212        0x1 fnqueue.o
 .bss._ZL17fnqueue_functions
                0x00800213       0x20 fnqueue.o
 .bss.lcd       0x00800233       0x18 main.o
                0x00800233                lcd
 .bss._ZL13indiceArreglo
                0x0080024b        0x1 main.o
 .bss._ZL9cantTemps
                0x0080024c        0x1 main.o
 .bss._ZL12tempPromedio
                0x0080024d        0x1 main.o
 .bss._ZL7tempMax
                0x0080024e        0x1 main.o
 .bss._ZL10tempActual
                0x0080024f        0x1 main.o
 .bss._ZL5temps
                0x00800250       0xc8 main.o
 .bss._ZL17temperaturaMedida
                0x00800318        0x2 main.o
 .bss._ZL8contador
                0x0080031a        0x2 main.o
 .bss._ZL8timerOvf
                0x0080031c        0x1 main.o
 *(COMMON)
                0x0080031d                PROVIDE (__bss_end, .)
                0x00001266                __data_load_start = LOADADDR (.data)
                0x000012f6                __data_load_end = (__data_load_start + SIZEOF (.data))

.noinit         0x0080031d        0x0
                [!provide]                PROVIDE (__noinit_start, .)
 *(.noinit*)
                [!provide]                PROVIDE (__noinit_end, .)
                0x0080031d                _end = .
                [!provide]                PROVIDE (__heap_start, .)

.eeprom         0x00810000        0x0
 *(.eeprom*)
                0x00810000                __eeprom_end = .

.fuse
 *(.fuse)
 *(.lfuse)
 *(.hfuse)
 *(.efuse)

.lock
 *(.lock*)

.signature
 *(.signature*)

.user_signatures
 *(.user_signatures*)

.stab
 *(.stab)

.stabstr
 *(.stabstr)

.stab.excl
 *(.stab.excl)

.stab.exclstr
 *(.stab.exclstr)

.stab.index
 *(.stab.index)

.stab.indexstr
 *(.stab.indexstr)

.comment        0x00000000       0x30
 *(.comment)
 .comment       0x00000000       0x30 critical.o
                                 0x31 (size before relaxing)
 .comment       0x00000030       0x31 sensor.o
 .comment       0x00000030       0x31 teclado.o
 .comment       0x00000030       0x31 adc.o
 .comment       0x00000030       0x31 fnqueue.o
 .comment       0x00000030       0x31 LiquidCrystal.o
 .comment       0x00000030       0x31 main.o
 .comment       0x00000030       0x31 C:\Users\Lucio\AppData\Local\Temp\ccUQscu5.ltrans0.ltrans.o

.note.gnu.avr.deviceinfo
                0x00000000       0x40
 .note.gnu.avr.deviceinfo
                0x00000000       0x40 C:/Program Files (x86)/Atmel/Studio/7.0/Packs/atmel/ATmega_DFP/1.2.209/gcc/dev/atmega328p/avr5/crtatmega328p.o

.note.gnu.build-id
 *(.note.gnu.build-id)

.debug
 *(.debug)

.line
 *(.line)

.debug_srcinfo
 *(.debug_srcinfo)

.debug_sfnames
 *(.debug_sfnames)

.debug_aranges  0x00000000      0x2d8
 *(.debug_aranges)
 .debug_aranges
                0x00000000       0x28 critical.o
 .debug_aranges
                0x00000028       0x30 sensor.o
 .debug_aranges
                0x00000058       0x38 teclado.o
 .debug_aranges
                0x00000090       0x30 adc.o
 .debug_aranges
                0x000000c0       0x30 fnqueue.o
 .debug_aranges
                0x000000f0      0x108 LiquidCrystal.o
 .debug_aranges
                0x000001f8       0xe0 main.o

.debug_pubnames
 *(.debug_pubnames)

.debug_info     0x00000000     0x3ce5
 *(.debug_info .gnu.linkonce.wi.*)
 .debug_info    0x00000000      0x5f4 C:/Program Files (x86)/Atmel/Studio/7.0/Packs/atmel/ATmega_DFP/1.2.209/gcc/dev/atmega328p/avr5/crtatmega328p.o
 .debug_info    0x000005f4       0xd9 critical.o
 .debug_info    0x000006cd      0x1f8 sensor.o
 .debug_info    0x000008c5      0x2b3 teclado.o
 .debug_info    0x00000b78      0x30e adc.o
 .debug_info    0x00000e86      0x1b8 fnqueue.o
 .debug_info    0x0000103e     0x1e89 LiquidCrystal.o
 .debug_info    0x00002ec7      0xe1e main.o

.debug_abbrev   0x00000000     0x10a0
 *(.debug_abbrev)
 .debug_abbrev  0x00000000      0x5a2 C:/Program Files (x86)/Atmel/Studio/7.0/Packs/atmel/ATmega_DFP/1.2.209/gcc/dev/atmega328p/avr5/crtatmega328p.o
 .debug_abbrev  0x000005a2       0x6a critical.o
 .debug_abbrev  0x0000060c      0x132 sensor.o
 .debug_abbrev  0x0000073e      0x160 teclado.o
 .debug_abbrev  0x0000089e      0x16a adc.o
 .debug_abbrev  0x00000a08       0xfb fnqueue.o
 .debug_abbrev  0x00000b03      0x35e LiquidCrystal.o
 .debug_abbrev  0x00000e61      0x23f main.o

.debug_line     0x00000000     0x19ce
 *(.debug_line .debug_line.* .debug_line_end)
 .debug_line    0x00000000      0x133 C:/Program Files (x86)/Atmel/Studio/7.0/Packs/atmel/ATmega_DFP/1.2.209/gcc/dev/atmega328p/avr5/crtatmega328p.o
 .debug_line    0x00000133      0x11f critical.o
 .debug_line    0x00000252      0x165 sensor.o
 .debug_line    0x000003b7      0x1b8 teclado.o
 .debug_line    0x0000056f      0x346 adc.o
 .debug_line    0x000008b5      0x1a6 fnqueue.o
 .debug_line    0x00000a5b      0x93c LiquidCrystal.o
 .debug_line    0x00001397      0x637 main.o

.debug_frame    0x00000000      0x70c
 *(.debug_frame)
 .debug_frame   0x00000000       0x34 critical.o
 .debug_frame   0x00000034       0x44 sensor.o
 .debug_frame   0x00000078       0x60 teclado.o
 .debug_frame   0x000000d8       0x90 adc.o
 .debug_frame   0x00000168       0x50 fnqueue.o
 .debug_frame   0x000001b8      0x358 LiquidCrystal.o
 .debug_frame   0x00000510      0x1fc main.o

.debug_str      0x00000000     0x11f9
 *(.debug_str)
 .debug_str     0x00000000      0x208 C:/Program Files (x86)/Atmel/Studio/7.0/Packs/atmel/ATmega_DFP/1.2.209/gcc/dev/atmega328p/avr5/crtatmega328p.o
 .debug_str     0x00000208      0x1d7 critical.o
                                0x20b (size before relaxing)
 .debug_str     0x000003df      0x126 sensor.o
                                0x2d3 (size before relaxing)
 .debug_str     0x00000505      0x11f teclado.o
                                0x332 (size before relaxing)
 .debug_str     0x00000624       0xe6 adc.o
                                0x30f (size before relaxing)
 .debug_str     0x0000070a       0x93 fnqueue.o
                                0x2a8 (size before relaxing)
 .debug_str     0x0000079d      0x6a7 LiquidCrystal.o
                                0x8cc (size before relaxing)
 .debug_str     0x00000e44      0x3b5 main.o
                                0x767 (size before relaxing)

.debug_loc      0x00000000     0x22e5
 *(.debug_loc)
 .debug_loc     0x00000000       0x85 sensor.o
 .debug_loc     0x00000085      0x13f teclado.o
 .debug_loc     0x000001c4      0x11e adc.o
 .debug_loc     0x000002e2       0xc3 fnqueue.o
 .debug_loc     0x000003a5     0x1d65 LiquidCrystal.o
 .debug_loc     0x0000210a      0x1db main.o

.debug_macinfo
 *(.debug_macinfo)

.debug_weaknames
 *(.debug_weaknames)

.debug_funcnames
 *(.debug_funcnames)

.debug_typenames
 *(.debug_typenames)

.debug_varnames
 *(.debug_varnames)

.debug_pubtypes
 *(.debug_pubtypes)

.debug_ranges   0x00000000      0x268
 *(.debug_ranges)
 .debug_ranges  0x00000000       0x18 critical.o
 .debug_ranges  0x00000018       0x20 sensor.o
 .debug_ranges  0x00000038       0x28 teclado.o
 .debug_ranges  0x00000060       0x20 adc.o
 .debug_ranges  0x00000080       0x20 fnqueue.o
 .debug_ranges  0x000000a0       0xf8 LiquidCrystal.o
 .debug_ranges  0x00000198       0xd0 main.o

.debug_macro
 *(.debug_macro)
OUTPUT(GccApplication1.elf elf32-avr)
LOAD linker stubs
