Archive member included to satisfy reference by file (symbol)

C:\Users\Lucio\Desktop\libcore\libcoreArduinoUno.a(wiring.c.o)
                              LiquidCrystal.o (delayMicroseconds)
C:\Users\Lucio\Desktop\libcore\libcoreArduinoUno.a(wiring_digital.c.o)
                              LiquidCrystal.o (pinMode)
C:\Users\Lucio\Desktop\libcore\libcoreArduinoUno.a(main.cpp.o)
                              C:/Program Files (x86)/Atmel/Studio/7.0/Packs/atmel/ATmega_DFP/1.2.209/gcc/dev/atmega328p/avr5/crtatmega328p.o (main)
C:\Users\Lucio\Desktop\libcore\libcoreArduinoUno.a(Print.cpp.o)
                              LiquidCrystal.o (_ZN5Print5writeEPKhj)
C:\Users\Lucio\Desktop\libcore\libcoreArduinoUno.a(hooks.c.o)
                              C:\Users\Lucio\Desktop\libcore\libcoreArduinoUno.a(wiring.c.o) (yield)
C:\Users\Lucio\Desktop\libcore\libcoreArduinoUno.a(abi.cpp.o)
                              C:\Users\Lucio\Desktop\libcore\libcoreArduinoUno.a(Print.cpp.o) (__cxa_pure_virtual)
c:/program files (x86)/atmel/studio/7.0/toolchain/avr8/avr8-gnu-toolchain/bin/../lib/gcc/avr/5.4.0/../../../../avr/lib/avr5\libm.a(addsf3.o)
                              C:\Users\Lucio\Desktop\libcore\libcoreArduinoUno.a(Print.cpp.o) (__subsf3)
c:/program files (x86)/atmel/studio/7.0/toolchain/avr8/avr8-gnu-toolchain/bin/../lib/gcc/avr/5.4.0/../../../../avr/lib/avr5\libm.a(addsf3x.o)
                              c:/program files (x86)/atmel/studio/7.0/toolchain/avr8/avr8-gnu-toolchain/bin/../lib/gcc/avr/5.4.0/../../../../avr/lib/avr5\libm.a(addsf3.o) (__addsf3x)
c:/program files (x86)/atmel/studio/7.0/toolchain/avr8/avr8-gnu-toolchain/bin/../lib/gcc/avr/5.4.0/../../../../avr/lib/avr5\libm.a(cmpsf2.o)
                              C:\Users\Lucio\Desktop\libcore\libcoreArduinoUno.a(Print.cpp.o) (__ltsf2)
c:/program files (x86)/atmel/studio/7.0/toolchain/avr8/avr8-gnu-toolchain/bin/../lib/gcc/avr/5.4.0/../../../../avr/lib/avr5\libm.a(divsf3.o)
                              C:\Users\Lucio\Desktop\libcore\libcoreArduinoUno.a(Print.cpp.o) (__divsf3)
c:/program files (x86)/atmel/studio/7.0/toolchain/avr8/avr8-gnu-toolchain/bin/../lib/gcc/avr/5.4.0/../../../../avr/lib/avr5\libm.a(divsf3x.o)
                              c:/program files (x86)/atmel/studio/7.0/toolchain/avr8/avr8-gnu-toolchain/bin/../lib/gcc/avr/5.4.0/../../../../avr/lib/avr5\libm.a(divsf3.o) (__divsf3x)
c:/program files (x86)/atmel/studio/7.0/toolchain/avr8/avr8-gnu-toolchain/bin/../lib/gcc/avr/5.4.0/../../../../avr/lib/avr5\libm.a(fixsfsi.o)
                              C:\Users\Lucio\Desktop\libcore\libcoreArduinoUno.a(Print.cpp.o) (__fixsfsi)
c:/program files (x86)/atmel/studio/7.0/toolchain/avr8/avr8-gnu-toolchain/bin/../lib/gcc/avr/5.4.0/../../../../avr/lib/avr5\libm.a(fixunssfsi.o)
                              C:\Users\Lucio\Desktop\libcore\libcoreArduinoUno.a(Print.cpp.o) (__fixunssfsi)
c:/program files (x86)/atmel/studio/7.0/toolchain/avr8/avr8-gnu-toolchain/bin/../lib/gcc/avr/5.4.0/../../../../avr/lib/avr5\libm.a(floatsisf.o)
                              C:\Users\Lucio\Desktop\libcore\libcoreArduinoUno.a(Print.cpp.o) (__floatunsisf)
c:/program files (x86)/atmel/studio/7.0/toolchain/avr8/avr8-gnu-toolchain/bin/../lib/gcc/avr/5.4.0/../../../../avr/lib/avr5\libm.a(fp_cmp.o)
                              c:/program files (x86)/atmel/studio/7.0/toolchain/avr8/avr8-gnu-toolchain/bin/../lib/gcc/avr/5.4.0/../../../../avr/lib/avr5\libm.a(cmpsf2.o) (__fp_cmp)
c:/program files (x86)/atmel/studio/7.0/toolchain/avr8/avr8-gnu-toolchain/bin/../lib/gcc/avr/5.4.0/../../../../avr/lib/avr5\libm.a(fp_inf.o)
                              c:/program files (x86)/atmel/studio/7.0/toolchain/avr8/avr8-gnu-toolchain/bin/../lib/gcc/avr/5.4.0/../../../../avr/lib/avr5\libm.a(addsf3x.o) (__fp_inf)
c:/program files (x86)/atmel/studio/7.0/toolchain/avr8/avr8-gnu-toolchain/bin/../lib/gcc/avr/5.4.0/../../../../avr/lib/avr5\libm.a(fp_nan.o)
                              c:/program files (x86)/atmel/studio/7.0/toolchain/avr8/avr8-gnu-toolchain/bin/../lib/gcc/avr/5.4.0/../../../../avr/lib/avr5\libm.a(addsf3x.o) (__fp_nan)
c:/program files (x86)/atmel/studio/7.0/toolchain/avr8/avr8-gnu-toolchain/bin/../lib/gcc/avr/5.4.0/../../../../avr/lib/avr5\libm.a(fp_pscA.o)
                              c:/program files (x86)/atmel/studio/7.0/toolchain/avr8/avr8-gnu-toolchain/bin/../lib/gcc/avr/5.4.0/../../../../avr/lib/avr5\libm.a(addsf3x.o) (__fp_pscA)
c:/program files (x86)/atmel/studio/7.0/toolchain/avr8/avr8-gnu-toolchain/bin/../lib/gcc/avr/5.4.0/../../../../avr/lib/avr5\libm.a(fp_pscB.o)
                              c:/program files (x86)/atmel/studio/7.0/toolchain/avr8/avr8-gnu-toolchain/bin/../lib/gcc/avr/5.4.0/../../../../avr/lib/avr5\libm.a(addsf3x.o) (__fp_pscB)
c:/program files (x86)/atmel/studio/7.0/toolchain/avr8/avr8-gnu-toolchain/bin/../lib/gcc/avr/5.4.0/../../../../avr/lib/avr5\libm.a(fp_round.o)
                              c:/program files (x86)/atmel/studio/7.0/toolchain/avr8/avr8-gnu-toolchain/bin/../lib/gcc/avr/5.4.0/../../../../avr/lib/avr5\libm.a(addsf3.o) (__fp_round)
c:/program files (x86)/atmel/studio/7.0/toolchain/avr8/avr8-gnu-toolchain/bin/../lib/gcc/avr/5.4.0/../../../../avr/lib/avr5\libm.a(fp_split3.o)
                              c:/program files (x86)/atmel/studio/7.0/toolchain/avr8/avr8-gnu-toolchain/bin/../lib/gcc/avr/5.4.0/../../../../avr/lib/avr5\libm.a(addsf3x.o) (__fp_split3)
c:/program files (x86)/atmel/studio/7.0/toolchain/avr8/avr8-gnu-toolchain/bin/../lib/gcc/avr/5.4.0/../../../../avr/lib/avr5\libm.a(fp_zero.o)
                              c:/program files (x86)/atmel/studio/7.0/toolchain/avr8/avr8-gnu-toolchain/bin/../lib/gcc/avr/5.4.0/../../../../avr/lib/avr5\libm.a(addsf3x.o) (__fp_zero)
c:/program files (x86)/atmel/studio/7.0/toolchain/avr8/avr8-gnu-toolchain/bin/../lib/gcc/avr/5.4.0/../../../../avr/lib/avr5\libm.a(gesf2.o)
                              C:\Users\Lucio\Desktop\libcore\libcoreArduinoUno.a(Print.cpp.o) (__gtsf2)
c:/program files (x86)/atmel/studio/7.0/toolchain/avr8/avr8-gnu-toolchain/bin/../lib/gcc/avr/5.4.0/../../../../avr/lib/avr5\libm.a(mulsf3.o)
                              C:\Users\Lucio\Desktop\libcore\libcoreArduinoUno.a(Print.cpp.o) (__mulsf3)
c:/program files (x86)/atmel/studio/7.0/toolchain/avr8/avr8-gnu-toolchain/bin/../lib/gcc/avr/5.4.0/../../../../avr/lib/avr5\libm.a(mulsf3x.o)
                              c:/program files (x86)/atmel/studio/7.0/toolchain/avr8/avr8-gnu-toolchain/bin/../lib/gcc/avr/5.4.0/../../../../avr/lib/avr5\libm.a(mulsf3.o) (__mulsf3x)
c:/program files (x86)/atmel/studio/7.0/toolchain/avr8/avr8-gnu-toolchain/bin/../lib/gcc/avr/5.4.0/../../../../avr/lib/avr5\libm.a(unordsf2.o)
                              C:\Users\Lucio\Desktop\libcore\libcoreArduinoUno.a(Print.cpp.o) (__unordsf2)
c:/program files (x86)/atmel/studio/7.0/toolchain/avr8/avr8-gnu-toolchain/bin/../lib/gcc/avr/5.4.0/avr5\libgcc.a(_udivmodsi4.o)
                              C:\Users\Lucio\Desktop\libcore\libcoreArduinoUno.a(Print.cpp.o) (__udivmodsi4)
c:/program files (x86)/atmel/studio/7.0/toolchain/avr8/avr8-gnu-toolchain/bin/../lib/gcc/avr/5.4.0/avr5\libgcc.a(_exit.o)
                              C:/Program Files (x86)/Atmel/Studio/7.0/Packs/atmel/ATmega_DFP/1.2.209/gcc/dev/atmega328p/avr5/crtatmega328p.o (exit)
c:/program files (x86)/atmel/studio/7.0/toolchain/avr8/avr8-gnu-toolchain/bin/../lib/gcc/avr/5.4.0/avr5\libgcc.a(_copy_data.o)
                              teclado.o (__do_copy_data)
c:/program files (x86)/atmel/studio/7.0/toolchain/avr8/avr8-gnu-toolchain/bin/../lib/gcc/avr/5.4.0/avr5\libgcc.a(_clear_bss.o)
                              critical.o (__do_clear_bss)
c:/program files (x86)/atmel/studio/7.0/toolchain/avr8/avr8-gnu-toolchain/bin/../lib/gcc/avr/5.4.0/avr5\libgcc.a(_ctors.o)
                              main.o (__do_global_ctors)
c:/program files (x86)/atmel/studio/7.0/toolchain/avr8/avr8-gnu-toolchain/bin/../lib/gcc/avr/5.4.0/avr5\libgcc.a(_tablejump2.o)
                              c:/program files (x86)/atmel/studio/7.0/toolchain/avr8/avr8-gnu-toolchain/bin/../lib/gcc/avr/5.4.0/avr5\libgcc.a(_ctors.o) (__tablejump2__)
c:/program files (x86)/atmel/studio/7.0/toolchain/avr8/avr8-gnu-toolchain/bin/../lib/gcc/avr/5.4.0/../../../../avr/lib/avr5\libc.a(abort.o)
                              C:\Users\Lucio\Desktop\libcore\libcoreArduinoUno.a(abi.cpp.o) (abort)

Discarded input sections

 .data          0x00000000        0x0 C:/Program Files (x86)/Atmel/Studio/7.0/Packs/atmel/ATmega_DFP/1.2.209/gcc/dev/atmega328p/avr5/crtatmega328p.o
 .bss           0x00000000        0x0 C:/Program Files (x86)/Atmel/Studio/7.0/Packs/atmel/ATmega_DFP/1.2.209/gcc/dev/atmega328p/avr5/crtatmega328p.o
 .text          0x00000000        0x0 critical.o
 .data          0x00000000        0x0 critical.o
 .bss           0x00000000        0x0 critical.o
 .text          0x00000000        0x0 sensor.o
 .data          0x00000000        0x0 sensor.o
 .bss           0x00000000        0x0 sensor.o
 .text          0x00000000        0x0 teclado.o
 .data          0x00000000        0x0 teclado.o
 .bss           0x00000000        0x0 teclado.o
 .text          0x00000000        0x0 adc.o
 .data          0x00000000        0x0 adc.o
 .bss           0x00000000        0x0 adc.o
 .text._Z8adc_initP7adc_cfg
                0x00000000        0x2 adc.o
 .text          0x00000000        0x0 fnqueue.o
 .data          0x00000000        0x0 fnqueue.o
 .bss           0x00000000        0x0 fnqueue.o
 .group         0x00000000        0x8 LiquidCrystal.o
 .group         0x00000000        0x8 LiquidCrystal.o
 .group         0x00000000        0x8 LiquidCrystal.o
 .group         0x00000000        0x8 LiquidCrystal.o
 .text          0x00000000        0x0 LiquidCrystal.o
 .data          0x00000000        0x0 LiquidCrystal.o
 .bss           0x00000000        0x0 LiquidCrystal.o
 .text._ZN13LiquidCrystal13setRowOffsetsEiiii
                0x00000000       0x10 LiquidCrystal.o
 .text._ZN13LiquidCrystal4homeEv
                0x00000000       0x12 LiquidCrystal.o
 .text._ZN13LiquidCrystal9noDisplayEv
                0x00000000       0x12 LiquidCrystal.o
 .text._ZN13LiquidCrystal4initEhhhhhhhhhhhh
                0x00000000       0x5a LiquidCrystal.o
 .text._ZN13LiquidCrystalC2Ehhhhhhh
                0x00000000       0x44 LiquidCrystal.o
 .text._ZN13LiquidCrystalC2Ehhhhhhhhhh
                0x00000000       0x5c LiquidCrystal.o
 .text._ZN13LiquidCrystalC2Ehhhhhhhhhhh
                0x00000000       0x5c LiquidCrystal.o
 .text._ZN13LiquidCrystal8noCursorEv
                0x00000000       0x12 LiquidCrystal.o
 .text._ZN13LiquidCrystal6cursorEv
                0x00000000       0x14 LiquidCrystal.o
 .text._ZN13LiquidCrystal7noBlinkEv
                0x00000000       0x12 LiquidCrystal.o
 .text._ZN13LiquidCrystal5blinkEv
                0x00000000       0x14 LiquidCrystal.o
 .text._ZN13LiquidCrystal17scrollDisplayLeftEv
                0x00000000        0xa LiquidCrystal.o
 .text._ZN13LiquidCrystal18scrollDisplayRightEv
                0x00000000        0xa LiquidCrystal.o
 .text._ZN13LiquidCrystal11leftToRightEv
                0x00000000       0x14 LiquidCrystal.o
 .text._ZN13LiquidCrystal11rightToLeftEv
                0x00000000       0x12 LiquidCrystal.o
 .text._ZN13LiquidCrystal10autoscrollEv
                0x00000000       0x14 LiquidCrystal.o
 .text._ZN13LiquidCrystal12noAutoscrollEv
                0x00000000       0x12 LiquidCrystal.o
 .text._ZN13LiquidCrystal10createCharEhPh
                0x00000000       0x4e LiquidCrystal.o
 .text          0x00000000        0x0 main.o
 .data          0x00000000        0x0 main.o
 .bss           0x00000000        0x0 main.o
 .text._Z17updateCurrentTempv
                0x00000000        0x2 main.o
 .text._Z17updateAverageTempv
                0x00000000        0x2 main.o
 .text._Z13updateMaxTempv
                0x00000000        0x2 main.o
 .text._Z13updateMinTempv
                0x00000000        0x2 main.o
 .text._Z13procesarTimerv
                0x00000000        0x2 main.o
 .bss._ZL8contador
                0x00000000        0x2 main.o
 .text          0x00000000        0x0 C:\Users\Lucio\Desktop\libcore\libcoreArduinoUno.a(wiring.c.o)
 .data          0x00000000        0x0 C:\Users\Lucio\Desktop\libcore\libcoreArduinoUno.a(wiring.c.o)
 .bss           0x00000000        0x0 C:\Users\Lucio\Desktop\libcore\libcoreArduinoUno.a(wiring.c.o)
 .text.millis   0x00000000       0x18 C:\Users\Lucio\Desktop\libcore\libcoreArduinoUno.a(wiring.c.o)
 .text.micros   0x00000000       0x46 C:\Users\Lucio\Desktop\libcore\libcoreArduinoUno.a(wiring.c.o)
 .text.delay    0x00000000       0x50 C:\Users\Lucio\Desktop\libcore\libcoreArduinoUno.a(wiring.c.o)
 .text          0x00000000        0x0 C:\Users\Lucio\Desktop\libcore\libcoreArduinoUno.a(wiring_digital.c.o)
 .data          0x00000000        0x0 C:\Users\Lucio\Desktop\libcore\libcoreArduinoUno.a(wiring_digital.c.o)
 .bss           0x00000000        0x0 C:\Users\Lucio\Desktop\libcore\libcoreArduinoUno.a(wiring_digital.c.o)
 .text.digitalRead
                0x00000000       0x52 C:\Users\Lucio\Desktop\libcore\libcoreArduinoUno.a(wiring_digital.c.o)
 .progmem.data.port_to_input_PGM
                0x00000000        0xa C:\Users\Lucio\Desktop\libcore\libcoreArduinoUno.a(wiring_digital.c.o)
 .text          0x00000000        0x0 C:\Users\Lucio\Desktop\libcore\libcoreArduinoUno.a(main.cpp.o)
 .data          0x00000000        0x0 C:\Users\Lucio\Desktop\libcore\libcoreArduinoUno.a(main.cpp.o)
 .bss           0x00000000        0x0 C:\Users\Lucio\Desktop\libcore\libcoreArduinoUno.a(main.cpp.o)
 .text.atexit   0x00000000        0x6 C:\Users\Lucio\Desktop\libcore\libcoreArduinoUno.a(main.cpp.o)
 .group         0x00000000        0x8 C:\Users\Lucio\Desktop\libcore\libcoreArduinoUno.a(Print.cpp.o)
 .group         0x00000000        0x8 C:\Users\Lucio\Desktop\libcore\libcoreArduinoUno.a(Print.cpp.o)
 .text          0x00000000        0x0 C:\Users\Lucio\Desktop\libcore\libcoreArduinoUno.a(Print.cpp.o)
 .data          0x00000000        0x0 C:\Users\Lucio\Desktop\libcore\libcoreArduinoUno.a(Print.cpp.o)
 .bss           0x00000000        0x0 C:\Users\Lucio\Desktop\libcore\libcoreArduinoUno.a(Print.cpp.o)
 .text._ZN5Print5printEPK19__FlashStringHelper
                0x00000000       0x4a C:\Users\Lucio\Desktop\libcore\libcoreArduinoUno.a(Print.cpp.o)
 .text._ZN5Print5printERK6String
                0x00000000       0x1c C:\Users\Lucio\Desktop\libcore\libcoreArduinoUno.a(Print.cpp.o)
 .text._ZN5Print5printEc
                0x00000000        0xe C:\Users\Lucio\Desktop\libcore\libcoreArduinoUno.a(Print.cpp.o)
 .text._ZN5Print5printERK9Printable
                0x00000000       0x14 C:\Users\Lucio\Desktop\libcore\libcoreArduinoUno.a(Print.cpp.o)
 .text._ZN5Print7printlnEv
                0x00000000       0x28 C:\Users\Lucio\Desktop\libcore\libcoreArduinoUno.a(Print.cpp.o)
 .text._ZN5Print7printlnEPK19__FlashStringHelper
                0x00000000       0x24 C:\Users\Lucio\Desktop\libcore\libcoreArduinoUno.a(Print.cpp.o)
 .text._ZN5Print7printlnERK6String
                0x00000000       0x24 C:\Users\Lucio\Desktop\libcore\libcoreArduinoUno.a(Print.cpp.o)
 .text._ZN5Print7printlnEPKc
                0x00000000       0x24 C:\Users\Lucio\Desktop\libcore\libcoreArduinoUno.a(Print.cpp.o)
 .text._ZN5Print7printlnEc
                0x00000000       0x24 C:\Users\Lucio\Desktop\libcore\libcoreArduinoUno.a(Print.cpp.o)
 .text._ZN5Print7printlnERK9Printable
                0x00000000       0x24 C:\Users\Lucio\Desktop\libcore\libcoreArduinoUno.a(Print.cpp.o)
 .text._ZN5Print5printEli
                0x00000000       0x94 C:\Users\Lucio\Desktop\libcore\libcoreArduinoUno.a(Print.cpp.o)
 .text._ZN5Print5printEii
                0x00000000       0x10 C:\Users\Lucio\Desktop\libcore\libcoreArduinoUno.a(Print.cpp.o)
 .text._ZN5Print7printlnEii
                0x00000000       0x30 C:\Users\Lucio\Desktop\libcore\libcoreArduinoUno.a(Print.cpp.o)
 .text._ZN5Print7printlnEli
                0x00000000       0x24 C:\Users\Lucio\Desktop\libcore\libcoreArduinoUno.a(Print.cpp.o)
 .text._ZN5Print7printlnEhi
                0x00000000       0x2e C:\Users\Lucio\Desktop\libcore\libcoreArduinoUno.a(Print.cpp.o)
 .text._ZN5Print5printEji
                0x00000000        0xc C:\Users\Lucio\Desktop\libcore\libcoreArduinoUno.a(Print.cpp.o)
 .text._ZN5Print7printlnEji
                0x00000000       0x2c C:\Users\Lucio\Desktop\libcore\libcoreArduinoUno.a(Print.cpp.o)
 .text._ZN5Print7printlnEmi
                0x00000000       0x24 C:\Users\Lucio\Desktop\libcore\libcoreArduinoUno.a(Print.cpp.o)
 .rodata.str1.1
                0x00000000        0xe C:\Users\Lucio\Desktop\libcore\libcoreArduinoUno.a(Print.cpp.o)
 .text._ZN5Print10printFloatEdh
                0x00000000      0x1d6 C:\Users\Lucio\Desktop\libcore\libcoreArduinoUno.a(Print.cpp.o)
 .text._ZN5Print5printEdi
                0x00000000        0x4 C:\Users\Lucio\Desktop\libcore\libcoreArduinoUno.a(Print.cpp.o)
 .text._ZN5Print7printlnEdi
                0x00000000       0x24 C:\Users\Lucio\Desktop\libcore\libcoreArduinoUno.a(Print.cpp.o)
 .rodata._ZTV5Print
                0x00000000        0x8 C:\Users\Lucio\Desktop\libcore\libcoreArduinoUno.a(Print.cpp.o)
 .text          0x00000000        0x0 C:\Users\Lucio\Desktop\libcore\libcoreArduinoUno.a(hooks.c.o)
 .data          0x00000000        0x0 C:\Users\Lucio\Desktop\libcore\libcoreArduinoUno.a(hooks.c.o)
 .bss           0x00000000        0x0 C:\Users\Lucio\Desktop\libcore\libcoreArduinoUno.a(hooks.c.o)
 .text.__empty  0x00000000        0x2 C:\Users\Lucio\Desktop\libcore\libcoreArduinoUno.a(hooks.c.o)
 .debug_info    0x00000000       0x3a C:\Users\Lucio\Desktop\libcore\libcoreArduinoUno.a(hooks.c.o)
 .debug_abbrev  0x00000000       0x28 C:\Users\Lucio\Desktop\libcore\libcoreArduinoUno.a(hooks.c.o)
 .debug_aranges
                0x00000000       0x20 C:\Users\Lucio\Desktop\libcore\libcoreArduinoUno.a(hooks.c.o)
 .debug_ranges  0x00000000       0x10 C:\Users\Lucio\Desktop\libcore\libcoreArduinoUno.a(hooks.c.o)
 .debug_line    0x00000000       0x7a C:\Users\Lucio\Desktop\libcore\libcoreArduinoUno.a(hooks.c.o)
 .debug_str     0x00000000       0x9b C:\Users\Lucio\Desktop\libcore\libcoreArduinoUno.a(hooks.c.o)
 .comment       0x00000000       0x12 C:\Users\Lucio\Desktop\libcore\libcoreArduinoUno.a(hooks.c.o)
 .debug_frame   0x00000000       0x24 C:\Users\Lucio\Desktop\libcore\libcoreArduinoUno.a(hooks.c.o)
 .text          0x00000000        0x0 C:\Users\Lucio\Desktop\libcore\libcoreArduinoUno.a(abi.cpp.o)
 .data          0x00000000        0x0 C:\Users\Lucio\Desktop\libcore\libcoreArduinoUno.a(abi.cpp.o)
 .bss           0x00000000        0x0 C:\Users\Lucio\Desktop\libcore\libcoreArduinoUno.a(abi.cpp.o)
 .text.__cxa_pure_virtual
                0x00000000        0x4 C:\Users\Lucio\Desktop\libcore\libcoreArduinoUno.a(abi.cpp.o)
 .text.__cxa_deleted_virtual
                0x00000000        0x4 C:\Users\Lucio\Desktop\libcore\libcoreArduinoUno.a(abi.cpp.o)
 .debug_info    0x00000000       0x8a C:\Users\Lucio\Desktop\libcore\libcoreArduinoUno.a(abi.cpp.o)
 .debug_abbrev  0x00000000       0x5c C:\Users\Lucio\Desktop\libcore\libcoreArduinoUno.a(abi.cpp.o)
 .debug_aranges
                0x00000000       0x28 C:\Users\Lucio\Desktop\libcore\libcoreArduinoUno.a(abi.cpp.o)
 .debug_ranges  0x00000000       0x18 C:\Users\Lucio\Desktop\libcore\libcoreArduinoUno.a(abi.cpp.o)
 .debug_line    0x00000000       0xd6 C:\Users\Lucio\Desktop\libcore\libcoreArduinoUno.a(abi.cpp.o)
 .debug_str     0x00000000      0x122 C:\Users\Lucio\Desktop\libcore\libcoreArduinoUno.a(abi.cpp.o)
 .comment       0x00000000       0x12 C:\Users\Lucio\Desktop\libcore\libcoreArduinoUno.a(abi.cpp.o)
 .debug_frame   0x00000000       0x34 C:\Users\Lucio\Desktop\libcore\libcoreArduinoUno.a(abi.cpp.o)
 .text          0x00000000        0x0 c:/program files (x86)/atmel/studio/7.0/toolchain/avr8/avr8-gnu-toolchain/bin/../lib/gcc/avr/5.4.0/../../../../avr/lib/avr5\libm.a(addsf3.o)
 .data          0x00000000        0x0 c:/program files (x86)/atmel/studio/7.0/toolchain/avr8/avr8-gnu-toolchain/bin/../lib/gcc/avr/5.4.0/../../../../avr/lib/avr5\libm.a(addsf3.o)
 .bss           0x00000000        0x0 c:/program files (x86)/atmel/studio/7.0/toolchain/avr8/avr8-gnu-toolchain/bin/../lib/gcc/avr/5.4.0/../../../../avr/lib/avr5\libm.a(addsf3.o)
 .text.avr-libc.fplib
                0x00000000        0xe c:/program files (x86)/atmel/studio/7.0/toolchain/avr8/avr8-gnu-toolchain/bin/../lib/gcc/avr/5.4.0/../../../../avr/lib/avr5\libm.a(addsf3.o)
 .text          0x00000000        0x0 c:/program files (x86)/atmel/studio/7.0/toolchain/avr8/avr8-gnu-toolchain/bin/../lib/gcc/avr/5.4.0/../../../../avr/lib/avr5\libm.a(addsf3x.o)
 .data          0x00000000        0x0 c:/program files (x86)/atmel/studio/7.0/toolchain/avr8/avr8-gnu-toolchain/bin/../lib/gcc/avr/5.4.0/../../../../avr/lib/avr5\libm.a(addsf3x.o)
 .bss           0x00000000        0x0 c:/program files (x86)/atmel/studio/7.0/toolchain/avr8/avr8-gnu-toolchain/bin/../lib/gcc/avr/5.4.0/../../../../avr/lib/avr5\libm.a(addsf3x.o)
 .text.avr-libc.fplib
                0x00000000       0xcc c:/program files (x86)/atmel/studio/7.0/toolchain/avr8/avr8-gnu-toolchain/bin/../lib/gcc/avr/5.4.0/../../../../avr/lib/avr5\libm.a(addsf3x.o)
 .text          0x00000000        0x0 c:/program files (x86)/atmel/studio/7.0/toolchain/avr8/avr8-gnu-toolchain/bin/../lib/gcc/avr/5.4.0/../../../../avr/lib/avr5\libm.a(cmpsf2.o)
 .data          0x00000000        0x0 c:/program files (x86)/atmel/studio/7.0/toolchain/avr8/avr8-gnu-toolchain/bin/../lib/gcc/avr/5.4.0/../../../../avr/lib/avr5\libm.a(cmpsf2.o)
 .bss           0x00000000        0x0 c:/program files (x86)/atmel/studio/7.0/toolchain/avr8/avr8-gnu-toolchain/bin/../lib/gcc/avr/5.4.0/../../../../avr/lib/avr5\libm.a(cmpsf2.o)
 .text.avr-libc.fplib
                0x00000000        0xa c:/program files (x86)/atmel/studio/7.0/toolchain/avr8/avr8-gnu-toolchain/bin/../lib/gcc/avr/5.4.0/../../../../avr/lib/avr5\libm.a(cmpsf2.o)
 .text          0x00000000        0x0 c:/program files (x86)/atmel/studio/7.0/toolchain/avr8/avr8-gnu-toolchain/bin/../lib/gcc/avr/5.4.0/../../../../avr/lib/avr5\libm.a(divsf3.o)
 .data          0x00000000        0x0 c:/program files (x86)/atmel/studio/7.0/toolchain/avr8/avr8-gnu-toolchain/bin/../lib/gcc/avr/5.4.0/../../../../avr/lib/avr5\libm.a(divsf3.o)
 .bss           0x00000000        0x0 c:/program files (x86)/atmel/studio/7.0/toolchain/avr8/avr8-gnu-toolchain/bin/../lib/gcc/avr/5.4.0/../../../../avr/lib/avr5\libm.a(divsf3.o)
 .text.avr-libc.fplib
                0x00000000        0x8 c:/program files (x86)/atmel/studio/7.0/toolchain/avr8/avr8-gnu-toolchain/bin/../lib/gcc/avr/5.4.0/../../../../avr/lib/avr5\libm.a(divsf3.o)
 .text          0x00000000        0x0 c:/program files (x86)/atmel/studio/7.0/toolchain/avr8/avr8-gnu-toolchain/bin/../lib/gcc/avr/5.4.0/../../../../avr/lib/avr5\libm.a(divsf3x.o)
 .data          0x00000000        0x0 c:/program files (x86)/atmel/studio/7.0/toolchain/avr8/avr8-gnu-toolchain/bin/../lib/gcc/avr/5.4.0/../../../../avr/lib/avr5\libm.a(divsf3x.o)
 .bss           0x00000000        0x0 c:/program files (x86)/atmel/studio/7.0/toolchain/avr8/avr8-gnu-toolchain/bin/../lib/gcc/avr/5.4.0/../../../../avr/lib/avr5\libm.a(divsf3x.o)
 .text.avr-libc.fplib
                0x00000000       0xdc c:/program files (x86)/atmel/studio/7.0/toolchain/avr8/avr8-gnu-toolchain/bin/../lib/gcc/avr/5.4.0/../../../../avr/lib/avr5\libm.a(divsf3x.o)
 .text          0x00000000        0x0 c:/program files (x86)/atmel/studio/7.0/toolchain/avr8/avr8-gnu-toolchain/bin/../lib/gcc/avr/5.4.0/../../../../avr/lib/avr5\libm.a(fixsfsi.o)
 .data          0x00000000        0x0 c:/program files (x86)/atmel/studio/7.0/toolchain/avr8/avr8-gnu-toolchain/bin/../lib/gcc/avr/5.4.0/../../../../avr/lib/avr5\libm.a(fixsfsi.o)
 .bss           0x00000000        0x0 c:/program files (x86)/atmel/studio/7.0/toolchain/avr8/avr8-gnu-toolchain/bin/../lib/gcc/avr/5.4.0/../../../../avr/lib/avr5\libm.a(fixsfsi.o)
 .text.avr-libc.fplib
                0x00000000        0xe c:/program files (x86)/atmel/studio/7.0/toolchain/avr8/avr8-gnu-toolchain/bin/../lib/gcc/avr/5.4.0/../../../../avr/lib/avr5\libm.a(fixsfsi.o)
 .text          0x00000000        0x0 c:/program files (x86)/atmel/studio/7.0/toolchain/avr8/avr8-gnu-toolchain/bin/../lib/gcc/avr/5.4.0/../../../../avr/lib/avr5\libm.a(fixunssfsi.o)
 .data          0x00000000        0x0 c:/program files (x86)/atmel/studio/7.0/toolchain/avr8/avr8-gnu-toolchain/bin/../lib/gcc/avr/5.4.0/../../../../avr/lib/avr5\libm.a(fixunssfsi.o)
 .bss           0x00000000        0x0 c:/program files (x86)/atmel/studio/7.0/toolchain/avr8/avr8-gnu-toolchain/bin/../lib/gcc/avr/5.4.0/../../../../avr/lib/avr5\libm.a(fixunssfsi.o)
 .text.avr-libc.fplib
                0x00000000       0x5e c:/program files (x86)/atmel/studio/7.0/toolchain/avr8/avr8-gnu-toolchain/bin/../lib/gcc/avr/5.4.0/../../../../avr/lib/avr5\libm.a(fixunssfsi.o)
 .text          0x00000000        0x0 c:/program files (x86)/atmel/studio/7.0/toolchain/avr8/avr8-gnu-toolchain/bin/../lib/gcc/avr/5.4.0/../../../../avr/lib/avr5\libm.a(floatsisf.o)
 .data          0x00000000        0x0 c:/program files (x86)/atmel/studio/7.0/toolchain/avr8/avr8-gnu-toolchain/bin/../lib/gcc/avr/5.4.0/../../../../avr/lib/avr5\libm.a(floatsisf.o)
 .bss           0x00000000        0x0 c:/program files (x86)/atmel/studio/7.0/toolchain/avr8/avr8-gnu-toolchain/bin/../lib/gcc/avr/5.4.0/../../../../avr/lib/avr5\libm.a(floatsisf.o)
 .text.avr-libc.fplib
                0x00000000       0x7a c:/program files (x86)/atmel/studio/7.0/toolchain/avr8/avr8-gnu-toolchain/bin/../lib/gcc/avr/5.4.0/../../../../avr/lib/avr5\libm.a(floatsisf.o)
 .text          0x00000000        0x0 c:/program files (x86)/atmel/studio/7.0/toolchain/avr8/avr8-gnu-toolchain/bin/../lib/gcc/avr/5.4.0/../../../../avr/lib/avr5\libm.a(fp_cmp.o)
 .data          0x00000000        0x0 c:/program files (x86)/atmel/studio/7.0/toolchain/avr8/avr8-gnu-toolchain/bin/../lib/gcc/avr/5.4.0/../../../../avr/lib/avr5\libm.a(fp_cmp.o)
 .bss           0x00000000        0x0 c:/program files (x86)/atmel/studio/7.0/toolchain/avr8/avr8-gnu-toolchain/bin/../lib/gcc/avr/5.4.0/../../../../avr/lib/avr5\libm.a(fp_cmp.o)
 .text.avr-libc.fplib
                0x00000000       0x48 c:/program files (x86)/atmel/studio/7.0/toolchain/avr8/avr8-gnu-toolchain/bin/../lib/gcc/avr/5.4.0/../../../../avr/lib/avr5\libm.a(fp_cmp.o)
 .text          0x00000000        0x0 c:/program files (x86)/atmel/studio/7.0/toolchain/avr8/avr8-gnu-toolchain/bin/../lib/gcc/avr/5.4.0/../../../../avr/lib/avr5\libm.a(fp_inf.o)
 .data          0x00000000        0x0 c:/program files (x86)/atmel/studio/7.0/toolchain/avr8/avr8-gnu-toolchain/bin/../lib/gcc/avr/5.4.0/../../../../avr/lib/avr5\libm.a(fp_inf.o)
 .bss           0x00000000        0x0 c:/program files (x86)/atmel/studio/7.0/toolchain/avr8/avr8-gnu-toolchain/bin/../lib/gcc/avr/5.4.0/../../../../avr/lib/avr5\libm.a(fp_inf.o)
 .text.avr-libc.fplib
                0x00000000        0xc c:/program files (x86)/atmel/studio/7.0/toolchain/avr8/avr8-gnu-toolchain/bin/../lib/gcc/avr/5.4.0/../../../../avr/lib/avr5\libm.a(fp_inf.o)
 .text          0x00000000        0x0 c:/program files (x86)/atmel/studio/7.0/toolchain/avr8/avr8-gnu-toolchain/bin/../lib/gcc/avr/5.4.0/../../../../avr/lib/avr5\libm.a(fp_nan.o)
 .data          0x00000000        0x0 c:/program files (x86)/atmel/studio/7.0/toolchain/avr8/avr8-gnu-toolchain/bin/../lib/gcc/avr/5.4.0/../../../../avr/lib/avr5\libm.a(fp_nan.o)
 .bss           0x00000000        0x0 c:/program files (x86)/atmel/studio/7.0/toolchain/avr8/avr8-gnu-toolchain/bin/../lib/gcc/avr/5.4.0/../../../../avr/lib/avr5\libm.a(fp_nan.o)
 .text.avr-libc.fplib
                0x00000000        0x6 c:/program files (x86)/atmel/studio/7.0/toolchain/avr8/avr8-gnu-toolchain/bin/../lib/gcc/avr/5.4.0/../../../../avr/lib/avr5\libm.a(fp_nan.o)
 .text          0x00000000        0x0 c:/program files (x86)/atmel/studio/7.0/toolchain/avr8/avr8-gnu-toolchain/bin/../lib/gcc/avr/5.4.0/../../../../avr/lib/avr5\libm.a(fp_pscA.o)
 .data          0x00000000        0x0 c:/program files (x86)/atmel/studio/7.0/toolchain/avr8/avr8-gnu-toolchain/bin/../lib/gcc/avr/5.4.0/../../../../avr/lib/avr5\libm.a(fp_pscA.o)
 .bss           0x00000000        0x0 c:/program files (x86)/atmel/studio/7.0/toolchain/avr8/avr8-gnu-toolchain/bin/../lib/gcc/avr/5.4.0/../../../../avr/lib/avr5\libm.a(fp_pscA.o)
 .text.avr-libc.fplib
                0x00000000        0xe c:/program files (x86)/atmel/studio/7.0/toolchain/avr8/avr8-gnu-toolchain/bin/../lib/gcc/avr/5.4.0/../../../../avr/lib/avr5\libm.a(fp_pscA.o)
 .text          0x00000000        0x0 c:/program files (x86)/atmel/studio/7.0/toolchain/avr8/avr8-gnu-toolchain/bin/../lib/gcc/avr/5.4.0/../../../../avr/lib/avr5\libm.a(fp_pscB.o)
 .data          0x00000000        0x0 c:/program files (x86)/atmel/studio/7.0/toolchain/avr8/avr8-gnu-toolchain/bin/../lib/gcc/avr/5.4.0/../../../../avr/lib/avr5\libm.a(fp_pscB.o)
 .bss           0x00000000        0x0 c:/program files (x86)/atmel/studio/7.0/toolchain/avr8/avr8-gnu-toolchain/bin/../lib/gcc/avr/5.4.0/../../../../avr/lib/avr5\libm.a(fp_pscB.o)
 .text.avr-libc.fplib
                0x00000000        0xe c:/program files (x86)/atmel/studio/7.0/toolchain/avr8/avr8-gnu-toolchain/bin/../lib/gcc/avr/5.4.0/../../../../avr/lib/avr5\libm.a(fp_pscB.o)
 .text          0x00000000        0x0 c:/program files (x86)/atmel/studio/7.0/toolchain/avr8/avr8-gnu-toolchain/bin/../lib/gcc/avr/5.4.0/../../../../avr/lib/avr5\libm.a(fp_round.o)
 .data          0x00000000        0x0 c:/program files (x86)/atmel/studio/7.0/toolchain/avr8/avr8-gnu-toolchain/bin/../lib/gcc/avr/5.4.0/../../../../avr/lib/avr5\libm.a(fp_round.o)
 .bss           0x00000000        0x0 c:/program files (x86)/atmel/studio/7.0/toolchain/avr8/avr8-gnu-toolchain/bin/../lib/gcc/avr/5.4.0/../../../../avr/lib/avr5\libm.a(fp_round.o)
 .text.avr-libc.fplib
                0x00000000       0x22 c:/program files (x86)/atmel/studio/7.0/toolchain/avr8/avr8-gnu-toolchain/bin/../lib/gcc/avr/5.4.0/../../../../avr/lib/avr5\libm.a(fp_round.o)
 .text          0x00000000        0x0 c:/program files (x86)/atmel/studio/7.0/toolchain/avr8/avr8-gnu-toolchain/bin/../lib/gcc/avr/5.4.0/../../../../avr/lib/avr5\libm.a(fp_split3.o)
 .data          0x00000000        0x0 c:/program files (x86)/atmel/studio/7.0/toolchain/avr8/avr8-gnu-toolchain/bin/../lib/gcc/avr/5.4.0/../../../../avr/lib/avr5\libm.a(fp_split3.o)
 .bss           0x00000000        0x0 c:/program files (x86)/atmel/studio/7.0/toolchain/avr8/avr8-gnu-toolchain/bin/../lib/gcc/avr/5.4.0/../../../../avr/lib/avr5\libm.a(fp_split3.o)
 .text.avr-libc.fplib
                0x00000000       0x44 c:/program files (x86)/atmel/studio/7.0/toolchain/avr8/avr8-gnu-toolchain/bin/../lib/gcc/avr/5.4.0/../../../../avr/lib/avr5\libm.a(fp_split3.o)
 .text          0x00000000        0x0 c:/program files (x86)/atmel/studio/7.0/toolchain/avr8/avr8-gnu-toolchain/bin/../lib/gcc/avr/5.4.0/../../../../avr/lib/avr5\libm.a(fp_zero.o)
 .data          0x00000000        0x0 c:/program files (x86)/atmel/studio/7.0/toolchain/avr8/avr8-gnu-toolchain/bin/../lib/gcc/avr/5.4.0/../../../../avr/lib/avr5\libm.a(fp_zero.o)
 .bss           0x00000000        0x0 c:/program files (x86)/atmel/studio/7.0/toolchain/avr8/avr8-gnu-toolchain/bin/../lib/gcc/avr/5.4.0/../../../../avr/lib/avr5\libm.a(fp_zero.o)
 .text.avr-libc.fplib
                0x00000000        0xe c:/program files (x86)/atmel/studio/7.0/toolchain/avr8/avr8-gnu-toolchain/bin/../lib/gcc/avr/5.4.0/../../../../avr/lib/avr5\libm.a(fp_zero.o)
 .text          0x00000000        0x0 c:/program files (x86)/atmel/studio/7.0/toolchain/avr8/avr8-gnu-toolchain/bin/../lib/gcc/avr/5.4.0/../../../../avr/lib/avr5\libm.a(gesf2.o)
 .data          0x00000000        0x0 c:/program files (x86)/atmel/studio/7.0/toolchain/avr8/avr8-gnu-toolchain/bin/../lib/gcc/avr/5.4.0/../../../../avr/lib/avr5\libm.a(gesf2.o)
 .bss           0x00000000        0x0 c:/program files (x86)/atmel/studio/7.0/toolchain/avr8/avr8-gnu-toolchain/bin/../lib/gcc/avr/5.4.0/../../../../avr/lib/avr5\libm.a(gesf2.o)
 .text.avr-libc.fplib
                0x00000000        0xa c:/program files (x86)/atmel/studio/7.0/toolchain/avr8/avr8-gnu-toolchain/bin/../lib/gcc/avr/5.4.0/../../../../avr/lib/avr5\libm.a(gesf2.o)
 .text          0x00000000        0x0 c:/program files (x86)/atmel/studio/7.0/toolchain/avr8/avr8-gnu-toolchain/bin/../lib/gcc/avr/5.4.0/../../../../avr/lib/avr5\libm.a(mulsf3.o)
 .data          0x00000000        0x0 c:/program files (x86)/atmel/studio/7.0/toolchain/avr8/avr8-gnu-toolchain/bin/../lib/gcc/avr/5.4.0/../../../../avr/lib/avr5\libm.a(mulsf3.o)
 .bss           0x00000000        0x0 c:/program files (x86)/atmel/studio/7.0/toolchain/avr8/avr8-gnu-toolchain/bin/../lib/gcc/avr/5.4.0/../../../../avr/lib/avr5\libm.a(mulsf3.o)
 .text.avr-libc.fplib
                0x00000000        0x8 c:/program files (x86)/atmel/studio/7.0/toolchain/avr8/avr8-gnu-toolchain/bin/../lib/gcc/avr/5.4.0/../../../../avr/lib/avr5\libm.a(mulsf3.o)
 .text          0x00000000        0x0 c:/program files (x86)/atmel/studio/7.0/toolchain/avr8/avr8-gnu-toolchain/bin/../lib/gcc/avr/5.4.0/../../../../avr/lib/avr5\libm.a(mulsf3x.o)
 .data          0x00000000        0x0 c:/program files (x86)/atmel/studio/7.0/toolchain/avr8/avr8-gnu-toolchain/bin/../lib/gcc/avr/5.4.0/../../../../avr/lib/avr5\libm.a(mulsf3x.o)
 .bss           0x00000000        0x0 c:/program files (x86)/atmel/studio/7.0/toolchain/avr8/avr8-gnu-toolchain/bin/../lib/gcc/avr/5.4.0/../../../../avr/lib/avr5\libm.a(mulsf3x.o)
 .text.avr-libc.fplib
                0x00000000       0xd2 c:/program files (x86)/atmel/studio/7.0/toolchain/avr8/avr8-gnu-toolchain/bin/../lib/gcc/avr/5.4.0/../../../../avr/lib/avr5\libm.a(mulsf3x.o)
 .text          0x00000000        0x0 c:/program files (x86)/atmel/studio/7.0/toolchain/avr8/avr8-gnu-toolchain/bin/../lib/gcc/avr/5.4.0/../../../../avr/lib/avr5\libm.a(unordsf2.o)
 .data          0x00000000        0x0 c:/program files (x86)/atmel/studio/7.0/toolchain/avr8/avr8-gnu-toolchain/bin/../lib/gcc/avr/5.4.0/../../../../avr/lib/avr5\libm.a(unordsf2.o)
 .bss           0x00000000        0x0 c:/program files (x86)/atmel/studio/7.0/toolchain/avr8/avr8-gnu-toolchain/bin/../lib/gcc/avr/5.4.0/../../../../avr/lib/avr5\libm.a(unordsf2.o)
 .text.avr-libc.fplib
                0x00000000        0xa c:/program files (x86)/atmel/studio/7.0/toolchain/avr8/avr8-gnu-toolchain/bin/../lib/gcc/avr/5.4.0/../../../../avr/lib/avr5\libm.a(unordsf2.o)
 .text          0x00000000        0x0 c:/program files (x86)/atmel/studio/7.0/toolchain/avr8/avr8-gnu-toolchain/bin/../lib/gcc/avr/5.4.0/avr5\libgcc.a(_udivmodsi4.o)
 .data          0x00000000        0x0 c:/program files (x86)/atmel/studio/7.0/toolchain/avr8/avr8-gnu-toolchain/bin/../lib/gcc/avr/5.4.0/avr5\libgcc.a(_udivmodsi4.o)
 .bss           0x00000000        0x0 c:/program files (x86)/atmel/studio/7.0/toolchain/avr8/avr8-gnu-toolchain/bin/../lib/gcc/avr/5.4.0/avr5\libgcc.a(_udivmodsi4.o)
 .text.libgcc.mul
                0x00000000        0x0 c:/program files (x86)/atmel/studio/7.0/toolchain/avr8/avr8-gnu-toolchain/bin/../lib/gcc/avr/5.4.0/avr5\libgcc.a(_udivmodsi4.o)
 .text.libgcc   0x00000000        0x0 c:/program files (x86)/atmel/studio/7.0/toolchain/avr8/avr8-gnu-toolchain/bin/../lib/gcc/avr/5.4.0/avr5\libgcc.a(_udivmodsi4.o)
 .text.libgcc.prologue
                0x00000000        0x0 c:/program files (x86)/atmel/studio/7.0/toolchain/avr8/avr8-gnu-toolchain/bin/../lib/gcc/avr/5.4.0/avr5\libgcc.a(_udivmodsi4.o)
 .text.libgcc.builtins
                0x00000000        0x0 c:/program files (x86)/atmel/studio/7.0/toolchain/avr8/avr8-gnu-toolchain/bin/../lib/gcc/avr/5.4.0/avr5\libgcc.a(_udivmodsi4.o)
 .text.libgcc.fmul
                0x00000000        0x0 c:/program files (x86)/atmel/studio/7.0/toolchain/avr8/avr8-gnu-toolchain/bin/../lib/gcc/avr/5.4.0/avr5\libgcc.a(_udivmodsi4.o)
 .text.libgcc.fixed
                0x00000000        0x0 c:/program files (x86)/atmel/studio/7.0/toolchain/avr8/avr8-gnu-toolchain/bin/../lib/gcc/avr/5.4.0/avr5\libgcc.a(_udivmodsi4.o)
 .text          0x00000000        0x0 c:/program files (x86)/atmel/studio/7.0/toolchain/avr8/avr8-gnu-toolchain/bin/../lib/gcc/avr/5.4.0/avr5\libgcc.a(_exit.o)
 .data          0x00000000        0x0 c:/program files (x86)/atmel/studio/7.0/toolchain/avr8/avr8-gnu-toolchain/bin/../lib/gcc/avr/5.4.0/avr5\libgcc.a(_exit.o)
 .bss           0x00000000        0x0 c:/program files (x86)/atmel/studio/7.0/toolchain/avr8/avr8-gnu-toolchain/bin/../lib/gcc/avr/5.4.0/avr5\libgcc.a(_exit.o)
 .text.libgcc.mul
                0x00000000        0x0 c:/program files (x86)/atmel/studio/7.0/toolchain/avr8/avr8-gnu-toolchain/bin/../lib/gcc/avr/5.4.0/avr5\libgcc.a(_exit.o)
 .text.libgcc.div
                0x00000000        0x0 c:/program files (x86)/atmel/studio/7.0/toolchain/avr8/avr8-gnu-toolchain/bin/../lib/gcc/avr/5.4.0/avr5\libgcc.a(_exit.o)
 .text.libgcc   0x00000000        0x0 c:/program files (x86)/atmel/studio/7.0/toolchain/avr8/avr8-gnu-toolchain/bin/../lib/gcc/avr/5.4.0/avr5\libgcc.a(_exit.o)
 .text.libgcc.prologue
                0x00000000        0x0 c:/program files (x86)/atmel/studio/7.0/toolchain/avr8/avr8-gnu-toolchain/bin/../lib/gcc/avr/5.4.0/avr5\libgcc.a(_exit.o)
 .text.libgcc.builtins
                0x00000000        0x0 c:/program files (x86)/atmel/studio/7.0/toolchain/avr8/avr8-gnu-toolchain/bin/../lib/gcc/avr/5.4.0/avr5\libgcc.a(_exit.o)
 .text.libgcc.fmul
                0x00000000        0x0 c:/program files (x86)/atmel/studio/7.0/toolchain/avr8/avr8-gnu-toolchain/bin/../lib/gcc/avr/5.4.0/avr5\libgcc.a(_exit.o)
 .text.libgcc.fixed
                0x00000000        0x0 c:/program files (x86)/atmel/studio/7.0/toolchain/avr8/avr8-gnu-toolchain/bin/../lib/gcc/avr/5.4.0/avr5\libgcc.a(_exit.o)
 .text          0x00000000        0x0 c:/program files (x86)/atmel/studio/7.0/toolchain/avr8/avr8-gnu-toolchain/bin/../lib/gcc/avr/5.4.0/avr5\libgcc.a(_copy_data.o)
 .data          0x00000000        0x0 c:/program files (x86)/atmel/studio/7.0/toolchain/avr8/avr8-gnu-toolchain/bin/../lib/gcc/avr/5.4.0/avr5\libgcc.a(_copy_data.o)
 .bss           0x00000000        0x0 c:/program files (x86)/atmel/studio/7.0/toolchain/avr8/avr8-gnu-toolchain/bin/../lib/gcc/avr/5.4.0/avr5\libgcc.a(_copy_data.o)
 .text.libgcc.mul
                0x00000000        0x0 c:/program files (x86)/atmel/studio/7.0/toolchain/avr8/avr8-gnu-toolchain/bin/../lib/gcc/avr/5.4.0/avr5\libgcc.a(_copy_data.o)
 .text.libgcc.div
                0x00000000        0x0 c:/program files (x86)/atmel/studio/7.0/toolchain/avr8/avr8-gnu-toolchain/bin/../lib/gcc/avr/5.4.0/avr5\libgcc.a(_copy_data.o)
 .text.libgcc   0x00000000        0x0 c:/program files (x86)/atmel/studio/7.0/toolchain/avr8/avr8-gnu-toolchain/bin/../lib/gcc/avr/5.4.0/avr5\libgcc.a(_copy_data.o)
 .text.libgcc.prologue
                0x00000000        0x0 c:/program files (x86)/atmel/studio/7.0/toolchain/avr8/avr8-gnu-toolchain/bin/../lib/gcc/avr/5.4.0/avr5\libgcc.a(_copy_data.o)
 .text.libgcc.builtins
                0x00000000        0x0 c:/program files (x86)/atmel/studio/7.0/toolchain/avr8/avr8-gnu-toolchain/bin/../lib/gcc/avr/5.4.0/avr5\libgcc.a(_copy_data.o)
 .text.libgcc.fmul
                0x00000000        0x0 c:/program files (x86)/atmel/studio/7.0/toolchain/avr8/avr8-gnu-toolchain/bin/../lib/gcc/avr/5.4.0/avr5\libgcc.a(_copy_data.o)
 .text.libgcc.fixed
                0x00000000        0x0 c:/program files (x86)/atmel/studio/7.0/toolchain/avr8/avr8-gnu-toolchain/bin/../lib/gcc/avr/5.4.0/avr5\libgcc.a(_copy_data.o)
 .text          0x00000000        0x0 c:/program files (x86)/atmel/studio/7.0/toolchain/avr8/avr8-gnu-toolchain/bin/../lib/gcc/avr/5.4.0/avr5\libgcc.a(_clear_bss.o)
 .data          0x00000000        0x0 c:/program files (x86)/atmel/studio/7.0/toolchain/avr8/avr8-gnu-toolchain/bin/../lib/gcc/avr/5.4.0/avr5\libgcc.a(_clear_bss.o)
 .bss           0x00000000        0x0 c:/program files (x86)/atmel/studio/7.0/toolchain/avr8/avr8-gnu-toolchain/bin/../lib/gcc/avr/5.4.0/avr5\libgcc.a(_clear_bss.o)
 .text.libgcc.mul
                0x00000000        0x0 c:/program files (x86)/atmel/studio/7.0/toolchain/avr8/avr8-gnu-toolchain/bin/../lib/gcc/avr/5.4.0/avr5\libgcc.a(_clear_bss.o)
 .text.libgcc.div
                0x00000000        0x0 c:/program files (x86)/atmel/studio/7.0/toolchain/avr8/avr8-gnu-toolchain/bin/../lib/gcc/avr/5.4.0/avr5\libgcc.a(_clear_bss.o)
 .text.libgcc   0x00000000        0x0 c:/program files (x86)/atmel/studio/7.0/toolchain/avr8/avr8-gnu-toolchain/bin/../lib/gcc/avr/5.4.0/avr5\libgcc.a(_clear_bss.o)
 .text.libgcc.prologue
                0x00000000        0x0 c:/program files (x86)/atmel/studio/7.0/toolchain/avr8/avr8-gnu-toolchain/bin/../lib/gcc/avr/5.4.0/avr5\libgcc.a(_clear_bss.o)
 .text.libgcc.builtins
                0x00000000        0x0 c:/program files (x86)/atmel/studio/7.0/toolchain/avr8/avr8-gnu-toolchain/bin/../lib/gcc/avr/5.4.0/avr5\libgcc.a(_clear_bss.o)
 .text.libgcc.fmul
                0x00000000        0x0 c:/program files (x86)/atmel/studio/7.0/toolchain/avr8/avr8-gnu-toolchain/bin/../lib/gcc/avr/5.4.0/avr5\libgcc.a(_clear_bss.o)
 .text.libgcc.fixed
                0x00000000        0x0 c:/program files (x86)/atmel/studio/7.0/toolchain/avr8/avr8-gnu-toolchain/bin/../lib/gcc/avr/5.4.0/avr5\libgcc.a(_clear_bss.o)
 .text          0x00000000        0x0 c:/program files (x86)/atmel/studio/7.0/toolchain/avr8/avr8-gnu-toolchain/bin/../lib/gcc/avr/5.4.0/avr5\libgcc.a(_ctors.o)
 .data          0x00000000        0x0 c:/program files (x86)/atmel/studio/7.0/toolchain/avr8/avr8-gnu-toolchain/bin/../lib/gcc/avr/5.4.0/avr5\libgcc.a(_ctors.o)
 .bss           0x00000000        0x0 c:/program files (x86)/atmel/studio/7.0/toolchain/avr8/avr8-gnu-toolchain/bin/../lib/gcc/avr/5.4.0/avr5\libgcc.a(_ctors.o)
 .text.libgcc.mul
                0x00000000        0x0 c:/program files (x86)/atmel/studio/7.0/toolchain/avr8/avr8-gnu-toolchain/bin/../lib/gcc/avr/5.4.0/avr5\libgcc.a(_ctors.o)
 .text.libgcc.div
                0x00000000        0x0 c:/program files (x86)/atmel/studio/7.0/toolchain/avr8/avr8-gnu-toolchain/bin/../lib/gcc/avr/5.4.0/avr5\libgcc.a(_ctors.o)
 .text.libgcc   0x00000000        0x0 c:/program files (x86)/atmel/studio/7.0/toolchain/avr8/avr8-gnu-toolchain/bin/../lib/gcc/avr/5.4.0/avr5\libgcc.a(_ctors.o)
 .text.libgcc.prologue
                0x00000000        0x0 c:/program files (x86)/atmel/studio/7.0/toolchain/avr8/avr8-gnu-toolchain/bin/../lib/gcc/avr/5.4.0/avr5\libgcc.a(_ctors.o)
 .text.libgcc.builtins
                0x00000000        0x0 c:/program files (x86)/atmel/studio/7.0/toolchain/avr8/avr8-gnu-toolchain/bin/../lib/gcc/avr/5.4.0/avr5\libgcc.a(_ctors.o)
 .text.libgcc.fmul
                0x00000000        0x0 c:/program files (x86)/atmel/studio/7.0/toolchain/avr8/avr8-gnu-toolchain/bin/../lib/gcc/avr/5.4.0/avr5\libgcc.a(_ctors.o)
 .text.libgcc.fixed
                0x00000000        0x0 c:/program files (x86)/atmel/studio/7.0/toolchain/avr8/avr8-gnu-toolchain/bin/../lib/gcc/avr/5.4.0/avr5\libgcc.a(_ctors.o)
 .text          0x00000000        0x0 c:/program files (x86)/atmel/studio/7.0/toolchain/avr8/avr8-gnu-toolchain/bin/../lib/gcc/avr/5.4.0/avr5\libgcc.a(_tablejump2.o)
 .data          0x00000000        0x0 c:/program files (x86)/atmel/studio/7.0/toolchain/avr8/avr8-gnu-toolchain/bin/../lib/gcc/avr/5.4.0/avr5\libgcc.a(_tablejump2.o)
 .bss           0x00000000        0x0 c:/program files (x86)/atmel/studio/7.0/toolchain/avr8/avr8-gnu-toolchain/bin/../lib/gcc/avr/5.4.0/avr5\libgcc.a(_tablejump2.o)
 .text.libgcc.mul
                0x00000000        0x0 c:/program files (x86)/atmel/studio/7.0/toolchain/avr8/avr8-gnu-toolchain/bin/../lib/gcc/avr/5.4.0/avr5\libgcc.a(_tablejump2.o)
 .text.libgcc.div
                0x00000000        0x0 c:/program files (x86)/atmel/studio/7.0/toolchain/avr8/avr8-gnu-toolchain/bin/../lib/gcc/avr/5.4.0/avr5\libgcc.a(_tablejump2.o)
 .text.libgcc.prologue
                0x00000000        0x0 c:/program files (x86)/atmel/studio/7.0/toolchain/avr8/avr8-gnu-toolchain/bin/../lib/gcc/avr/5.4.0/avr5\libgcc.a(_tablejump2.o)
 .text.libgcc.builtins
                0x00000000        0x0 c:/program files (x86)/atmel/studio/7.0/toolchain/avr8/avr8-gnu-toolchain/bin/../lib/gcc/avr/5.4.0/avr5\libgcc.a(_tablejump2.o)
 .text.libgcc.fmul
                0x00000000        0x0 c:/program files (x86)/atmel/studio/7.0/toolchain/avr8/avr8-gnu-toolchain/bin/../lib/gcc/avr/5.4.0/avr5\libgcc.a(_tablejump2.o)
 .text.libgcc.fixed
                0x00000000        0x0 c:/program files (x86)/atmel/studio/7.0/toolchain/avr8/avr8-gnu-toolchain/bin/../lib/gcc/avr/5.4.0/avr5\libgcc.a(_tablejump2.o)
 .text          0x00000000        0x0 c:/program files (x86)/atmel/studio/7.0/toolchain/avr8/avr8-gnu-toolchain/bin/../lib/gcc/avr/5.4.0/../../../../avr/lib/avr5\libc.a(abort.o)
 .data          0x00000000        0x0 c:/program files (x86)/atmel/studio/7.0/toolchain/avr8/avr8-gnu-toolchain/bin/../lib/gcc/avr/5.4.0/../../../../avr/lib/avr5\libc.a(abort.o)
 .bss           0x00000000        0x0 c:/program files (x86)/atmel/studio/7.0/toolchain/avr8/avr8-gnu-toolchain/bin/../lib/gcc/avr/5.4.0/../../../../avr/lib/avr5\libc.a(abort.o)
 .text.avr-libc
                0x00000000        0xa c:/program files (x86)/atmel/studio/7.0/toolchain/avr8/avr8-gnu-toolchain/bin/../lib/gcc/avr/5.4.0/../../../../avr/lib/avr5\libc.a(abort.o)

Memory Configuration

Name             Origin             Length             Attributes
text             0x00000000         0x00020000         xr
data             0x00800060         0x0000ffa0         rw !x
eeprom           0x00810000         0x00010000         rw !x
fuse             0x00820000         0x00000003         rw !x
lock             0x00830000         0x00000400         rw !x
signature        0x00840000         0x00000400         rw !x
user_signatures  0x00850000         0x00000400         rw !x
*default*        0x00000000         0xffffffff

Linker script and memory map

Address of section .data set to 0x800100
LOAD C:/Program Files (x86)/Atmel/Studio/7.0/Packs/atmel/ATmega_DFP/1.2.209/gcc/dev/atmega328p/avr5/crtatmega328p.o
LOAD critical.o
LOAD sensor.o
LOAD teclado.o
LOAD adc.o
LOAD fnqueue.o
LOAD LiquidCrystal.o
LOAD main.o
START GROUP
LOAD c:/program files (x86)/atmel/studio/7.0/toolchain/avr8/avr8-gnu-toolchain/bin/../lib/gcc/avr/5.4.0/../../../../avr/lib/avr5\libm.a
LOAD C:\Users\Lucio\Desktop\libcore\libcoreArduinoUno.a
END GROUP
LOAD c:/program files (x86)/atmel/studio/7.0/toolchain/avr8/avr8-gnu-toolchain/bin/../lib/gcc/avr/5.4.0/avr5\libgcc.a
LOAD c:/program files (x86)/atmel/studio/7.0/toolchain/avr8/avr8-gnu-toolchain/bin/../lib/gcc/avr/5.4.0/../../../../avr/lib/avr5\libm.a
START GROUP
LOAD c:/program files (x86)/atmel/studio/7.0/toolchain/avr8/avr8-gnu-toolchain/bin/../lib/gcc/avr/5.4.0/avr5\libgcc.a
LOAD c:/program files (x86)/atmel/studio/7.0/toolchain/avr8/avr8-gnu-toolchain/bin/../lib/gcc/avr/5.4.0/../../../../avr/lib/avr5\libm.a
LOAD c:/program files (x86)/atmel/studio/7.0/toolchain/avr8/avr8-gnu-toolchain/bin/../lib/gcc/avr/5.4.0/../../../../avr/lib/avr5\libc.a
LOAD C:/Program Files (x86)/Atmel/Studio/7.0/Packs/atmel/ATmega_DFP/1.2.209/gcc/dev/atmega328p/avr5\libatmega328p.a
END GROUP
                0x00020000                __TEXT_REGION_LENGTH__ = DEFINED (__TEXT_REGION_LENGTH__)?__TEXT_REGION_LENGTH__:0x20000
                0x0000ffa0                __DATA_REGION_LENGTH__ = DEFINED (__DATA_REGION_LENGTH__)?__DATA_REGION_LENGTH__:0xffa0
                0x00010000                __EEPROM_REGION_LENGTH__ = DEFINED (__EEPROM_REGION_LENGTH__)?__EEPROM_REGION_LENGTH__:0x10000
                [0x00000003]                __FUSE_REGION_LENGTH__ = DEFINED (__FUSE_REGION_LENGTH__)?__FUSE_REGION_LENGTH__:0x400
                0x00000400                __LOCK_REGION_LENGTH__ = DEFINED (__LOCK_REGION_LENGTH__)?__LOCK_REGION_LENGTH__:0x400
                0x00000400                __SIGNATURE_REGION_LENGTH__ = DEFINED (__SIGNATURE_REGION_LENGTH__)?__SIGNATURE_REGION_LENGTH__:0x400
                0x00000400                __USER_SIGNATURE_REGION_LENGTH__ = DEFINED (__USER_SIGNATURE_REGION_LENGTH__)?__USER_SIGNATURE_REGION_LENGTH__:0x400

.hash
 *(.hash)

.dynsym
 *(.dynsym)

.dynstr
 *(.dynstr)

.gnu.version
 *(.gnu.version)

.gnu.version_d
 *(.gnu.version_d)

.gnu.version_r
 *(.gnu.version_r)

.rel.init
 *(.rel.init)

.rela.init
 *(.rela.init)

.rel.text
 *(.rel.text)
 *(.rel.text.*)
 *(.rel.gnu.linkonce.t*)

.rela.text
 *(.rela.text)
 *(.rela.text.*)
 *(.rela.gnu.linkonce.t*)

.rel.fini
 *(.rel.fini)

.rela.fini
 *(.rela.fini)

.rel.rodata
 *(.rel.rodata)
 *(.rel.rodata.*)
 *(.rel.gnu.linkonce.r*)

.rela.rodata
 *(.rela.rodata)
 *(.rela.rodata.*)
 *(.rela.gnu.linkonce.r*)

.rel.data
 *(.rel.data)
 *(.rel.data.*)
 *(.rel.gnu.linkonce.d*)

.rela.data
 *(.rela.data)
 *(.rela.data.*)
 *(.rela.gnu.linkonce.d*)

.rel.ctors
 *(.rel.ctors)

.rela.ctors
 *(.rela.ctors)

.rel.dtors
 *(.rel.dtors)

.rela.dtors
 *(.rela.dtors)

.rel.got
 *(.rel.got)

.rela.got
 *(.rela.got)

.rel.bss
 *(.rel.bss)

.rela.bss
 *(.rela.bss)

.rel.plt
 *(.rel.plt)

.rela.plt
 *(.rela.plt)

.text           0x00000000      0xd30
 *(.vectors)
 .vectors       0x00000000       0x68 C:/Program Files (x86)/Atmel/Studio/7.0/Packs/atmel/ATmega_DFP/1.2.209/gcc/dev/atmega328p/avr5/crtatmega328p.o
                0x00000000                __vector_default
                0x00000000                __vectors
 *(.vectors)
 *(.progmem.gcc*)
                0x00000068                . = ALIGN (0x2)
                0x00000068                __trampolines_start = .
 *(.trampolines)
 .trampolines   0x00000068        0x0 linker stubs
 *(.trampolines*)
                0x00000068                __trampolines_end = .
 *libprintf_flt.a:*(.progmem.data)
 *libc.a:*(.progmem.data)
 *(.progmem*)
 .progmem.data.digital_pin_to_timer_PGM
                0x00000068       0x14 C:\Users\Lucio\Desktop\libcore\libcoreArduinoUno.a(wiring_digital.c.o)
                0x00000068                digital_pin_to_timer_PGM
 .progmem.data.digital_pin_to_bit_mask_PGM
                0x0000007c       0x14 C:\Users\Lucio\Desktop\libcore\libcoreArduinoUno.a(wiring_digital.c.o)
                0x0000007c                digital_pin_to_bit_mask_PGM
 .progmem.data.digital_pin_to_port_PGM
                0x00000090       0x14 C:\Users\Lucio\Desktop\libcore\libcoreArduinoUno.a(wiring_digital.c.o)
                0x00000090                digital_pin_to_port_PGM
 .progmem.data.port_to_output_PGM
                0x000000a4        0xa C:\Users\Lucio\Desktop\libcore\libcoreArduinoUno.a(wiring_digital.c.o)
                0x000000a4                port_to_output_PGM
 .progmem.data.port_to_mode_PGM
                0x000000ae        0xa C:\Users\Lucio\Desktop\libcore\libcoreArduinoUno.a(wiring_digital.c.o)
                0x000000ae                port_to_mode_PGM
                0x000000b8                . = ALIGN (0x2)
 *(.jumptables)
 *(.jumptables*)
 *(.lowtext)
 *(.lowtext*)
                0x000000b8                __ctors_start = .
 *(.ctors)
 .ctors         0x000000b8        0x2 main.o
                0x000000ba                __ctors_end = .
                0x000000ba                __dtors_start = .
 *(.dtors)
                0x000000ba                __dtors_end = .
 SORT(*)(.ctors)
 SORT(*)(.dtors)
 *(.init0)
 .init0         0x000000ba        0x0 C:/Program Files (x86)/Atmel/Studio/7.0/Packs/atmel/ATmega_DFP/1.2.209/gcc/dev/atmega328p/avr5/crtatmega328p.o
                0x000000ba                __init
 *(.init0)
 *(.init1)
 *(.init1)
 *(.init2)
 .init2         0x000000ba        0xc C:/Program Files (x86)/Atmel/Studio/7.0/Packs/atmel/ATmega_DFP/1.2.209/gcc/dev/atmega328p/avr5/crtatmega328p.o
 *(.init2)
 *(.init3)
 *(.init3)
 *(.init4)
 .init4         0x000000c6       0x16 c:/program files (x86)/atmel/studio/7.0/toolchain/avr8/avr8-gnu-toolchain/bin/../lib/gcc/avr/5.4.0/avr5\libgcc.a(_copy_data.o)
                0x000000c6                __do_copy_data
 .init4         0x000000dc       0x10 c:/program files (x86)/atmel/studio/7.0/toolchain/avr8/avr8-gnu-toolchain/bin/../lib/gcc/avr/5.4.0/avr5\libgcc.a(_clear_bss.o)
                0x000000dc                __do_clear_bss
 *(.init4)
 *(.init5)
 *(.init5)
 *(.init6)
 .init6         0x000000ec       0x16 c:/program files (x86)/atmel/studio/7.0/toolchain/avr8/avr8-gnu-toolchain/bin/../lib/gcc/avr/5.4.0/avr5\libgcc.a(_ctors.o)
                0x000000ec                __do_global_ctors
 *(.init6)
 *(.init7)
 *(.init7)
 *(.init8)
 *(.init8)
 *(.init9)
 .init9         0x00000102        0x8 C:/Program Files (x86)/Atmel/Studio/7.0/Packs/atmel/ATmega_DFP/1.2.209/gcc/dev/atmega328p/avr5/crtatmega328p.o
 *(.init9)
 *(.text)
 .text          0x0000010a        0x4 C:/Program Files (x86)/Atmel/Studio/7.0/Packs/atmel/ATmega_DFP/1.2.209/gcc/dev/atmega328p/avr5/crtatmega328p.o
                0x0000010a                __vector_22
                0x0000010a                __vector_1
                0x0000010a                __vector_24
                0x0000010a                __vector_12
                0x0000010a                __bad_interrupt
                0x0000010a                __vector_6
                0x0000010a                __vector_3
                0x0000010a                __vector_23
                0x0000010a                __vector_25
                0x0000010a                __vector_11
                0x0000010a                __vector_13
                0x0000010a                __vector_17
                0x0000010a                __vector_19
                0x0000010a                __vector_7
                0x0000010a                __vector_5
                0x0000010a                __vector_4
                0x0000010a                __vector_9
                0x0000010a                __vector_2
                0x0000010a                __vector_15
                0x0000010a                __vector_8
                0x0000010a                __vector_14
                0x0000010a                __vector_10
                0x0000010a                __vector_18
                0x0000010a                __vector_20
                0x0000010e                . = ALIGN (0x2)
 *(.text.*)
 .text._Z14critical_beginv
                0x0000010e       0x48 critical.o
                0x0000010e                _Z14critical_beginv
 .text._Z12critical_endv
                0x00000156       0x3c critical.o
                0x00000156                _Z12critical_endv
 .text._Z19procesar_adc_sensorv
                0x00000192       0x18 sensor.o
                0x00000192                _Z19procesar_adc_sensorv
 .text._Z15sensor_callbackv
                0x000001aa       0x1c sensor.o
                0x000001aa                _Z15sensor_callbackv
 .text._Z12sensor_setupv
                0x000001c6       0x12 sensor.o
                0x000001c6                _Z12sensor_setupv
 .text._Z20procesar_adc_tecladov
                0x000001d8       0xf0 teclado.o
                0x000001d8                _Z20procesar_adc_tecladov
 .text._Z16teclado_callbackv
                0x000002c8       0x1c teclado.o
                0x000002c8                _Z16teclado_callbackv
 .text._Z15key_up_callbackPFvvEi
                0x000002e4       0x1a teclado.o
                0x000002e4                _Z15key_up_callbackPFvvEi
 .text._Z17key_down_callbackPFvvEi
                0x000002fe       0x1a teclado.o
                0x000002fe                _Z17key_down_callbackPFvvEi
 .text._Z13teclado_setupv
                0x00000318       0x12 teclado.o
                0x00000318                _Z13teclado_setupv
 .text.__vector_21
                0x0000032a       0x14 adc.o
                0x0000032a                __vector_21
 .text._Z12fnqueue_initv
                0x0000033e       0x10 fnqueue.o
                0x0000033e                _Z12fnqueue_initv
 .text._Z11fnqueue_runv
                0x0000034e       0x58 fnqueue.o
                0x0000034e                _Z11fnqueue_runv
 .text._Z11fnqueue_addPFvvE
                0x000003a6       0x54 fnqueue.o
                0x000003a6                _Z11fnqueue_addPFvvE
 .text._ZN5Print17availableForWriteEv
                0x000003fa        0x6 LiquidCrystal.o
                0x000003fa                _ZN5Print17availableForWriteEv
 .text._ZN5Print5flushEv
                0x00000400        0x2 LiquidCrystal.o
                0x00000400                _ZN5Print5flushEv
 .text._ZN13LiquidCrystal11pulseEnableEv
                0x00000402       0x3c LiquidCrystal.o
                0x00000402                _ZN13LiquidCrystal11pulseEnableEv
 .text._ZN13LiquidCrystal10write4bitsEh
                0x0000043e       0x5a LiquidCrystal.o
                0x0000043e                _ZN13LiquidCrystal10write4bitsEh
 .text._ZN13LiquidCrystal10write8bitsEh
                0x00000498       0x5a LiquidCrystal.o
                0x00000498                _ZN13LiquidCrystal10write8bitsEh
 .text._ZN13LiquidCrystal4sendEhh
                0x000004f2       0x58 LiquidCrystal.o
                0x000004f2                _ZN13LiquidCrystal4sendEhh
 .text._ZN13LiquidCrystal5clearEv
                0x0000054a       0x12 LiquidCrystal.o
                0x0000054a                _ZN13LiquidCrystal5clearEv
 .text._ZN13LiquidCrystal9setCursorEhh
                0x0000055c       0x2a LiquidCrystal.o
                0x0000055c                _ZN13LiquidCrystal9setCursorEhh
 .text._ZN13LiquidCrystal7displayEv
                0x00000586       0x14 LiquidCrystal.o
                0x00000586                _ZN13LiquidCrystal7displayEv
 .text._ZN13LiquidCrystal5beginEhhh
                0x0000059a      0x176 LiquidCrystal.o
                0x0000059a                _ZN13LiquidCrystal5beginEhhh
 .text._ZN13LiquidCrystalC2Ehhhhhh
                0x00000710       0x42 LiquidCrystal.o
                0x00000710                _ZN13LiquidCrystalC1Ehhhhhh
                0x00000710                _ZN13LiquidCrystalC2Ehhhhhh
 .text._ZN13LiquidCrystal5writeEh
                0x00000752        0xc LiquidCrystal.o
                0x00000752                _ZN13LiquidCrystal5writeEh
 .text._Z12up_keySelectv
                0x0000075e        0x2 main.o
                0x0000075e                _Z12up_keySelectv
 .text._Z10down_keyUpv
                0x00000760        0x2 main.o
                0x00000760                _Z10down_keyUpv
 .text._Z12down_keyDownv
                0x00000762        0x2 main.o
                0x00000762                _Z12down_keyDownv
 .text._Z12down_keyLeftv
                0x00000764        0x2 main.o
                0x00000764                _Z12down_keyLeftv
 .text._Z13down_keyRightv
                0x00000766        0x2 main.o
                0x00000766                _Z13down_keyRightv
 .text._Z14down_keySelectv
                0x00000768        0x2 main.o
                0x00000768                _Z14down_keySelectv
 .text._Z15showCurrentTempv
                0x0000076a       0x34 main.o
                0x0000076a                _Z15showCurrentTempv
 .text._Z10up_keyLeftv
                0x0000079e        0x6 main.o
                0x0000079e                _Z10up_keyLeftv
 .text._Z15showAverageTempv
                0x000007a4       0x34 main.o
                0x000007a4                _Z15showAverageTempv
 .text._Z11up_keyRightv
                0x000007d8        0x6 main.o
                0x000007d8                _Z11up_keyRightv
 .text._Z11showMaxTempv
                0x000007de       0x34 main.o
                0x000007de                _Z11showMaxTempv
 .text._Z8up_keyUpv
                0x00000812        0x6 main.o
                0x00000812                _Z8up_keyUpv
 .text._Z11showMinTempv
                0x00000818       0x34 main.o
                0x00000818                _Z11showMinTempv
 .text._Z10up_keyDownv
                0x0000084c        0x6 main.o
                0x0000084c                _Z10up_keyDownv
 .text.setup    0x00000852       0x8e main.o
                0x00000852                setup
 .text.loop     0x000008e0        0x6 main.o
                0x000008e0                loop
 .text._GLOBAL__sub_I_lcd
                0x000008e6       0x2e main.o
 .text.__vector_16
                0x00000914       0x94 C:\Users\Lucio\Desktop\libcore\libcoreArduinoUno.a(wiring.c.o)
                0x00000914                __vector_16
 .text.delayMicroseconds
                0x000009a8       0x14 C:\Users\Lucio\Desktop\libcore\libcoreArduinoUno.a(wiring.c.o)
                0x000009a8                delayMicroseconds
 .text.init     0x000009bc       0x76 C:\Users\Lucio\Desktop\libcore\libcoreArduinoUno.a(wiring.c.o)
                0x000009bc                init
 .text.turnOffPWM
                0x00000a32       0x52 C:\Users\Lucio\Desktop\libcore\libcoreArduinoUno.a(wiring_digital.c.o)
 .text.pinMode  0x00000a84       0x72 C:\Users\Lucio\Desktop\libcore\libcoreArduinoUno.a(wiring_digital.c.o)
                0x00000a84                pinMode
 .text.digitalWrite
                0x00000af6       0x6c C:\Users\Lucio\Desktop\libcore\libcoreArduinoUno.a(wiring_digital.c.o)
                0x00000af6                digitalWrite
 .text.initVariant
                0x00000b62        0x2 C:\Users\Lucio\Desktop\libcore\libcoreArduinoUno.a(main.cpp.o)
                0x00000b62                initVariant
 .text.startup.main
                0x00000b64       0x1e C:\Users\Lucio\Desktop\libcore\libcoreArduinoUno.a(main.cpp.o)
                0x00000b64                main
 .text._ZN5Print5writeEPKhj
                0x00000b82       0x50 C:\Users\Lucio\Desktop\libcore\libcoreArduinoUno.a(Print.cpp.o)
                0x00000b82                _ZN5Print5writeEPKhj
 .text._ZN5Print5writeEPKc
                0x00000bd2       0x2c C:\Users\Lucio\Desktop\libcore\libcoreArduinoUno.a(Print.cpp.o)
                0x00000bd2                _ZN5Print5writeEPKc
 .text._ZN5Print5printEPKc
                0x00000bfe        0x4 C:\Users\Lucio\Desktop\libcore\libcoreArduinoUno.a(Print.cpp.o)
                0x00000bfe                _ZN5Print5printEPKc
 .text._ZN5Print11printNumberEmh
                0x00000c02       0xb2 C:\Users\Lucio\Desktop\libcore\libcoreArduinoUno.a(Print.cpp.o)
                0x00000c02                _ZN5Print11printNumberEmh
 .text._ZN5Print5printEmi
                0x00000cb4       0x1a C:\Users\Lucio\Desktop\libcore\libcoreArduinoUno.a(Print.cpp.o)
                0x00000cb4                _ZN5Print5printEmi
 .text._ZN5Print5printEhi
                0x00000cce        0xe C:\Users\Lucio\Desktop\libcore\libcoreArduinoUno.a(Print.cpp.o)
                0x00000cce                _ZN5Print5printEhi
 .text.libgcc.div
                0x00000cdc       0x44 c:/program files (x86)/atmel/studio/7.0/toolchain/avr8/avr8-gnu-toolchain/bin/../lib/gcc/avr/5.4.0/avr5\libgcc.a(_udivmodsi4.o)
                0x00000cdc                __udivmodsi4
 .text.libgcc   0x00000d20        0xc c:/program files (x86)/atmel/studio/7.0/toolchain/avr8/avr8-gnu-toolchain/bin/../lib/gcc/avr/5.4.0/avr5\libgcc.a(_tablejump2.o)
                0x00000d20                __tablejump2__
                0x00000d2c                . = ALIGN (0x2)
 *(.fini9)
 .fini9         0x00000d2c        0x0 c:/program files (x86)/atmel/studio/7.0/toolchain/avr8/avr8-gnu-toolchain/bin/../lib/gcc/avr/5.4.0/avr5\libgcc.a(_exit.o)
                0x00000d2c                _exit
                0x00000d2c                exit
 *(.fini9)
 *(.fini8)
 *(.fini8)
 *(.fini7)
 *(.fini7)
 *(.fini6)
 *(.fini6)
 *(.fini5)
 *(.fini5)
 *(.fini4)
 *(.fini4)
 *(.fini3)
 *(.fini3)
 *(.fini2)
 *(.fini2)
 *(.fini1)
 *(.fini1)
 *(.fini0)
 .fini0         0x00000d2c        0x4 c:/program files (x86)/atmel/studio/7.0/toolchain/avr8/avr8-gnu-toolchain/bin/../lib/gcc/avr/5.4.0/avr5\libgcc.a(_exit.o)
 *(.fini0)
                0x00000d30                _etext = .

.data           0x00800100       0x40 load address 0x00000d30
                0x00800100                PROVIDE (__data_start, .)
 *(.data)
 *(.data*)
 .data._ZL6oldkey
                0x00800100        0x2 teclado.o
 *(.gnu.linkonce.d*)
 *(.rodata)
 *(.rodata*)
 .rodata._ZTV13LiquidCrystal
                0x00800102        0xc LiquidCrystal.o
                0x00800102                _ZTV13LiquidCrystal
 .rodata.str1.1
                0x0080010e       0x32 main.o
 *(.gnu.linkonce.r*)
                0x00800140                . = ALIGN (0x2)
                0x00800140                _edata = .
                0x00800140                PROVIDE (__data_end, .)

.bss            0x00800140       0x6c
                0x00800140                PROVIDE (__bss_start, .)
 *(.bss)
 *(.bss*)
 .bss._ZL11anidamiento
                0x00800140        0x2 critical.o
 .bss._ZL6config
                0x00800142        0x6 sensor.o
 .bss._ZL9analogVal
                0x00800148        0x2 sensor.o
 .bss._ZL8contador
                0x0080014a        0x1 sensor.o
 .bss.teclasCallback
                0x0080014b       0x14 teclado.o
                0x0080014b                teclasCallback
 .bss._ZL6config
                0x0080015f        0x6 teclado.o
 .bss._ZL9analogVal
                0x00800165        0x2 teclado.o
 .bss._ZL8contador
                0x00800167        0x1 teclado.o
 .bss._ZL13fnqueue_count
                0x00800168        0x1 fnqueue.o
 .bss._ZL12fnqueue_tail
                0x00800169        0x1 fnqueue.o
 .bss._ZL12fnqueue_head
                0x0080016a        0x1 fnqueue.o
 .bss._ZL17fnqueue_functions
                0x0080016b       0x20 fnqueue.o
 .bss.lcd       0x0080018b       0x18 main.o
                0x0080018b                lcd
 .bss.timer0_fract
                0x008001a3        0x1 C:\Users\Lucio\Desktop\libcore\libcoreArduinoUno.a(wiring.c.o)
 .bss.timer0_millis
                0x008001a4        0x4 C:\Users\Lucio\Desktop\libcore\libcoreArduinoUno.a(wiring.c.o)
                0x008001a4                timer0_millis
 .bss.timer0_overflow_count
                0x008001a8        0x4 C:\Users\Lucio\Desktop\libcore\libcoreArduinoUno.a(wiring.c.o)
                0x008001a8                timer0_overflow_count
 *(COMMON)
                0x008001ac                PROVIDE (__bss_end, .)
                0x00000d30                __data_load_start = LOADADDR (.data)
                0x00000d70                __data_load_end = (__data_load_start + SIZEOF (.data))

.noinit         0x008001ac        0x0
                [!provide]                PROVIDE (__noinit_start, .)
 *(.noinit*)
                [!provide]                PROVIDE (__noinit_end, .)
                0x008001ac                _end = .
                [!provide]                PROVIDE (__heap_start, .)

.eeprom         0x00810000        0x0
 *(.eeprom*)
                0x00810000                __eeprom_end = .

.fuse
 *(.fuse)
 *(.lfuse)
 *(.hfuse)
 *(.efuse)

.lock
 *(.lock*)

.signature
 *(.signature*)

.user_signatures
 *(.user_signatures*)

.stab
 *(.stab)

.stabstr
 *(.stabstr)

.stab.excl
 *(.stab.excl)

.stab.exclstr
 *(.stab.exclstr)

.stab.index
 *(.stab.index)

.stab.indexstr
 *(.stab.indexstr)

.comment        0x00000000       0x41
 *(.comment)
 .comment       0x00000000       0x30 critical.o
                                 0x31 (size before relaxing)
 .comment       0x00000030       0x31 sensor.o
 .comment       0x00000030       0x31 teclado.o
 .comment       0x00000030       0x31 adc.o
 .comment       0x00000030       0x31 fnqueue.o
 .comment       0x00000030       0x31 LiquidCrystal.o
 .comment       0x00000030       0x31 main.o
 .comment       0x00000030       0x11 C:\Users\Lucio\Desktop\libcore\libcoreArduinoUno.a(wiring.c.o)
                                 0x12 (size before relaxing)
 .comment       0x00000041       0x12 C:\Users\Lucio\Desktop\libcore\libcoreArduinoUno.a(wiring_digital.c.o)
 .comment       0x00000041       0x12 C:\Users\Lucio\Desktop\libcore\libcoreArduinoUno.a(main.cpp.o)
 .comment       0x00000041       0x12 C:\Users\Lucio\Desktop\libcore\libcoreArduinoUno.a(Print.cpp.o)

.note.gnu.avr.deviceinfo
                0x00000000       0x40
 .note.gnu.avr.deviceinfo
                0x00000000       0x40 C:/Program Files (x86)/Atmel/Studio/7.0/Packs/atmel/ATmega_DFP/1.2.209/gcc/dev/atmega328p/avr5/crtatmega328p.o

.note.gnu.build-id
 *(.note.gnu.build-id)

.debug
 *(.debug)

.line
 *(.line)

.debug_srcinfo
 *(.debug_srcinfo)

.debug_sfnames
 *(.debug_sfnames)

.debug_aranges  0x00000000      0x460
 *(.debug_aranges)
 .debug_aranges
                0x00000000       0x28 critical.o
 .debug_aranges
                0x00000028       0x30 sensor.o
 .debug_aranges
                0x00000058       0x40 teclado.o
 .debug_aranges
                0x00000098       0x28 adc.o
 .debug_aranges
                0x000000c0       0x30 fnqueue.o
 .debug_aranges
                0x000000f0      0x108 LiquidCrystal.o
 .debug_aranges
                0x000001f8       0xc8 main.o
 .debug_aranges
                0x000002c0       0x48 C:\Users\Lucio\Desktop\libcore\libcoreArduinoUno.a(wiring.c.o)
 .debug_aranges
                0x00000308       0x38 C:\Users\Lucio\Desktop\libcore\libcoreArduinoUno.a(wiring_digital.c.o)
 .debug_aranges
                0x00000340       0x30 C:\Users\Lucio\Desktop\libcore\libcoreArduinoUno.a(main.cpp.o)
 .debug_aranges
                0x00000370       0xf0 C:\Users\Lucio\Desktop\libcore\libcoreArduinoUno.a(Print.cpp.o)

.debug_pubnames
 *(.debug_pubnames)

.debug_info     0x00000000     0x68aa
 *(.debug_info .gnu.linkonce.wi.*)
 .debug_info    0x00000000      0x5f4 C:/Program Files (x86)/Atmel/Studio/7.0/Packs/atmel/ATmega_DFP/1.2.209/gcc/dev/atmega328p/avr5/crtatmega328p.o
 .debug_info    0x000005f4       0xd9 critical.o
 .debug_info    0x000006cd      0x18e sensor.o
 .debug_info    0x0000085b      0x2bd teclado.o
 .debug_info    0x00000b18      0x1fd adc.o
 .debug_info    0x00000d15      0x1b8 fnqueue.o
 .debug_info    0x00000ecd     0x1e89 LiquidCrystal.o
 .debug_info    0x00002d56      0xa20 main.o
 .debug_info    0x00003776      0x2c2 C:\Users\Lucio\Desktop\libcore\libcoreArduinoUno.a(wiring.c.o)
 .debug_info    0x00003a38      0x5f1 C:\Users\Lucio\Desktop\libcore\libcoreArduinoUno.a(wiring_digital.c.o)
 .debug_info    0x00004029      0x1f0 C:\Users\Lucio\Desktop\libcore\libcoreArduinoUno.a(main.cpp.o)
 .debug_info    0x00004219     0x2691 C:\Users\Lucio\Desktop\libcore\libcoreArduinoUno.a(Print.cpp.o)

.debug_abbrev   0x00000000     0x174c
 *(.debug_abbrev)
 .debug_abbrev  0x00000000      0x5a2 C:/Program Files (x86)/Atmel/Studio/7.0/Packs/atmel/ATmega_DFP/1.2.209/gcc/dev/atmega328p/avr5/crtatmega328p.o
 .debug_abbrev  0x000005a2       0x6a critical.o
 .debug_abbrev  0x0000060c       0xe8 sensor.o
 .debug_abbrev  0x000006f4      0x16b teclado.o
 .debug_abbrev  0x0000085f       0xe6 adc.o
 .debug_abbrev  0x00000945       0xfb fnqueue.o
 .debug_abbrev  0x00000a40      0x35e LiquidCrystal.o
 .debug_abbrev  0x00000d9e      0x20d main.o
 .debug_abbrev  0x00000fab      0x143 C:\Users\Lucio\Desktop\libcore\libcoreArduinoUno.a(wiring.c.o)
 .debug_abbrev  0x000010ee      0x162 C:\Users\Lucio\Desktop\libcore\libcoreArduinoUno.a(wiring_digital.c.o)
 .debug_abbrev  0x00001250       0xd7 C:\Users\Lucio\Desktop\libcore\libcoreArduinoUno.a(main.cpp.o)
 .debug_abbrev  0x00001327      0x425 C:\Users\Lucio\Desktop\libcore\libcoreArduinoUno.a(Print.cpp.o)

.debug_line     0x00000000     0x1ff8
 *(.debug_line .debug_line.* .debug_line_end)
 .debug_line    0x00000000      0x133 C:/Program Files (x86)/Atmel/Studio/7.0/Packs/atmel/ATmega_DFP/1.2.209/gcc/dev/atmega328p/avr5/crtatmega328p.o
 .debug_line    0x00000133      0x11f critical.o
 .debug_line    0x00000252      0x15f sensor.o
 .debug_line    0x000003b1      0x1ed teclado.o
 .debug_line    0x0000059e      0x1bb adc.o
 .debug_line    0x00000759      0x1a6 fnqueue.o
 .debug_line    0x000008ff      0x93c LiquidCrystal.o
 .debug_line    0x0000123b      0x49b main.o
 .debug_line    0x000016d6      0x1d3 C:\Users\Lucio\Desktop\libcore\libcoreArduinoUno.a(wiring.c.o)
 .debug_line    0x000018a9      0x199 C:\Users\Lucio\Desktop\libcore\libcoreArduinoUno.a(wiring_digital.c.o)
 .debug_line    0x00001a42      0x16b C:\Users\Lucio\Desktop\libcore\libcoreArduinoUno.a(main.cpp.o)
 .debug_line    0x00001bad      0x44b C:\Users\Lucio\Desktop\libcore\libcoreArduinoUno.a(Print.cpp.o)

.debug_frame    0x00000000      0xb94
 *(.debug_frame)
 .debug_frame   0x00000000       0x34 critical.o
 .debug_frame   0x00000034       0x44 sensor.o
 .debug_frame   0x00000078       0x70 teclado.o
 .debug_frame   0x000000e8       0x40 adc.o
 .debug_frame   0x00000128       0x50 fnqueue.o
 .debug_frame   0x00000178      0x358 LiquidCrystal.o
 .debug_frame   0x000004d0      0x184 main.o
 .debug_frame   0x00000654       0xbc C:\Users\Lucio\Desktop\libcore\libcoreArduinoUno.a(wiring.c.o)
 .debug_frame   0x00000710       0x88 C:\Users\Lucio\Desktop\libcore\libcoreArduinoUno.a(wiring_digital.c.o)
 .debug_frame   0x00000798       0x44 C:\Users\Lucio\Desktop\libcore\libcoreArduinoUno.a(main.cpp.o)
 .debug_frame   0x000007dc      0x3b8 C:\Users\Lucio\Desktop\libcore\libcoreArduinoUno.a(Print.cpp.o)

.debug_str      0x00000000     0x2071
 *(.debug_str)
 .debug_str     0x00000000      0x208 C:/Program Files (x86)/Atmel/Studio/7.0/Packs/atmel/ATmega_DFP/1.2.209/gcc/dev/atmega328p/avr5/crtatmega328p.o
 .debug_str     0x00000208      0x1d7 critical.o
                                0x20b (size before relaxing)
 .debug_str     0x000003df       0xe9 sensor.o
                                0x295 (size before relaxing)
 .debug_str     0x000004c8      0x146 teclado.o
                                0x359 (size before relaxing)
 .debug_str     0x0000060e       0x97 adc.o
                                0x263 (size before relaxing)
 .debug_str     0x000006a5       0x8c fnqueue.o
                                0x2a8 (size before relaxing)
 .debug_str     0x00000731      0x6a7 LiquidCrystal.o
                                0x8cc (size before relaxing)
 .debug_str     0x00000dd8      0x34b main.o
                                0x6a0 (size before relaxing)
 .debug_str     0x00001123       0xf8 C:\Users\Lucio\Desktop\libcore\libcoreArduinoUno.a(wiring.c.o)
                                0x19d (size before relaxing)
 .debug_str     0x0000121b      0x10b C:\Users\Lucio\Desktop\libcore\libcoreArduinoUno.a(wiring_digital.c.o)
                                0x20b (size before relaxing)
 .debug_str     0x00001326      0x13e C:\Users\Lucio\Desktop\libcore\libcoreArduinoUno.a(main.cpp.o)
                                0x1f1 (size before relaxing)
 .debug_str     0x00001464      0xc0d C:\Users\Lucio\Desktop\libcore\libcoreArduinoUno.a(Print.cpp.o)
                                0xe22 (size before relaxing)

.debug_loc      0x00000000     0x4766
 *(.debug_loc)
 .debug_loc     0x00000000       0xfb teclado.o
 .debug_loc     0x000000fb       0x55 adc.o
 .debug_loc     0x00000150       0xc3 fnqueue.o
 .debug_loc     0x00000213     0x1d65 LiquidCrystal.o
 .debug_loc     0x00001f78       0x99 main.o
 .debug_loc     0x00002011      0x22b C:\Users\Lucio\Desktop\libcore\libcoreArduinoUno.a(wiring.c.o)
 .debug_loc     0x0000223c      0x617 C:\Users\Lucio\Desktop\libcore\libcoreArduinoUno.a(wiring_digital.c.o)
 .debug_loc     0x00002853       0x26 C:\Users\Lucio\Desktop\libcore\libcoreArduinoUno.a(main.cpp.o)
 .debug_loc     0x00002879     0x1eed C:\Users\Lucio\Desktop\libcore\libcoreArduinoUno.a(Print.cpp.o)

.debug_macinfo
 *(.debug_macinfo)

.debug_weaknames
 *(.debug_weaknames)

.debug_funcnames
 *(.debug_funcnames)

.debug_typenames
 *(.debug_typenames)

.debug_varnames
 *(.debug_varnames)

.debug_pubtypes
 *(.debug_pubtypes)

.debug_ranges   0x00000000      0x428
 *(.debug_ranges)
 .debug_ranges  0x00000000       0x18 critical.o
 .debug_ranges  0x00000018       0x20 sensor.o
 .debug_ranges  0x00000038       0x30 teclado.o
 .debug_ranges  0x00000068       0x18 adc.o
 .debug_ranges  0x00000080       0x20 fnqueue.o
 .debug_ranges  0x000000a0       0xf8 LiquidCrystal.o
 .debug_ranges  0x00000198       0xb8 main.o
 .debug_ranges  0x00000250       0x38 C:\Users\Lucio\Desktop\libcore\libcoreArduinoUno.a(wiring.c.o)
 .debug_ranges  0x00000288       0x40 C:\Users\Lucio\Desktop\libcore\libcoreArduinoUno.a(wiring_digital.c.o)
 .debug_ranges  0x000002c8       0x20 C:\Users\Lucio\Desktop\libcore\libcoreArduinoUno.a(main.cpp.o)
 .debug_ranges  0x000002e8      0x140 C:\Users\Lucio\Desktop\libcore\libcoreArduinoUno.a(Print.cpp.o)

.debug_macro
 *(.debug_macro)
OUTPUT(GccApplication1.elf elf32-avr)
LOAD linker stubs
